Archive member included to satisfy reference by file (symbol)

/opt/st/stm32cubeide_2.0.0/plugins/com.st.stm32cube.ide.mcu.externaltools.gnu-tools-for-stm32.13.3.rel1.linux64_1.0.100.202509120712/tools/bin/../lib/gcc/arm-none-eabi/13.3.1/../../../../arm-none-eabi/lib/thumb/v7e-m+fp/hard/libc_nano.a(libc_a-exit.o)
                              /opt/st/stm32cubeide_2.0.0/plugins/com.st.stm32cube.ide.mcu.externaltools.gnu-tools-for-stm32.13.3.rel1.linux64_1.0.100.202509120712/tools/bin/../lib/gcc/arm-none-eabi/13.3.1/../../../../arm-none-eabi/lib/thumb/v7e-m+fp/hard/crt0.o (exit)
/opt/st/stm32cubeide_2.0.0/plugins/com.st.stm32cube.ide.mcu.externaltools.gnu-tools-for-stm32.13.3.rel1.linux64_1.0.100.202509120712/tools/bin/../lib/gcc/arm-none-eabi/13.3.1/../../../../arm-none-eabi/lib/thumb/v7e-m+fp/hard/libc_nano.a(libc_a-findfp.o)
                              ./Middlewares/Third_Party/FreeRTOS/Source/tasks.o (__sf)
/opt/st/stm32cubeide_2.0.0/plugins/com.st.stm32cube.ide.mcu.externaltools.gnu-tools-for-stm32.13.3.rel1.linux64_1.0.100.202509120712/tools/bin/../lib/gcc/arm-none-eabi/13.3.1/../../../../arm-none-eabi/lib/thumb/v7e-m+fp/hard/libc_nano.a(libc_a-fwalk.o)
                              /opt/st/stm32cubeide_2.0.0/plugins/com.st.stm32cube.ide.mcu.externaltools.gnu-tools-for-stm32.13.3.rel1.linux64_1.0.100.202509120712/tools/bin/../lib/gcc/arm-none-eabi/13.3.1/../../../../arm-none-eabi/lib/thumb/v7e-m+fp/hard/libc_nano.a(libc_a-findfp.o) (_fwalk_sglue)
/opt/st/stm32cubeide_2.0.0/plugins/com.st.stm32cube.ide.mcu.externaltools.gnu-tools-for-stm32.13.3.rel1.linux64_1.0.100.202509120712/tools/bin/../lib/gcc/arm-none-eabi/13.3.1/../../../../arm-none-eabi/lib/thumb/v7e-m+fp/hard/libc_nano.a(libc_a-stdio.o)
                              /opt/st/stm32cubeide_2.0.0/plugins/com.st.stm32cube.ide.mcu.externaltools.gnu-tools-for-stm32.13.3.rel1.linux64_1.0.100.202509120712/tools/bin/../lib/gcc/arm-none-eabi/13.3.1/../../../../arm-none-eabi/lib/thumb/v7e-m+fp/hard/libc_nano.a(libc_a-findfp.o) (__sread)
/opt/st/stm32cubeide_2.0.0/plugins/com.st.stm32cube.ide.mcu.externaltools.gnu-tools-for-stm32.13.3.rel1.linux64_1.0.100.202509120712/tools/bin/../lib/gcc/arm-none-eabi/13.3.1/../../../../arm-none-eabi/lib/thumb/v7e-m+fp/hard/libc_nano.a(libc_a-memset.o)
                              /opt/st/stm32cubeide_2.0.0/plugins/com.st.stm32cube.ide.mcu.externaltools.gnu-tools-for-stm32.13.3.rel1.linux64_1.0.100.202509120712/tools/bin/../lib/gcc/arm-none-eabi/13.3.1/../../../../arm-none-eabi/lib/thumb/v7e-m+fp/hard/crt0.o (memset)
/opt/st/stm32cubeide_2.0.0/plugins/com.st.stm32cube.ide.mcu.externaltools.gnu-tools-for-stm32.13.3.rel1.linux64_1.0.100.202509120712/tools/bin/../lib/gcc/arm-none-eabi/13.3.1/../../../../arm-none-eabi/lib/thumb/v7e-m+fp/hard/libc_nano.a(libc_a-closer.o)
                              /opt/st/stm32cubeide_2.0.0/plugins/com.st.stm32cube.ide.mcu.externaltools.gnu-tools-for-stm32.13.3.rel1.linux64_1.0.100.202509120712/tools/bin/../lib/gcc/arm-none-eabi/13.3.1/../../../../arm-none-eabi/lib/thumb/v7e-m+fp/hard/libc_nano.a(libc_a-stdio.o) (_close_r)
/opt/st/stm32cubeide_2.0.0/plugins/com.st.stm32cube.ide.mcu.externaltools.gnu-tools-for-stm32.13.3.rel1.linux64_1.0.100.202509120712/tools/bin/../lib/gcc/arm-none-eabi/13.3.1/../../../../arm-none-eabi/lib/thumb/v7e-m+fp/hard/libc_nano.a(libc_a-reent.o)
                              ./Middlewares/Third_Party/FreeRTOS/Source/tasks.o (_reclaim_reent)
/opt/st/stm32cubeide_2.0.0/plugins/com.st.stm32cube.ide.mcu.externaltools.gnu-tools-for-stm32.13.3.rel1.linux64_1.0.100.202509120712/tools/bin/../lib/gcc/arm-none-eabi/13.3.1/../../../../arm-none-eabi/lib/thumb/v7e-m+fp/hard/libc_nano.a(libc_a-impure.o)
                              ./Middlewares/Third_Party/FreeRTOS/Source/tasks.o (_impure_ptr)
/opt/st/stm32cubeide_2.0.0/plugins/com.st.stm32cube.ide.mcu.externaltools.gnu-tools-for-stm32.13.3.rel1.linux64_1.0.100.202509120712/tools/bin/../lib/gcc/arm-none-eabi/13.3.1/../../../../arm-none-eabi/lib/thumb/v7e-m+fp/hard/libc_nano.a(libc_a-lseekr.o)
                              /opt/st/stm32cubeide_2.0.0/plugins/com.st.stm32cube.ide.mcu.externaltools.gnu-tools-for-stm32.13.3.rel1.linux64_1.0.100.202509120712/tools/bin/../lib/gcc/arm-none-eabi/13.3.1/../../../../arm-none-eabi/lib/thumb/v7e-m+fp/hard/libc_nano.a(libc_a-stdio.o) (_lseek_r)
/opt/st/stm32cubeide_2.0.0/plugins/com.st.stm32cube.ide.mcu.externaltools.gnu-tools-for-stm32.13.3.rel1.linux64_1.0.100.202509120712/tools/bin/../lib/gcc/arm-none-eabi/13.3.1/../../../../arm-none-eabi/lib/thumb/v7e-m+fp/hard/libc_nano.a(libc_a-readr.o)
                              /opt/st/stm32cubeide_2.0.0/plugins/com.st.stm32cube.ide.mcu.externaltools.gnu-tools-for-stm32.13.3.rel1.linux64_1.0.100.202509120712/tools/bin/../lib/gcc/arm-none-eabi/13.3.1/../../../../arm-none-eabi/lib/thumb/v7e-m+fp/hard/libc_nano.a(libc_a-stdio.o) (_read_r)
[...]
Memory Configuration

Name             Origin             Length             Attributes
RAM              0x20000000         0x00020000         xrw
FLASH            0x08000000         0x00080000         xr
*default*        0x00000000         0xffffffff

Linker script and memory map

LOAD /opt/st/stm32cubeide_2.0.0/plugins/com.st.stm32cube.ide.mcu.externaltools.gnu-tools-for-stm32.13.3.rel1.linux64_1.0.100.202509120712/tools/bin/../lib/gcc/arm-none-eabi/13.3.1/thumb/v7e-m+fp/hard/crti.o
LOAD /opt/st/stm32cubeide_2.0.0/plugins/com.st.stm32cube.ide.mcu.externaltools.gnu-tools-for-stm32.13.3.rel1.linux64_1.0.100.202509120712/tools/bin/../lib/gcc/arm-none-eabi/13.3.1/thumb/v7e-m+fp/hard/crtbegin.o
LOAD /opt/st/stm32cubeide_2.0.0/plugins/com.st.stm32cube.ide.mcu.externaltools.gnu-tools-for-stm32.13.3.rel1.linux64_1.0.100.202509120712/tools/bin/../lib/gcc/arm-none-eabi/13.3.1/../../../../arm-none-eabi/lib/thumb/v7e-m+fp/hard/crt0.o
LOAD ./Core/Src/AS726X.o
LOAD ./Core/Src/Adafruit_TCS34725.o
LOAD ./Core/Src/MY_ILI9341.o
LOAD ./Core/Src/SD_SPI.o
LOAD ./Core/Src/SD_SPI_+_ILI9341.o
LOAD ./Core/Src/TwoWire.o
LOAD ./Core/Src/Wire.o
LOAD ./Core/Src/freertos.o
LOAD ./Core/Src/main.o
LOAD ./Core/Src/stm32f4xx_hal_msp.o
LOAD ./Core/Src/stm32f4xx_hal_timebase_tim.o
LOAD ./Core/Src/stm32f4xx_it.o
LOAD ./Core/Src/syscalls.o
LOAD ./Core/Src/sysmem.o
LOAD ./Core/Src/system_stm32f4xx.o
LOAD ./Core/Startup/startup_stm32f446retx.o
LOAD ./Drivers/STM32F4xx_HAL_Driver/Src/stm32f4xx_hal.o
LOAD ./Drivers/STM32F4xx_HAL_Driver/Src/stm32f4xx_hal_adc.o
LOAD ./Drivers/STM32F4xx_HAL_Driver/Src/stm32f4xx_hal_adc_ex.o
LOAD ./Drivers/STM32F4xx_HAL_Driver/Src/stm32f4xx_hal_cortex.o
LOAD ./Drivers/STM32F4xx_HAL_Driver/Src/stm32f4xx_hal_dma.o
LOAD ./Drivers/STM32F4xx_HAL_Driver/Src/stm32f4xx_hal_dma_ex.o
LOAD ./Drivers/STM32F4xx_HAL_Driver/Src/stm32f4xx_hal_exti.o
LOAD ./Drivers/STM32F4xx_HAL_Driver/Src/stm32f4xx_hal_flash.o
LOAD ./Drivers/STM32F4xx_HAL_Driver/Src/stm32f4xx_hal_flash_ex.o
LOAD ./Drivers/STM32F4xx_HAL_Driver/Src/stm32f4xx_hal_flash_ramfunc.o
LOAD ./Drivers/STM32F4xx_HAL_Driver/Src/stm32f4xx_hal_gpio.o
LOAD ./Drivers/STM32F4xx_HAL_Driver/Src/stm32f4xx_hal_i2c.o
LOAD ./Drivers/STM32F4xx_HAL_Driver/Src/stm32f4xx_hal_i2c_ex.o
LOAD ./Drivers/STM32F4xx_HAL_Driver/Src/stm32f4xx_hal_pcd.o
LOAD ./Drivers/STM32F4xx_HAL_Driver/Src/stm32f4xx_hal_pcd_ex.o
LOAD ./Drivers/STM32F4xx_HAL_Driver/Src/stm32f4xx_hal_pwr.o
LOAD ./Drivers/STM32F4xx_HAL_Driver/Src/stm32f4xx_hal_pwr_ex.o
LOAD ./Drivers/STM32F4xx_HAL_Driver/Src/stm32f4xx_hal_rcc.o
LOAD ./Drivers/STM32F4xx_HAL_Driver/Src/stm32f4xx_hal_rcc_ex.o
LOAD ./Drivers/STM32F4xx_HAL_Driver/Src/stm32f4xx_hal_spi.o
LOAD ./Drivers/STM32F4xx_HAL_Driver/Src/stm32f4xx_hal_tim.o
LOAD ./Drivers/STM32F4xx_HAL_Driver/Src/stm32f4xx_hal_tim_ex.o
LOAD ./Drivers/STM32F4xx_HAL_Driver/Src/stm32f4xx_ll_adc.o
LOAD ./Drivers/STM32F4xx_HAL_Driver/Src/stm32f4xx_ll_usb.o
LOAD ./Middlewares/ST/STM32_USB_Device_Library/Class/CustomHID/Src/usbd_customhid.o
LOAD ./Middlewares/ST/STM32_USB_Device_Library/Core/Src/usbd_core.o
LOAD ./Middlewares/ST/STM32_USB_Device_Library/Core/Src/usbd_ctlreq.o
LOAD ./Middlewares/ST/STM32_USB_Device_Library/Core/Src/usbd_ioreq.o
LOAD ./Middlewares/Third_Party/FreeRTOS/Source/CMSIS_RTOS/cmsis_os.o
LOAD ./Middlewares/Third_Party/FreeRTOS/Source/croutine.o
LOAD ./Middlewares/Third_Party/FreeRTOS/Source/event_groups.o
LOAD ./Middlewares/Third_Party/FreeRTOS/Source/list.o
LOAD ./Middlewares/Third_Party/FreeRTOS/Source/queue.o
LOAD ./Middlewares/Third_Party/FreeRTOS/Source/stream_buffer.o
LOAD ./Middlewares/Third_Party/FreeRTOS/Source/tasks.o
LOAD ./Middlewares/Third_Party/FreeRTOS/Source/timers.o
LOAD ./Middlewares/Third_Party/FreeRTOS/Source/portable/GCC/ARM_CM4F/port.o
LOAD ./Middlewares/Third_Party/FreeRTOS/Source/portable/MemMang/heap_4.o
LOAD ./USB_DEVICE/App/usb_device.o
LOAD ./USB_DEVICE/App/usbd_custom_hid_if.o
LOAD ./USB_DEVICE/App/usbd_desc.o
LOAD ./USB_DEVICE/Target/usbd_conf.o
START GROUP
LOAD /opt/st/stm32cubeide_2.0.0/plugins/com.st.stm32cube.ide.mcu.externaltools.gnu-tools-for-stm32.13.3.rel1.linux64_1.0.100.202509120712/tools/bin/../lib/gcc/arm-none-eabi/13.3.1/../../../../arm-none-eabi/lib/thumb/v7e-m+fp/hard/libc_nano.a
LOAD /opt/st/stm32cubeide_2.0.0/plugins/com.st.stm32cube.ide.mcu.externaltools.gnu-tools-for-stm32.13.3.rel1.linux64_1.0.100.202509120712/tools/bin/../lib/gcc/arm-none-eabi/13.3.1/../../../../arm-none-eabi/lib/thumb/v7e-m+fp/hard/libm.a
END GROUP
START GROUP
LOAD /opt/st/stm32cubeide_2.0.0/plugins/com.st.stm32cube.ide.mcu.externaltools.gnu-tools-for-stm32.13.3.rel1.linux64_1.0.100.202509120712/tools/bin/../lib/gcc/arm-none-eabi/13.3.1/thumb/v7e-m+fp/hard/libgcc.a
LOAD /opt/st/stm32cubeide_2.0.0/plugins/com.st.stm32cube.ide.mcu.externaltools.gnu-tools-for-stm32.13.3.rel1.linux64_1.0.100.202509120712/tools/bin/../lib/gcc/arm-none-eabi/13.3.1/../../../../arm-none-eabi/lib/thumb/v7e-m+fp/hard/libc_nano.a
END GROUP
START GROUP
LOAD /opt/st/stm32cubeide_2.0.0/plugins/com.st.stm32cube.ide.mcu.externaltools.gnu-tools-for-stm32.13.3.rel1.linux64_1.0.100.202509120712/tools/bin/../lib/gcc/arm-none-eabi/13.3.1/thumb/v7e-m+fp/hard/libgcc.a
LOAD /opt/st/stm32cubeide_2.0.0/plugins/com.st.stm32cube.ide.mcu.externaltools.gnu-tools-for-stm32.13.3.rel1.linux64_1.0.100.202509120712/tools/bin/../lib/gcc/arm-none-eabi/13.3.1/../../../../arm-none-eabi/lib/thumb/v7e-m+fp/hard/libc_nano.a
LOAD /opt/st/stm32cubeide_2.0.0/plugins/com.st.stm32cube.ide.mcu.externaltools.gnu-tools-for-stm32.13.3.rel1.linux64_1.0.100.202509120712/tools/bin/../lib/gcc/arm-none-eabi/13.3.1/../../../../arm-none-eabi/lib/thumb/v7e-m+fp/hard/libnosys.a
END GROUP
START GROUP
LOAD /opt/st/stm32cubeide_2.0.0/plugins/com.st.stm32cube.ide.mcu.externaltools.gnu-tools-for-stm32.13.3.rel1.linux64_1.0.100.202509120712/tools/bin/../lib/gcc/arm-none-eabi/13.3.1/thumb/v7e-m+fp/hard/libgcc.a
LOAD /opt/st/stm32cubeide_2.0.0/plugins/com.st.stm32cube.ide.mcu.externaltools.gnu-tools-for-stm32.13.3.rel1.linux64_1.0.100.202509120712/tools/bin/../lib/gcc/arm-none-eabi/13.3.1/../../../../arm-none-eabi/lib/thumb/v7e-m+fp/hard/libc_nano.a
LOAD /opt/st/stm32cubeide_2.0.0/plugins/com.st.stm32cube.ide.mcu.externaltools.gnu-tools-for-stm32.13.3.rel1.linux64_1.0.100.202509120712/tools/bin/../lib/gcc/arm-none-eabi/13.3.1/../../../../arm-none-eabi/lib/thumb/v7e-m+fp/hard/libnosys.a
END GROUP
LOAD /opt/st/stm32cubeide_2.0.0/plugins/com.st.stm32cube.ide.mcu.externaltools.gnu-tools-for-stm32.13.3.rel1.linux64_1.0.100.202509120712/tools/bin/../lib/gcc/arm-none-eabi/13.3.1/thumb/v7e-m+fp/hard/crtend.o
LOAD /opt/st/stm32cubeide_2.0.0/plugins/com.st.stm32cube.ide.mcu.externaltools.gnu-tools-for-stm32.13.3.rel1.linux64_1.0.100.202509120712/tools/bin/../lib/gcc/arm-none-eabi/13.3.1/thumb/v7e-m+fp/hard/crtn.o
                0x20020000                        _estack = (ORIGIN (RAM) + LENGTH (RAM))
                0x00000200                        _Min_Heap_Size = 0x200
                0x00000400                        _Min_Stack_Size = 0x400

.isr_vector     0x08000000      0x1c4
                0x08000000                        . = ALIGN (0x4)
 *(.isr_vector)
 .isr_vector    0x08000000      0x1c4 ./Core/Startup/startup_stm32f446retx.o
                0x08000000                g_pfnVectors
                0x080001c4                        . = ALIGN (0x4)

.text           0x080001d0     0x8258
                0x080001d0                        . = ALIGN (0x4)
 *(.text)
 .text          0x080001d0       0x40 /opt/st/stm32cubeide_2.0.0/plugins/com.st.stm32cube.ide.mcu.externaltools.gnu-tools-for-stm32.13.3.rel1.linux64_1.0.100.202509120712/tools/bin/../lib/gcc/arm-none-eabi/13.3.1/thumb/v7e-m+fp/hard/crtbegin.o
 .text          0x08000210       0x30 /opt/st/stm32cubeide_2.0.0/plugins/com.st.stm32cube.ide.mcu.externaltools.gnu-tools-for-stm32.13.3.rel1.linux64_1.0.100.202509120712/tools/bin/../lib/gcc/arm-none-eabi/13.3.1/thumb/v7e-m+fp/hard/libgcc.a(_aeabi_uldivmod.o)
                0x08000210                __aeabi_uldivmod
 .text          0x08000240      0x2f8 /opt/st/stm32cubeide_2.0.0/plugins/com.st.stm32cube.ide.mcu.externaltools.gnu-tools-for-stm32.13.3.rel1.linux64_1.0.100.202509120712/tools/bin/../lib/gcc/arm-none-eabi/13.3.1/thumb/v7e-m+fp/hard/libgcc.a(_udivmoddi4.o)
                0x08000240                __udivmoddi4
 .text          0x08000538        0x4 /opt/st/stm32cubeide_2.0.0/plugins/com.st.stm32cube.ide.mcu.externaltools.gnu-tools-for-stm32.13.3.rel1.linux64_1.0.100.202509120712/tools/bin/../lib/gcc/arm-none-eabi/13.3.1/thumb/v7e-m+fp/hard/libgcc.a(_dvmd_tls.o)
                0x08000538                __aeabi_ldiv0
                0x08000538                __aeabi_idiv0
 *(.text*)
 .text.WS2812_setColor
                0x0800053c       0xde ./Core/Src/main.o
                0x0800053c                WS2812_setColor
 *fill*         0x0800061a        0x2 
 .text.WS2812_sendProtocol
                0x0800061c       0x74 ./Core/Src/main.o
                0x0800061c                WS2812_sendProtocol
 .text.WS2812_loadLeds
                0x08000690       0x40 ./Core/Src/main.o
                0x08000690                WS2812_loadLeds
 .text.WS2812_changeColor
                0x080006d0      0x344 ./Core/Src/main.o
                0x080006d0                WS2812_changeColor
 .text.main     0x08000a14      0x110 ./Core/Src/main.o
                0x08000a14                main
 .text.SystemClock_Config
                0x08000b24       0xd8 ./Core/Src/main.o
                0x08000b24                SystemClock_Config
 .text.MX_ADC1_Init
                0x08000bfc       0xa4 ./Core/Src/main.o
 .text.MX_I2C3_Init
                0x08000ca0       0x5c ./Core/Src/main.o
 .text.MX_SPI1_Init
                0x08000cfc       0x6c ./Core/Src/main.o
 .text.MX_SPI2_Init
                0x08000d68       0x6c ./Core/Src/main.o
 .text.MX_TIM2_Init
                0x08000dd4       0x9c ./Core/Src/main.o
 .text.MX_TIM3_Init
                0x08000e70       0xf0 ./Core/Src/main.o
 .text.MX_DMA_Init
                0x08000f60       0x7c ./Core/Src/main.o
 .text.MX_GPIO_Init
                0x08000fdc      0x160 ./Core/Src/main.o
 .text.HAL_TIM_PeriodElapsedCallback
                0x0800113c       0x24 ./Core/Src/main.o
                0x0800113c                HAL_TIM_PeriodElapsedCallback
 .text.Error_Handler
                0x08001160        0xc ./Core/Src/main.o
                0x08001160                Error_Handler
 .text.HAL_MspInit
                0x0800116c       0x58 ./Core/Src/stm32f4xx_hal_msp.o
                0x0800116c                HAL_MspInit
 .text.HAL_ADC_MspInit
                0x080011c4       0x88 ./Core/Src/stm32f4xx_hal_msp.o
                0x080011c4                HAL_ADC_MspInit
 .text.HAL_I2C_MspInit
                0x0800124c       0xd0 ./Core/Src/stm32f4xx_hal_msp.o
                0x0800124c                HAL_I2C_MspInit
 .text.HAL_SPI_MspInit
                0x0800131c      0x228 ./Core/Src/stm32f4xx_hal_msp.o
                0x0800131c                HAL_SPI_MspInit
 .text.HAL_TIM_Base_MspInit
                0x08001544       0x6c ./Core/Src/stm32f4xx_hal_msp.o
                0x08001544                HAL_TIM_Base_MspInit
 .text.HAL_TIM_MspPostInit
                0x080015b0       0x74 ./Core/Src/stm32f4xx_hal_msp.o
                0x080015b0                HAL_TIM_MspPostInit
 .text.HAL_InitTick
                0x08001624       0xe8 ./Core/Src/stm32f4xx_hal_timebase_tim.o
                0x08001624                HAL_InitTick
 .text.NMI_Handler
                0x0800170c        0x8 ./Core/Src/stm32f4xx_it.o
                0x0800170c                NMI_Handler
 .text.HardFault_Handler
                0x08001714        0x8 ./Core/Src/stm32f4xx_it.o
                0x08001714                HardFault_Handler
 .text.MemManage_Handler
                0x0800171c        0x8 ./Core/Src/stm32f4xx_it.o
                0x0800171c                MemManage_Handler
 .text.BusFault_Handler
                0x08001724        0x8 ./Core/Src/stm32f4xx_it.o
                0x08001724                BusFault_Handler
 .text.UsageFault_Handler
                0x0800172c        0x8 ./Core/Src/stm32f4xx_it.o
                0x0800172c                UsageFault_Handler
 .text.DebugMon_Handler
                0x08001734        0xe ./Core/Src/stm32f4xx_it.o
                0x08001734                DebugMon_Handler
 *fill*         0x08001742        0x2 
 .text.DMA1_Stream3_IRQHandler
                0x08001744       0x14 ./Core/Src/stm32f4xx_it.o
                0x08001744                DMA1_Stream3_IRQHandler
 .text.DMA1_Stream4_IRQHandler
                0x08001758       0x14 ./Core/Src/stm32f4xx_it.o
                0x08001758                DMA1_Stream4_IRQHandler
 .text.TIM1_UP_TIM10_IRQHandler
                0x0800176c       0x14 ./Core/Src/stm32f4xx_it.o
                0x0800176c                TIM1_UP_TIM10_IRQHandler
 .text.DMA2_Stream3_IRQHandler
                0x08001780       0x14 ./Core/Src/stm32f4xx_it.o
                0x08001780                DMA2_Stream3_IRQHandler
 .text.OTG_FS_IRQHandler
                0x08001794       0x14 ./Core/Src/stm32f4xx_it.o
                0x08001794                OTG_FS_IRQHandler
 .text.SystemInit
                0x080017a8       0x24 ./Core/Src/system_stm32f4xx.o
                0x080017a8                SystemInit
 .text.Reset_Handler
                0x080017cc       0x50 ./Core/Startup/startup_stm32f446retx.o
                0x080017cc                Reset_Handler
 .text.Default_Handler
                0x0800181c        0x2 ./Core/Startup/startup_stm32f446retx.o
                0x0800181c                RTC_Alarm_IRQHandler
                0x0800181c                EXTI2_IRQHandler
                0x0800181c                TIM8_CC_IRQHandler
                0x0800181c                FMPI2C1_EV_IRQHandler
                0x0800181c                SPI4_IRQHandler
                0x0800181c                TIM1_CC_IRQHandler
                0x0800181c                DMA2_Stream5_IRQHandler
                0x0800181c                DMA1_Stream5_IRQHandler
                0x0800181c                PVD_IRQHandler
                0x0800181c                SDIO_IRQHandler
                0x0800181c                TAMP_STAMP_IRQHandler
                0x0800181c                CAN2_RX1_IRQHandler
                0x0800181c                EXTI3_IRQHandler
                0x0800181c                TIM8_TRG_COM_TIM14_IRQHandler
                0x0800181c                TIM8_UP_TIM13_IRQHandler
                0x0800181c                I2C3_ER_IRQHandler
                0x0800181c                EXTI0_IRQHandler
                0x0800181c                I2C2_EV_IRQHandler
                0x0800181c                DMA1_Stream2_IRQHandler
                0x0800181c                CAN1_RX0_IRQHandler
                0x0800181c                FPU_IRQHandler
                0x0800181c                OTG_HS_WKUP_IRQHandler
                0x0800181c                CAN2_SCE_IRQHandler
                0x0800181c                DMA2_Stream2_IRQHandler
                0x0800181c                SPI1_IRQHandler
                0x0800181c                TIM6_DAC_IRQHandler
                0x0800181c                TIM1_BRK_TIM9_IRQHandler
                0x0800181c                DCMI_IRQHandler
                0x0800181c                CAN2_RX0_IRQHandler
                0x0800181c                SAI2_IRQHandler
                0x0800181c                USART6_IRQHandler
                0x0800181c                USART3_IRQHandler
                0x0800181c                CAN1_RX1_IRQHandler
                0x0800181c                UART5_IRQHandler
                0x0800181c                DMA2_Stream0_IRQHandler
                0x0800181c                TIM4_IRQHandler
                0x0800181c                QUADSPI_IRQHandler
                0x0800181c                I2C1_EV_IRQHandler
                0x0800181c                DMA1_Stream6_IRQHandler
                0x0800181c                DMA1_Stream1_IRQHandler
                0x0800181c                UART4_IRQHandler
                0x0800181c                TIM3_IRQHandler
                0x0800181c                RCC_IRQHandler
                0x0800181c                TIM8_BRK_TIM12_IRQHandler
                0x0800181c                Default_Handler
                0x0800181c                CEC_IRQHandler
                0x0800181c                EXTI15_10_IRQHandler
                0x0800181c                ADC_IRQHandler
                0x0800181c                DMA1_Stream7_IRQHandler
                0x0800181c                TIM7_IRQHandler
                0x0800181c                CAN2_TX_IRQHandler
                0x0800181c                TIM5_IRQHandler
                0x0800181c                DMA2_Stream7_IRQHandler
                0x0800181c                I2C3_EV_IRQHandler
                0x0800181c                EXTI9_5_IRQHandler
                0x0800181c                RTC_WKUP_IRQHandler
                0x0800181c                SPDIF_RX_IRQHandler
                0x0800181c                SPI2_IRQHandler
                0x0800181c                OTG_HS_EP1_IN_IRQHandler
                0x0800181c                DMA1_Stream0_IRQHandler
                0x0800181c                CAN1_TX_IRQHandler
                0x0800181c                FMPI2C1_ER_IRQHandler
                0x0800181c                EXTI4_IRQHandler
                0x0800181c                OTG_HS_EP1_OUT_IRQHandler
                0x0800181c                WWDG_IRQHandler
                0x0800181c                TIM2_IRQHandler
                0x0800181c                OTG_FS_WKUP_IRQHandler
                0x0800181c                TIM1_TRG_COM_TIM11_IRQHandler
                0x0800181c                OTG_HS_IRQHandler
                0x0800181c                EXTI1_IRQHandler
                0x0800181c                USART2_IRQHandler
                0x0800181c                I2C2_ER_IRQHandler
                0x0800181c                DMA2_Stream1_IRQHandler
                0x0800181c                CAN1_SCE_IRQHandler
                0x0800181c                FLASH_IRQHandler
                0x0800181c                DMA2_Stream4_IRQHandler
                0x0800181c                USART1_IRQHandler
                0x0800181c                SPI3_IRQHandler
                0x0800181c                I2C1_ER_IRQHandler
                0x0800181c                FMC_IRQHandler
                0x0800181c                DMA2_Stream6_IRQHandler
                0x0800181c                SAI1_IRQHandler
 *fill*         0x0800181e        0x2 
 .text.HAL_Init
                0x08001820       0x44 ./Drivers/STM32F4xx_HAL_Driver/Src/stm32f4xx_hal.o
                0x08001820                HAL_Init
 .text.HAL_IncTick
                0x08001864       0x28 ./Drivers/STM32F4xx_HAL_Driver/Src/stm32f4xx_hal.o
                0x08001864                HAL_IncTick
 .text.HAL_GetTick
                0x0800188c       0x18 ./Drivers/STM32F4xx_HAL_Driver/Src/stm32f4xx_hal.o
                0x0800188c                HAL_GetTick
 .text.HAL_Delay
                0x080018a4       0x48 ./Drivers/STM32F4xx_HAL_Driver/Src/stm32f4xx_hal.o
                0x080018a4                HAL_Delay
 .text.HAL_ADC_Init
                0x080018ec       0x86 ./Drivers/STM32F4xx_HAL_Driver/Src/stm32f4xx_hal_adc.o
                0x080018ec                HAL_ADC_Init
 *fill*         0x08001972        0x2 
 .text.HAL_ADC_ConfigChannel
                0x08001974      0x264 ./Drivers/STM32F4xx_HAL_Driver/Src/stm32f4xx_hal_adc.o
                0x08001974                HAL_ADC_ConfigChannel
 .text.ADC_Init
                0x08001bd8      0x1f8 ./Drivers/STM32F4xx_HAL_Driver/Src/stm32f4xx_hal_adc.o
 .text.__NVIC_SetPriorityGrouping
                0x08001dd0       0x48 ./Drivers/STM32F4xx_HAL_Driver/Src/stm32f4xx_hal_cortex.o
 .text.__NVIC_GetPriorityGrouping
                0x08001e18       0x1c ./Drivers/STM32F4xx_HAL_Driver/Src/stm32f4xx_hal_cortex.o
 .text.__NVIC_EnableIRQ
                0x08001e34       0x3c ./Drivers/STM32F4xx_HAL_Driver/Src/stm32f4xx_hal_cortex.o
 .text.__NVIC_SetPriority
                0x08001e70       0x54 ./Drivers/STM32F4xx_HAL_Driver/Src/stm32f4xx_hal_cortex.o
 .text.NVIC_EncodePriority
                0x08001ec4       0x66 ./Drivers/STM32F4xx_HAL_Driver/Src/stm32f4xx_hal_cortex.o
 .text.HAL_NVIC_SetPriorityGrouping
                0x08001f2a       0x16 ./Drivers/STM32F4xx_HAL_Driver/Src/stm32f4xx_hal_cortex.o
                0x08001f2a                HAL_NVIC_SetPriorityGrouping
 .text.HAL_NVIC_SetPriority
                0x08001f40       0x38 ./Drivers/STM32F4xx_HAL_Driver/Src/stm32f4xx_hal_cortex.o
                0x08001f40                HAL_NVIC_SetPriority
 .text.HAL_NVIC_EnableIRQ
                0x08001f78       0x1c ./Drivers/STM32F4xx_HAL_Driver/Src/stm32f4xx_hal_cortex.o
                0x08001f78                HAL_NVIC_EnableIRQ
 .text.HAL_DMA_Init
                0x08001f94      0x15c ./Drivers/STM32F4xx_HAL_Driver/Src/stm32f4xx_hal_dma.o
                0x08001f94                HAL_DMA_Init
 .text.HAL_DMA_IRQHandler
                0x080020f0      0x314 ./Drivers/STM32F4xx_HAL_Driver/Src/stm32f4xx_hal_dma.o
                0x080020f0                HAL_DMA_IRQHandler
 .text.DMA_CalcBaseAndBitshift
                0x08002404       0x6c ./Drivers/STM32F4xx_HAL_Driver/Src/stm32f4xx_hal_dma.o
 .text.DMA_CheckFifoParam
                0x08002470       0xf8 ./Drivers/STM32F4xx_HAL_Driver/Src/stm32f4xx_hal_dma.o
 .text.HAL_GPIO_Init
                0x08002568      0x328 ./Drivers/STM32F4xx_HAL_Driver/Src/stm32f4xx_hal_gpio.o
                0x08002568                HAL_GPIO_Init
 .text.HAL_GPIO_ReadPin
                0x08002890       0x30 ./Drivers/STM32F4xx_HAL_Driver/Src/stm32f4xx_hal_gpio.o
                0x08002890                HAL_GPIO_ReadPin
 .text.HAL_GPIO_WritePin
                0x080028c0       0x32 ./Drivers/STM32F4xx_HAL_Driver/Src/stm32f4xx_hal_gpio.o
                0x080028c0                HAL_GPIO_WritePin
 *fill*         0x080028f2        0x2 
 .text.HAL_I2C_Init
                0x080028f4      0x288 ./Drivers/STM32F4xx_HAL_Driver/Src/stm32f4xx_hal_i2c.o
                0x080028f4                HAL_I2C_Init
 .text.HAL_PCD_IRQHandler
                0x08002b7c      0x99c ./Drivers/STM32F4xx_HAL_Driver/Src/stm32f4xx_hal_pcd.o
                0x08002b7c                HAL_PCD_IRQHandler
 .text.HAL_PCD_SetAddress
                0x08003518       0x48 ./Drivers/STM32F4xx_HAL_Driver/Src/stm32f4xx_hal_pcd.o
                0x08003518                HAL_PCD_SetAddress
 .text.HAL_PCD_EP_Open
                0x08003560       0xd4 ./Drivers/STM32F4xx_HAL_Driver/Src/stm32f4xx_hal_pcd.o
                0x08003560                HAL_PCD_EP_Open
 .text.HAL_PCD_EP_Receive
                0x08003634       0x76 ./Drivers/STM32F4xx_HAL_Driver/Src/stm32f4xx_hal_pcd.o
                0x08003634                HAL_PCD_EP_Receive
 .text.HAL_PCD_EP_Transmit
                0x080036aa       0x74 ./Drivers/STM32F4xx_HAL_Driver/Src/stm32f4xx_hal_pcd.o
                0x080036aa                HAL_PCD_EP_Transmit
 .text.HAL_PCD_EP_SetStall
                0x0800371e       0xc6 ./Drivers/STM32F4xx_HAL_Driver/Src/stm32f4xx_hal_pcd.o
                0x0800371e                HAL_PCD_EP_SetStall
 .text.HAL_PCD_EP_ClrStall
                0x080037e4       0xac ./Drivers/STM32F4xx_HAL_Driver/Src/stm32f4xx_hal_pcd.o
                0x080037e4                HAL_PCD_EP_ClrStall
 .text.HAL_PCD_EP_Abort
                0x08003890       0x62 ./Drivers/STM32F4xx_HAL_Driver/Src/stm32f4xx_hal_pcd.o
                0x08003890                HAL_PCD_EP_Abort
 .text.PCD_WriteEmptyTxFifo
                0x080038f2      0x118 ./Drivers/STM32F4xx_HAL_Driver/Src/stm32f4xx_hal_pcd.o
 *fill*         0x08003a0a        0x2 
 .text.PCD_EP_OutXfrComplete_int
                0x08003a0c      0x1d0 ./Drivers/STM32F4xx_HAL_Driver/Src/stm32f4xx_hal_pcd.o
 .text.PCD_EP_OutSetupPacket_int
                0x08003bdc       0x8c ./Drivers/STM32F4xx_HAL_Driver/Src/stm32f4xx_hal_pcd.o
 .text.HAL_RCC_ClockConfig
                0x08003c68      0x1cc ./Drivers/STM32F4xx_HAL_Driver/Src/stm32f4xx_hal_rcc.o
                0x08003c68                HAL_RCC_ClockConfig
 .text.HAL_RCC_GetHCLKFreq
                0x08003e34       0x18 ./Drivers/STM32F4xx_HAL_Driver/Src/stm32f4xx_hal_rcc.o
                0x08003e34                HAL_RCC_GetHCLKFreq
 .text.HAL_RCC_GetPCLK1Freq
                0x08003e4c       0x28 ./Drivers/STM32F4xx_HAL_Driver/Src/stm32f4xx_hal_rcc.o
                0x08003e4c                HAL_RCC_GetPCLK1Freq
 .text.HAL_RCC_GetPCLK2Freq
                0x08003e74       0x28 ./Drivers/STM32F4xx_HAL_Driver/Src/stm32f4xx_hal_rcc.o
                0x08003e74                HAL_RCC_GetPCLK2Freq
 .text.HAL_RCC_GetClockConfig
                0x08003e9c       0x64 ./Drivers/STM32F4xx_HAL_Driver/Src/stm32f4xx_hal_rcc.o
                0x08003e9c                HAL_RCC_GetClockConfig
 .text.HAL_RCC_GetSysClockFreq
                0x08003f00      0x460 ./Drivers/STM32F4xx_HAL_Driver/Src/stm32f4xx_hal_rcc_ex.o
                0x08003f00                HAL_RCC_GetSysClockFreq
 .text.HAL_RCC_OscConfig
                0x08004360      0x53c ./Drivers/STM32F4xx_HAL_Driver/Src/stm32f4xx_hal_rcc_ex.o
                0x08004360                HAL_RCC_OscConfig
 .text.HAL_SPI_Init
                0x0800489c      0x112 ./Drivers/STM32F4xx_HAL_Driver/Src/stm32f4xx_hal_spi.o
                0x0800489c                HAL_SPI_Init
 .text.HAL_TIM_Base_Init
                0x080049ae       0x9e ./Drivers/STM32F4xx_HAL_Driver/Src/stm32f4xx_hal_tim.o
                0x080049ae                HAL_TIM_Base_Init
 .text.HAL_TIM_Base_Start_IT
                0x08004a4c       0xe0 ./Drivers/STM32F4xx_HAL_Driver/Src/stm32f4xx_hal_tim.o
                0x08004a4c                HAL_TIM_Base_Start_IT
 .text.HAL_TIM_PWM_Init
                0x08004b2c       0x9e ./Drivers/STM32F4xx_HAL_Driver/Src/stm32f4xx_hal_tim.o
                0x08004b2c                HAL_TIM_PWM_Init
 .text.HAL_TIM_PWM_MspInit
                0x08004bca       0x14 ./Drivers/STM32F4xx_HAL_Driver/Src/stm32f4xx_hal_tim.o
                0x08004bca                HAL_TIM_PWM_MspInit
 .text.HAL_TIM_IRQHandler
                0x08004bde      0x1e0 ./Drivers/STM32F4xx_HAL_Driver/Src/stm32f4xx_hal_tim.o
                0x08004bde                HAL_TIM_IRQHandler
 *fill*         0x08004dbe        0x2 
 .text.HAL_TIM_PWM_ConfigChannel
                0x08004dc0      0x184 ./Drivers/STM32F4xx_HAL_Driver/Src/stm32f4xx_hal_tim.o
                0x08004dc0                HAL_TIM_PWM_ConfigChannel
 .text.HAL_TIM_ConfigClockSource
                0x08004f44      0x18e ./Drivers/STM32F4xx_HAL_Driver/Src/stm32f4xx_hal_tim.o
                0x08004f44                HAL_TIM_ConfigClockSource
 .text.HAL_TIM_OC_DelayElapsedCallback
                0x080050d2       0x14 ./Drivers/STM32F4xx_HAL_Driver/Src/stm32f4xx_hal_tim.o
                0x080050d2                HAL_TIM_OC_DelayElapsedCallback
 .text.HAL_TIM_IC_CaptureCallback
                0x080050e6       0x14 ./Drivers/STM32F4xx_HAL_Driver/Src/stm32f4xx_hal_tim.o
                0x080050e6                HAL_TIM_IC_CaptureCallback
 .text.HAL_TIM_PWM_PulseFinishedCallback
                0x080050fa       0x14 ./Drivers/STM32F4xx_HAL_Driver/Src/stm32f4xx_hal_tim.o
                0x080050fa                HAL_TIM_PWM_PulseFinishedCallback
 .text.HAL_TIM_TriggerCallback
                0x0800510e       0x14 ./Drivers/STM32F4xx_HAL_Driver/Src/stm32f4xx_hal_tim.o
                0x0800510e                HAL_TIM_TriggerCallback
 *fill*         0x08005122        0x2 
 .text.TIM_Base_SetConfig
                0x08005124      0x14c ./Drivers/STM32F4xx_HAL_Driver/Src/stm32f4xx_hal_tim.o
                0x08005124                TIM_Base_SetConfig
 .text.TIM_OC1_SetConfig
                0x08005270       0xe0 ./Drivers/STM32F4xx_HAL_Driver/Src/stm32f4xx_hal_tim.o
 .text.TIM_OC2_SetConfig
                0x08005350       0xec ./Drivers/STM32F4xx_HAL_Driver/Src/stm32f4xx_hal_tim.o
                0x08005350                TIM_OC2_SetConfig
 .text.TIM_OC3_SetConfig
                0x0800543c       0xe8 ./Drivers/STM32F4xx_HAL_Driver/Src/stm32f4xx_hal_tim.o
 .text.TIM_OC4_SetConfig
                0x08005524       0xac ./Drivers/STM32F4xx_HAL_Driver/Src/stm32f4xx_hal_tim.o
 .text.TIM_TI1_ConfigInputStage
                0x080055d0       0x5e ./Drivers/STM32F4xx_HAL_Driver/Src/stm32f4xx_hal_tim.o
 .text.TIM_TI2_ConfigInputStage
                0x0800562e       0x60 ./Drivers/STM32F4xx_HAL_Driver/Src/stm32f4xx_hal_tim.o
 .text.TIM_ITRx_SetConfig
                0x0800568e       0x36 ./Drivers/STM32F4xx_HAL_Driver/Src/stm32f4xx_hal_tim.o
 .text.TIM_ETR_SetConfig
                0x080056c4       0x40 ./Drivers/STM32F4xx_HAL_Driver/Src/stm32f4xx_hal_tim.o
                0x080056c4                TIM_ETR_SetConfig
 .text.HAL_TIMEx_MasterConfigSynchronization
                0x08005704       0xf8 ./Drivers/STM32F4xx_HAL_Driver/Src/stm32f4xx_hal_tim_ex.o
                0x08005704                HAL_TIMEx_MasterConfigSynchronization
 .text.HAL_TIMEx_CommutCallback
                0x080057fc       0x14 ./Drivers/STM32F4xx_HAL_Driver/Src/stm32f4xx_hal_tim_ex.o
                0x080057fc                HAL_TIMEx_CommutCallback
 .text.HAL_TIMEx_BreakCallback
                0x08005810       0x14 ./Drivers/STM32F4xx_HAL_Driver/Src/stm32f4xx_hal_tim_ex.o
                0x08005810                HAL_TIMEx_BreakCallback
 .text.USB_SetTurnaroundTime
                0x08005824      0x144 ./Drivers/STM32F4xx_HAL_Driver/Src/stm32f4xx_ll_usb.o
                0x08005824                USB_SetTurnaroundTime
 .text.USB_FlushTxFifo
                0x08005968       0x64 ./Drivers/STM32F4xx_HAL_Driver/Src/stm32f4xx_ll_usb.o
                0x08005968                USB_FlushTxFifo
 .text.USB_GetDevSpeed
                0x080059cc       0x4a ./Drivers/STM32F4xx_HAL_Driver/Src/stm32f4xx_ll_usb.o
                0x080059cc                USB_GetDevSpeed
 .text.USB_ActivateEndpoint
                0x08005a16      0x10e ./Drivers/STM32F4xx_HAL_Driver/Src/stm32f4xx_ll_usb.o
                0x08005a16                USB_ActivateEndpoint
 .text.USB_EPStartXfer
                0x08005b24      0x53c ./Drivers/STM32F4xx_HAL_Driver/Src/stm32f4xx_ll_usb.o
                0x08005b24                USB_EPStartXfer
 .text.USB_EPStopXfer
                0x08006060      0x154 ./Drivers/STM32F4xx_HAL_Driver/Src/stm32f4xx_ll_usb.o
                0x08006060                USB_EPStopXfer
 .text.USB_WritePacket
                0x080061b4       0x7c ./Drivers/STM32F4xx_HAL_Driver/Src/stm32f4xx_ll_usb.o
                0x080061b4                USB_WritePacket
 .text.USB_ReadPacket
                0x08006230       0xb0 ./Drivers/STM32F4xx_HAL_Driver/Src/stm32f4xx_ll_usb.o
                0x08006230                USB_ReadPacket
 .text.USB_EPSetStall
                0x080062e0       0xdc ./Drivers/STM32F4xx_HAL_Driver/Src/stm32f4xx_ll_usb.o
                0x080062e0                USB_EPSetStall
 .text.USB_EPClearStall
                0x080063bc       0xcc ./Drivers/STM32F4xx_HAL_Driver/Src/stm32f4xx_ll_usb.o
                0x080063bc                USB_EPClearStall
 .text.USB_SetDevAddress
                0x08006488       0x4c ./Drivers/STM32F4xx_HAL_Driver/Src/stm32f4xx_ll_usb.o
                0x08006488                USB_SetDevAddress
 .text.USB_ReadInterrupts
                0x080064d4       0x26 ./Drivers/STM32F4xx_HAL_Driver/Src/stm32f4xx_ll_usb.o
                0x080064d4                USB_ReadInterrupts
 .text.USB_ReadDevAllOutEpInterrupt
                0x080064fa       0x34 ./Drivers/STM32F4xx_HAL_Driver/Src/stm32f4xx_ll_usb.o
                0x080064fa                USB_ReadDevAllOutEpInterrupt
 .text.USB_ReadDevAllInEpInterrupt
                0x0800652e       0x34 ./Drivers/STM32F4xx_HAL_Driver/Src/stm32f4xx_ll_usb.o
                0x0800652e                USB_ReadDevAllInEpInterrupt
 .text.USB_ReadDevOutEPInterrupt
                0x08006562       0x3c ./Drivers/STM32F4xx_HAL_Driver/Src/stm32f4xx_ll_usb.o
                0x08006562                USB_ReadDevOutEPInterrupt
 .text.USB_ReadDevInEPInterrupt
                0x0800659e       0x5c ./Drivers/STM32F4xx_HAL_Driver/Src/stm32f4xx_ll_usb.o
                0x0800659e                USB_ReadDevInEPInterrupt
 .text.USB_GetMode
                0x080065fa       0x1c ./Drivers/STM32F4xx_HAL_Driver/Src/stm32f4xx_ll_usb.o
                0x080065fa                USB_GetMode
 .text.USB_ActivateSetup
                0x08006616       0x46 ./Drivers/STM32F4xx_HAL_Driver/Src/stm32f4xx_ll_usb.o
                0x08006616                USB_ActivateSetup
 .text.USB_EP0_OutStart
                0x0800665c       0xbc ./Drivers/STM32F4xx_HAL_Driver/Src/stm32f4xx_ll_usb.o
                0x0800665c                USB_EP0_OutStart
 .text.USBD_RunTestMode
                0x08006718       0x16 ./Middlewares/ST/STM32_USB_Device_Library/Core/Src/usbd_core.o
                0x08006718                USBD_RunTestMode
 .text.USBD_SetClassConfig
                0x0800672e       0x38 ./Middlewares/ST/STM32_USB_Device_Library/Core/Src/usbd_core.o
                0x0800672e                USBD_SetClassConfig
 .text.USBD_ClrClassConfig
                0x08006766       0x34 ./Middlewares/ST/STM32_USB_Device_Library/Core/Src/usbd_core.o
                0x08006766                USBD_ClrClassConfig
 .text.USBD_LL_SetupStage
                0x0800679a       0xaa ./Middlewares/ST/STM32_USB_Device_Library/Core/Src/usbd_core.o
                0x0800679a                USBD_LL_SetupStage
 .text.USBD_LL_DataOutStage
                0x08006844      0x178 ./Middlewares/ST/STM32_USB_Device_Library/Core/Src/usbd_core.o
                0x08006844                USBD_LL_DataOutStage
 .text.USBD_LL_DataInStage
                0x080069bc      0x176 ./Middlewares/ST/STM32_USB_Device_Library/Core/Src/usbd_core.o
                0x080069bc                USBD_LL_DataInStage
 .text.USBD_LL_Reset
                0x08006b32       0xa6 ./Middlewares/ST/STM32_USB_Device_Library/Core/Src/usbd_core.o
                0x08006b32                USBD_LL_Reset
 .text.USBD_LL_SetSpeed
                0x08006bd8       0x20 ./Middlewares/ST/STM32_USB_Device_Library/Core/Src/usbd_core.o
                0x08006bd8                USBD_LL_SetSpeed
 .text.USBD_LL_Suspend
                0x08006bf8       0x38 ./Middlewares/ST/STM32_USB_Device_Library/Core/Src/usbd_core.o
                0x08006bf8                USBD_LL_Suspend
 .text.USBD_LL_Resume
                0x08006c30       0x30 ./Middlewares/ST/STM32_USB_Device_Library/Core/Src/usbd_core.o
                0x08006c30                USBD_LL_Resume
 .text.USBD_LL_SOF
                0x08006c60       0x40 ./Middlewares/ST/STM32_USB_Device_Library/Core/Src/usbd_core.o
                0x08006c60                USBD_LL_SOF
 .text.USBD_LL_IsoINIncomplete
                0x08006ca0       0x64 ./Middlewares/ST/STM32_USB_Device_Library/Core/Src/usbd_core.o
                0x08006ca0                USBD_LL_IsoINIncomplete
 .text.USBD_LL_IsoOUTIncomplete
                0x08006d04       0x64 ./Middlewares/ST/STM32_USB_Device_Library/Core/Src/usbd_core.o
                0x08006d04                USBD_LL_IsoOUTIncomplete
 .text.USBD_LL_DevConnected
                0x08006d68       0x16 ./Middlewares/ST/STM32_USB_Device_Library/Core/Src/usbd_core.o
                0x08006d68                USBD_LL_DevConnected
 .text.USBD_LL_DevDisconnected
                0x08006d7e       0x46 ./Middlewares/ST/STM32_USB_Device_Library/Core/Src/usbd_core.o
                0x08006d7e                USBD_LL_DevDisconnected
 .text.USBD_CoreFindIF
                0x08006dc4       0x1a ./Middlewares/ST/STM32_USB_Device_Library/Core/Src/usbd_core.o
                0x08006dc4                USBD_CoreFindIF
 .text.USBD_CoreFindEP
                0x08006dde       0x1a ./Middlewares/ST/STM32_USB_Device_Library/Core/Src/usbd_core.o
                0x08006dde                USBD_CoreFindEP
 .text.SWAPBYTE
                0x08006df8       0x3e ./Middlewares/ST/STM32_USB_Device_Library/Core/Src/usbd_ctlreq.o
 *fill*         0x08006e36        0x2 
 .text.USBD_StdDevReq
                0x08006e38       0xe4 ./Middlewares/ST/STM32_USB_Device_Library/Core/Src/usbd_ctlreq.o
                0x08006e38                USBD_StdDevReq
 .text.USBD_StdItfReq
                0x08006f1c       0xd8 ./Middlewares/ST/STM32_USB_Device_Library/Core/Src/usbd_ctlreq.o
                0x08006f1c                USBD_StdItfReq
 .text.USBD_StdEPReq
                0x08006ff4      0x33e ./Middlewares/ST/STM32_USB_Device_Library/Core/Src/usbd_ctlreq.o
                0x08006ff4                USBD_StdEPReq
 *fill*         0x08007332        0x2 
 .text.USBD_GetDescriptor
                0x08007334      0x328 ./Middlewares/ST/STM32_USB_Device_Library/Core/Src/usbd_ctlreq.o
 .text.USBD_SetAddress
                0x0800765c       0x88 ./Middlewares/ST/STM32_USB_Device_Library/Core/Src/usbd_ctlreq.o
 .text.USBD_SetConfig
                0x080076e4      0x154 ./Middlewares/ST/STM32_USB_Device_Library/Core/Src/usbd_ctlreq.o
 .text.USBD_GetConfig
                0x08007838       0x6c ./Middlewares/ST/STM32_USB_Device_Library/Core/Src/usbd_ctlreq.o
 .text.USBD_GetStatus
                0x080078a4       0x68 ./Middlewares/ST/STM32_USB_Device_Library/Core/Src/usbd_ctlreq.o
 .text.USBD_SetFeature
                0x0800790c       0x52 ./Middlewares/ST/STM32_USB_Device_Library/Core/Src/usbd_ctlreq.o
 .text.USBD_ClrFeature
                0x0800795e       0x44 ./Middlewares/ST/STM32_USB_Device_Library/Core/Src/usbd_ctlreq.o
 .text.USBD_ParseSetupRequest
                0x080079a2       0x74 ./Middlewares/ST/STM32_USB_Device_Library/Core/Src/usbd_ctlreq.o
                0x080079a2                USBD_ParseSetupRequest
 .text.USBD_CtlError
                0x08007a16       0x22 ./Middlewares/ST/STM32_USB_Device_Library/Core/Src/usbd_ctlreq.o
                0x08007a16                USBD_CtlError
 .text.USBD_CtlSendData
                0x08007a38       0x3c ./Middlewares/ST/STM32_USB_Device_Library/Core/Src/usbd_ioreq.o
                0x08007a38                USBD_CtlSendData
 .text.USBD_CtlContinueSendData
                0x08007a74       0x22 ./Middlewares/ST/STM32_USB_Device_Library/Core/Src/usbd_ioreq.o
                0x08007a74                USBD_CtlContinueSendData
 .text.USBD_CtlContinueRx
                0x08007a96       0x22 ./Middlewares/ST/STM32_USB_Device_Library/Core/Src/usbd_ioreq.o
                0x08007a96                USBD_CtlContinueRx
 .text.USBD_CtlSendStatus
                0x08007ab8       0x26 ./Middlewares/ST/STM32_USB_Device_Library/Core/Src/usbd_ioreq.o
                0x08007ab8                USBD_CtlSendStatus
 .text.USBD_CtlReceiveStatus
                0x08007ade       0x26 ./Middlewares/ST/STM32_USB_Device_Library/Core/Src/usbd_ioreq.o
                0x08007ade                USBD_CtlReceiveStatus
 .text.vListInsertEnd
                0x08007b04       0x48 ./Middlewares/Third_Party/FreeRTOS/Source/list.o
                0x08007b04                vListInsertEnd
 .text.uxListRemove
                0x08007b4c       0x54 ./Middlewares/Third_Party/FreeRTOS/Source/list.o
                0x08007b4c                uxListRemove
 .text.xTaskIncrementTick
                0x08007ba0      0x174 ./Middlewares/Third_Party/FreeRTOS/Source/tasks.o
                0x08007ba0                xTaskIncrementTick
 .text.vTaskSwitchContext
                0x08007d14       0xc8 ./Middlewares/Third_Party/FreeRTOS/Source/tasks.o
                0x08007d14                vTaskSwitchContext
 .text.prvResetNextTaskUnblockTime
                0x08007ddc       0x40 ./Middlewares/Third_Party/FreeRTOS/Source/tasks.o
 *fill*         0x08007e1c        0x4 
 .text.SVC_Handler
                0x08007e20       0x28 ./Middlewares/Third_Party/FreeRTOS/Source/portable/GCC/ARM_CM4F/port.o
                0x08007e20                SVC_Handler
 *fill*         0x08007e48        0x8 
 .text.PendSV_Handler
                0x08007e50       0x68 ./Middlewares/Third_Party/FreeRTOS/Source/portable/GCC/ARM_CM4F/port.o
                0x08007e50                PendSV_Handler
 .text.SysTick_Handler
                0x08007eb8       0x44 ./Middlewares/Third_Party/FreeRTOS/Source/portable/GCC/ARM_CM4F/port.o
                0x08007eb8                SysTick_Handler
 .text.HAL_PCD_SetupStageCallback
                0x08007efc       0x24 ./USB_DEVICE/Target/usbd_conf.o
                0x08007efc                HAL_PCD_SetupStageCallback
 .text.HAL_PCD_DataOutStageCallback
                0x08007f20       0x36 ./USB_DEVICE/Target/usbd_conf.o
                0x08007f20                HAL_PCD_DataOutStageCallback
 .text.HAL_PCD_DataInStageCallback
                0x08007f56       0x34 ./USB_DEVICE/Target/usbd_conf.o
                0x08007f56                HAL_PCD_DataInStageCallback
 .text.HAL_PCD_SOFCallback
                0x08007f8a       0x1c ./USB_DEVICE/Target/usbd_conf.o
                0x08007f8a                HAL_PCD_SOFCallback
 .text.HAL_PCD_ResetCallback
                0x08007fa6       0x50 ./USB_DEVICE/Target/usbd_conf.o
                0x08007fa6                HAL_PCD_ResetCallback
 *fill*         0x08007ff6        0x2 
 .text.HAL_PCD_SuspendCallback
                0x08007ff8       0x4c ./USB_DEVICE/Target/usbd_conf.o
                0x08007ff8                HAL_PCD_SuspendCallback
 .text.HAL_PCD_ResumeCallback
                0x08008044       0x1c ./USB_DEVICE/Target/usbd_conf.o
                0x08008044                HAL_PCD_ResumeCallback
 .text.HAL_PCD_ISOOUTIncompleteCallback
                0x08008060       0x24 ./USB_DEVICE/Target/usbd_conf.o
                0x08008060                HAL_PCD_ISOOUTIncompleteCallback
 .text.HAL_PCD_ISOINIncompleteCallback
                0x08008084       0x24 ./USB_DEVICE/Target/usbd_conf.o
                0x08008084                HAL_PCD_ISOINIncompleteCallback
 .text.HAL_PCD_ConnectCallback
                0x080080a8       0x1c ./USB_DEVICE/Target/usbd_conf.o
                0x080080a8                HAL_PCD_ConnectCallback
 .text.HAL_PCD_DisconnectCallback
                0x080080c4       0x1c ./USB_DEVICE/Target/usbd_conf.o
                0x080080c4                HAL_PCD_DisconnectCallback
 .text.USBD_LL_OpenEP
                0x080080e0       0x4c ./USB_DEVICE/Target/usbd_conf.o
                0x080080e0                USBD_LL_OpenEP
 .text.USBD_LL_StallEP
                0x0800812c       0x3e ./USB_DEVICE/Target/usbd_conf.o
                0x0800812c                USBD_LL_StallEP
 .text.USBD_LL_ClearStallEP
                0x0800816a       0x3e ./USB_DEVICE/Target/usbd_conf.o
                0x0800816a                USBD_LL_ClearStallEP
 .text.USBD_LL_IsStallEP
                0x080081a8       0x58 ./USB_DEVICE/Target/usbd_conf.o
                0x080081a8                USBD_LL_IsStallEP
 .text.USBD_LL_SetUSBAddress
                0x08008200       0x3e ./USB_DEVICE/Target/usbd_conf.o
                0x08008200                USBD_LL_SetUSBAddress
 .text.USBD_LL_Transmit
                0x0800823e       0x42 ./USB_DEVICE/Target/usbd_conf.o
                0x0800823e                USBD_LL_Transmit
 .text.USBD_LL_PrepareReceive
                0x08008280       0x42 ./USB_DEVICE/Target/usbd_conf.o
                0x08008280                USBD_LL_PrepareReceive
 *fill*         0x080082c2        0x2 
 .text.HAL_PCDEx_LPM_Callback
                0x080082c4       0x9c ./USB_DEVICE/Target/usbd_conf.o
                0x080082c4                HAL_PCDEx_LPM_Callback
 .text.USBD_Get_USB_Status
                0x08008360       0x58 ./USB_DEVICE/Target/usbd_conf.o
                0x08008360                USBD_Get_USB_Status
 .text.memset   0x080083b8       0x10 /opt/st/stm32cubeide_2.0.0/plugins/com.st.stm32cube.ide.mcu.externaltools.gnu-tools-for-stm32.13.3.rel1.linux64_1.0.100.202509120712/tools/bin/../lib/gcc/arm-none-eabi/13.3.1/../../../../arm-none-eabi/lib/thumb/v7e-m+fp/hard/libc_nano.a(libc_a-memset.o)
                0x080083b8                memset
 .text.__libc_init_array
                0x080083c8       0x48 /opt/st/stm32cubeide_2.0.0/plugins/com.st.stm32cube.ide.mcu.externaltools.gnu-tools-for-stm32.13.3.rel1.linux64_1.0.100.202509120712/tools/bin/../lib/gcc/arm-none-eabi/13.3.1/../../../../arm-none-eabi/lib/thumb/v7e-m+fp/hard/libc_nano.a(libc_a-init.o)
                0x080083c8                __libc_init_array
 *(.glue_7)
 .glue_7        0x08008410        0x0 linker stubs
 *(.glue_7t)
 .glue_7t       0x08008410        0x0 linker stubs
 *(.eh_frame)
 .eh_frame      0x08008410        0x0 /opt/st/stm32cubeide_2.0.0/plugins/com.st.stm32cube.ide.mcu.externaltools.gnu-tools-for-stm32.13.3.rel1.linux64_1.0.100.202509120712/tools/bin/../lib/gcc/arm-none-eabi/13.3.1/thumb/v7e-m+fp/hard/crtbegin.o
 *(.init)
 .init          0x08008410        0x4 /opt/st/stm32cubeide_2.0.0/plugins/com.st.stm32cube.ide.mcu.externaltools.gnu-tools-for-stm32.13.3.rel1.linux64_1.0.100.202509120712/tools/bin/../lib/gcc/arm-none-eabi/13.3.1/thumb/v7e-m+fp/hard/crti.o
                0x08008410                _init
 .init          0x08008414        0x8 /opt/st/stm32cubeide_2.0.0/plugins/com.st.stm32cube.ide.mcu.externaltools.gnu-tools-for-stm32.13.3.rel1.linux64_1.0.100.202509120712/tools/bin/../lib/gcc/arm-none-eabi/13.3.1/thumb/v7e-m+fp/hard/crtn.o
 *(.fini)
 .fini          0x0800841c        0x4 /opt/st/stm32cubeide_2.0.0/plugins/com.st.stm32cube.ide.mcu.externaltools.gnu-tools-for-stm32.13.3.rel1.linux64_1.0.100.202509120712/tools/bin/../lib/gcc/arm-none-eabi/13.3.1/thumb/v7e-m+fp/hard/crti.o
                0x0800841c                _fini
 .fini          0x08008420        0x8 /opt/st/stm32cubeide_2.0.0/plugins/com.st.stm32cube.ide.mcu.externaltools.gnu-tools-for-stm32.13.3.rel1.linux64_1.0.100.202509120712/tools/bin/../lib/gcc/arm-none-eabi/13.3.1/thumb/v7e-m+fp/hard/crtn.o
                0x08008428                        . = ALIGN (0x4)
                0x08008428                        _etext = .

.vfp11_veneer   0x08008428        0x0
 .vfp11_veneer  0x08008428        0x0 linker stubs

.v4_bx          0x08008428        0x0
 .v4_bx         0x08008428        0x0 linker stubs

.iplt           0x08008428        0x0
 .iplt          0x08008428        0x0 /opt/st/stm32cubeide_2.0.0/plugins/com.st.stm32cube.ide.mcu.externaltools.gnu-tools-for-stm32.13.3.rel1.linux64_1.0.100.202509120712/tools/bin/../lib/gcc/arm-none-eabi/13.3.1/thumb/v7e-m+fp/hard/crtbegin.o

.rodata         0x08008428       0x20
                0x08008428                        . = ALIGN (0x4)
 *(.rodata)
 *(.rodata*)
 .rodata.AHBPrescTable
                0x08008428       0x10 ./Core/Src/system_stm32f4xx.o
                0x08008428                AHBPrescTable
 .rodata.APBPrescTable
                0x08008438        0x8 ./Core/Src/system_stm32f4xx.o
                0x08008438                APBPrescTable
 .rodata.flagBitshiftOffset.0
                0x08008440        0x8 ./Drivers/STM32F4xx_HAL_Driver/Src/stm32f4xx_hal_dma.o
                0x08008448                        . = ALIGN (0x4)

.ARM.extab      0x08008448        0x0
                0x08008448                        . = ALIGN (0x4)
 *(.ARM.extab* .gnu.linkonce.armextab.*)
                0x08008448                        . = ALIGN (0x4)

.ARM            0x08008448        0x8
                0x08008448                        . = ALIGN (0x4)
                0x08008448                        __exidx_start = .
 *(.ARM.exidx*)
 .ARM.exidx     0x08008448        0x8 /opt/st/stm32cubeide_2.0.0/plugins/com.st.stm32cube.ide.mcu.externaltools.gnu-tools-for-stm32.13.3.rel1.linux64_1.0.100.202509120712/tools/bin/../lib/gcc/arm-none-eabi/13.3.1/thumb/v7e-m+fp/hard/libgcc.a(_udivmoddi4.o)
                0x08008450                        __exidx_end = .
                0x08008450                        . = ALIGN (0x4)

.preinit_array  0x08008450        0x0
                0x08008450                        . = ALIGN (0x4)
                0x08008450                        PROVIDE (__preinit_array_start = .)
 *(.preinit_array*)
                0x08008450                        PROVIDE (__preinit_array_end = .)
                0x08008450                        . = ALIGN (0x4)

.init_array     0x08008450        0x4
                0x08008450                        . = ALIGN (0x4)
                0x08008450                        PROVIDE (__init_array_start = .)
 *(SORT_BY_NAME(.init_array.*))
 *(.init_array*)
 .init_array    0x08008450        0x4 /opt/st/stm32cubeide_2.0.0/plugins/com.st.stm32cube.ide.mcu.externaltools.gnu-tools-for-stm32.13.3.rel1.linux64_1.0.100.202509120712/tools/bin/../lib/gcc/arm-none-eabi/13.3.1/thumb/v7e-m+fp/hard/crtbegin.o
                0x08008454                        PROVIDE (__init_array_end = .)
                0x08008454                        . = ALIGN (0x4)

.fini_array     0x08008454        0x4
                0x08008454                        . = ALIGN (0x4)
                [!provide]                        PROVIDE (__fini_array_start = .)
 *(SORT_BY_NAME(.fini_array.*))
 *(.fini_array*)
 .fini_array    0x08008454        0x4 /opt/st/stm32cubeide_2.0.0/plugins/com.st.stm32cube.ide.mcu.externaltools.gnu-tools-for-stm32.13.3.rel1.linux64_1.0.100.202509120712/tools/bin/../lib/gcc/arm-none-eabi/13.3.1/thumb/v7e-m+fp/hard/crtbegin.o
                [!provide]                        PROVIDE (__fini_array_end = .)
                0x08008458                        . = ALIGN (0x4)
                0x08008458                        _sidata = LOADADDR (.data)

.rel.dyn        0x08008458        0x0
 .rel.iplt      0x08008458        0x0 /opt/st/stm32cubeide_2.0.0/plugins/com.st.stm32cube.ide.mcu.externaltools.gnu-tools-for-stm32.13.3.rel1.linux64_1.0.100.202509120712/tools/bin/../lib/gcc/arm-none-eabi/13.3.1/thumb/v7e-m+fp/hard/crtbegin.o

.data           0x20000000       0x5c load address 0x08008458
                0x20000000                        . = ALIGN (0x4)
                0x20000000                        _sdata = .
 *(.data)
 *(.data*)
 .data.SystemCoreClock
                0x20000000        0x4 ./Core/Src/system_stm32f4xx.o
                0x20000000                SystemCoreClock
 .data.uwTickPrio
                0x20000004        0x4 ./Drivers/STM32F4xx_HAL_Driver/Src/stm32f4xx_hal.o
                0x20000004                uwTickPrio
 .data.uwTickFreq
                0x20000008        0x1 ./Drivers/STM32F4xx_HAL_Driver/Src/stm32f4xx_hal.o
                0x20000008                uwTickFreq
 *fill*         0x20000009        0x3 
 .data._impure_ptr
                0x2000000c        0x4 /opt/st/stm32cubeide_2.0.0/plugins/com.st.stm32cube.ide.mcu.externaltools.gnu-tools-for-stm32.13.3.rel1.linux64_1.0.100.202509120712/tools/bin/../lib/gcc/arm-none-eabi/13.3.1/../../../../arm-none-eabi/lib/thumb/v7e-m+fp/hard/libc_nano.a(libc_a-impure.o)
                0x2000000c                _impure_ptr
 .data._impure_data
                0x20000010       0x4c /opt/st/stm32cubeide_2.0.0/plugins/com.st.stm32cube.ide.mcu.externaltools.gnu-tools-for-stm32.13.3.rel1.linux64_1.0.100.202509120712/tools/bin/../lib/gcc/arm-none-eabi/13.3.1/../../../../arm-none-eabi/lib/thumb/v7e-m+fp/hard/libc_nano.a(libc_a-impure.o)
                0x20000010                _impure_data
 *(.RamFunc)
 *(.RamFunc*)
                0x2000005c                        . = ALIGN (0x4)
                0x2000005c                        _edata = .

.igot.plt       0x2000005c        0x0 load address 0x080084b4
 .igot.plt      0x2000005c        0x0 /opt/st/stm32cubeide_2.0.0/plugins/com.st.stm32cube.ide.mcu.externaltools.gnu-tools-for-stm32.13.3.rel1.linux64_1.0.100.202509120712/tools/bin/../lib/gcc/arm-none-eabi/13.3.1/thumb/v7e-m+fp/hard/crtbegin.o
                0x2000005c                        . = ALIGN (0x4)

.bss            0x2000005c      0xa40 load address 0x080084b4
                0x2000005c                        _sbss = .
                0x2000005c                        __bss_start__ = _sbss
 *(.bss)
 .bss           0x2000005c       0x1c /opt/st/stm32cubeide_2.0.0/plugins/com.st.stm32cube.ide.mcu.externaltools.gnu-tools-for-stm32.13.3.rel1.linux64_1.0.100.202509120712/tools/bin/../lib/gcc/arm-none-eabi/13.3.1/thumb/v7e-m+fp/hard/crtbegin.o
 *(.bss*)
 .bss.hadc1     0x20000078       0x48 ./Core/Src/main.o
                0x20000078                hadc1
 .bss.hi2c3     0x200000c0       0x54 ./Core/Src/main.o
                0x200000c0                hi2c3
 .bss.hspi1     0x20000114       0x58 ./Core/Src/main.o
                0x20000114                hspi1
 .bss.hspi2     0x2000016c       0x58 ./Core/Src/main.o
                0x2000016c                hspi2
 .bss.hdma_spi1_tx
                0x200001c4       0x60 ./Core/Src/main.o
                0x200001c4                hdma_spi1_tx
 .bss.hdma_spi2_tx
                0x20000224       0x60 ./Core/Src/main.o
                0x20000224                hdma_spi2_tx
 .bss.hdma_spi2_rx
                0x20000284       0x60 ./Core/Src/main.o
                0x20000284                hdma_spi2_rx
 .bss.htim2     0x200002e4       0x48 ./Core/Src/main.o
                0x200002e4                htim2
 .bss.htim3     0x2000032c       0x48 ./Core/Src/main.o
                0x2000032c                htim3
 .bss.state.1   0x20000374        0x4 ./Core/Src/main.o
 .bss.buttonPressed.0
                0x20000378        0x1 ./Core/Src/main.o
 *fill*         0x20000379        0x3 
 .bss.htim1     0x2000037c       0x48 ./Core/Src/stm32f4xx_hal_timebase_tim.o
                0x2000037c                htim1
 .bss.uwTick    0x200003c4        0x4 ./Drivers/STM32F4xx_HAL_Driver/Src/stm32f4xx_hal.o
                0x200003c4                uwTick
 .bss.cfgidx.0  0x200003c8        0x1 ./Middlewares/ST/STM32_USB_Device_Library/Core/Src/usbd_ctlreq.o
 *fill*         0x200003c9        0x3 
 .bss.pxCurrentTCB
                0x200003cc        0x4 ./Middlewares/Third_Party/FreeRTOS/Source/tasks.o
                0x200003cc                pxCurrentTCB
 .bss.pxReadyTasksLists
                0x200003d0       0x8c ./Middlewares/Third_Party/FreeRTOS/Source/tasks.o
 .bss.pxDelayedTaskList
                0x2000045c        0x4 ./Middlewares/Third_Party/FreeRTOS/Source/tasks.o
 .bss.pxOverflowDelayedTaskList
                0x20000460        0x4 ./Middlewares/Third_Party/FreeRTOS/Source/tasks.o
 .bss.xTickCount
                0x20000464        0x4 ./Middlewares/Third_Party/FreeRTOS/Source/tasks.o
 .bss.uxTopReadyPriority
                0x20000468        0x4 ./Middlewares/Third_Party/FreeRTOS/Source/tasks.o
 .bss.xPendedTicks
                0x2000046c        0x4 ./Middlewares/Third_Party/FreeRTOS/Source/tasks.o
 .bss.xYieldPending
                0x20000470        0x4 ./Middlewares/Third_Party/FreeRTOS/Source/tasks.o
 .bss.xNumOfOverflows
                0x20000474        0x4 ./Middlewares/Third_Party/FreeRTOS/Source/tasks.o
 .bss.xNextTaskUnblockTime
                0x20000478        0x4 ./Middlewares/Third_Party/FreeRTOS/Source/tasks.o
 .bss.uxSchedulerSuspended
                0x2000047c        0x4 ./Middlewares/Third_Party/FreeRTOS/Source/tasks.o
 .bss.hpcd_USB_OTG_FS
                0x20000480      0x4e4 ./USB_DEVICE/Target/usbd_conf.o
                0x20000480                hpcd_USB_OTG_FS
 .bss.__sf      0x20000964      0x138 /opt/st/stm32cubeide_2.0.0/plugins/com.st.stm32cube.ide.mcu.externaltools.gnu-tools-for-stm32.13.3.rel1.linux64_1.0.100.202509120712/tools/bin/../lib/gcc/arm-none-eabi/13.3.1/../../../../arm-none-eabi/lib/thumb/v7e-m+fp/hard/libc_nano.a(libc_a-findfp.o)
                0x20000964                __sf
 *(COMMON)
                0x20000a9c                        . = ALIGN (0x4)
                0x20000a9c                        _ebss = .
                0x20000a9c                        __bss_end__ = _ebss

._user_heap_stack
                0x20000a9c      0x604 load address 0x080084b4
                0x20000aa0                        . = ALIGN (0x8)
 *fill*         0x20000a9c        0x4 
                [!provide]                        PROVIDE (end = .)
                0x20000aa0                        PROVIDE (_end = .)
                0x20000ca0                        . = (. + _Min_Heap_Size)
 *fill*         0x20000aa0      0x200 
                0x200010a0                        . = (. + _Min_Stack_Size)
 *fill*         0x20000ca0      0x400 
                0x200010a0                        . = ALIGN (0x8)

/DISCARD/
 libc.a(*)
 libm.a(*)
 libgcc.a(*)

.ARM.attributes
                0x00000000       0x30
 *(.ARM.attributes)
 .ARM.attributes
                0x00000000       0x22 /opt/st/stm32cubeide_2.0.0/plugins/com.st.stm32cube.ide.mcu.externaltools.gnu-tools-for-stm32.13.3.rel1.linux64_1.0.100.202509120712/tools/bin/../lib/gcc/arm-none-eabi/13.3.1/thumb/v7e-m+fp/hard/crti.o
 .ARM.attributes
                0x00000022       0x34 /opt/st/stm32cubeide_2.0.0/plugins/com.st.stm32cube.ide.mcu.externaltools.gnu-tools-for-stm32.13.3.rel1.linux64_1.0.100.202509120712/tools/bin/../lib/gcc/arm-none-eabi/13.3.1/thumb/v7e-m+fp/hard/crtbegin.o
 .ARM.attributes
                0x00000056       0x34 ./Core/Src/main.o
 .ARM.attributes
                0x0000008a       0x34 ./Core/Src/stm32f4xx_hal_msp.o
 .ARM.attributes
                0x000000be       0x34 ./Core/Src/stm32f4xx_hal_timebase_tim.o
 .ARM.attributes
                0x000000f2       0x34 ./Core/Src/stm32f4xx_it.o
 .ARM.attributes
                0x00000126       0x34 ./Core/Src/system_stm32f4xx.o
 .ARM.attributes
                0x0000015a       0x21 ./Core/Startup/startup_stm32f446retx.o
 .ARM.attributes
                0x0000017b       0x34 ./Drivers/STM32F4xx_HAL_Driver/Src/stm32f4xx_hal.o
 .ARM.attributes
                0x000001af       0x34 ./Drivers/STM32F4xx_HAL_Driver/Src/stm32f4xx_hal_adc.o
 .ARM.attributes
                0x000001e3       0x34 ./Drivers/STM32F4xx_HAL_Driver/Src/stm32f4xx_hal_cortex.o
 .ARM.attributes
                0x00000217       0x34 ./Drivers/STM32F4xx_HAL_Driver/Src/stm32f4xx_hal_dma.o
 .ARM.attributes
                0x0000024b       0x34 ./Drivers/STM32F4xx_HAL_Driver/Src/stm32f4xx_hal_gpio.o
 .ARM.attributes
                0x0000027f       0x34 ./Drivers/STM32F4xx_HAL_Driver/Src/stm32f4xx_hal_i2c.o
 .ARM.attributes
                0x000002b3       0x34 ./Drivers/STM32F4xx_HAL_Driver/Src/stm32f4xx_hal_pcd.o
 .ARM.attributes
                0x000002e7       0x34 ./Drivers/STM32F4xx_HAL_Driver/Src/stm32f4xx_hal_rcc.o
 .ARM.attributes
                0x0000031b       0x34 ./Drivers/STM32F4xx_HAL_Driver/Src/stm32f4xx_hal_rcc_ex.o
 .ARM.attributes
                0x0000034f       0x34 ./Drivers/STM32F4xx_HAL_Driver/Src/stm32f4xx_hal_spi.o
 .ARM.attributes
                0x00000383       0x34 ./Drivers/STM32F4xx_HAL_Driver/Src/stm32f4xx_hal_tim.o
 .ARM.attributes
                0x000003b7       0x34 ./Drivers/STM32F4xx_HAL_Driver/Src/stm32f4xx_hal_tim_ex.o
 .ARM.attributes
                0x000003eb       0x34 ./Drivers/STM32F4xx_HAL_Driver/Src/stm32f4xx_ll_usb.o
 .ARM.attributes
                0x0000041f       0x34 ./Middlewares/ST/STM32_USB_Device_Library/Core/Src/usbd_core.o
 .ARM.attributes
                0x00000453       0x34 ./Middlewares/ST/STM32_USB_Device_Library/Core/Src/usbd_ctlreq.o
 .ARM.attributes
                0x00000487       0x34 ./Middlewares/ST/STM32_USB_Device_Library/Core/Src/usbd_ioreq.o
 .ARM.attributes
                0x000004bb       0x34 ./Middlewares/Third_Party/FreeRTOS/Source/list.o
 .ARM.attributes
                0x000004ef       0x34 ./Middlewares/Third_Party/FreeRTOS/Source/tasks.o
 .ARM.attributes
                0x00000523       0x34 ./Middlewares/Third_Party/FreeRTOS/Source/portable/GCC/ARM_CM4F/port.o
 .ARM.attributes
                0x00000557       0x34 ./USB_DEVICE/Target/usbd_conf.o
 .ARM.attributes
                0x0000058b       0x34 /opt/st/stm32cubeide_2.0.0/plugins/com.st.stm32cube.ide.mcu.externaltools.gnu-tools-for-stm32.13.3.rel1.linux64_1.0.100.202509120712/tools/bin/../lib/gcc/arm-none-eabi/13.3.1/../../../../arm-none-eabi/lib/thumb/v7e-m+fp/hard/libc_nano.a(libc_a-findfp.o)
 .ARM.attributes
                0x000005bf       0x34 /opt/st/stm32cubeide_2.0.0/plugins/com.st.stm32cube.ide.mcu.externaltools.gnu-tools-for-stm32.13.3.rel1.linux64_1.0.100.202509120712/tools/bin/../lib/gcc/arm-none-eabi/13.3.1/../../../../arm-none-eabi/lib/thumb/v7e-m+fp/hard/libc_nano.a(libc_a-memset.o)
 .ARM.attributes
                0x000005f3       0x34 /opt/st/stm32cubeide_2.0.0/plugins/com.st.stm32cube.ide.mcu.externaltools.gnu-tools-for-stm32.13.3.rel1.linux64_1.0.100.202509120712/tools/bin/../lib/gcc/arm-none-eabi/13.3.1/../../../../arm-none-eabi/lib/thumb/v7e-m+fp/hard/libc_nano.a(libc_a-impure.o)
 .ARM.attributes
                0x00000627       0x34 /opt/st/stm32cubeide_2.0.0/plugins/com.st.stm32cube.ide.mcu.externaltools.gnu-tools-for-stm32.13.3.rel1.linux64_1.0.100.202509120712/tools/bin/../lib/gcc/arm-none-eabi/13.3.1/../../../../arm-none-eabi/lib/thumb/v7e-m+fp/hard/libc_nano.a(libc_a-init.o)
 .ARM.attributes
                0x0000065b       0x22 /opt/st/stm32cubeide_2.0.0/plugins/com.st.stm32cube.ide.mcu.externaltools.gnu-tools-for-stm32.13.3.rel1.linux64_1.0.100.202509120712/tools/bin/../lib/gcc/arm-none-eabi/13.3.1/thumb/v7e-m+fp/hard/libgcc.a(_aeabi_uldivmod.o)
 .ARM.attributes
                0x0000067d       0x34 /opt/st/stm32cubeide_2.0.0/plugins/com.st.stm32cube.ide.mcu.externaltools.gnu-tools-for-stm32.13.3.rel1.linux64_1.0.100.202509120712/tools/bin/../lib/gcc/arm-none-eabi/13.3.1/thumb/v7e-m+fp/hard/libgcc.a(_udivmoddi4.o)
 .ARM.attributes
                0x000006b1       0x22 /opt/st/stm32cubeide_2.0.0/plugins/com.st.stm32cube.ide.mcu.externaltools.gnu-tools-for-stm32.13.3.rel1.linux64_1.0.100.202509120712/tools/bin/../lib/gcc/arm-none-eabi/13.3.1/thumb/v7e-m+fp/hard/libgcc.a(_dvmd_tls.o)
 .ARM.attributes
                0x000006d3       0x22 /opt/st/stm32cubeide_2.0.0/plugins/com.st.stm32cube.ide.mcu.externaltools.gnu-tools-for-stm32.13.3.rel1.linux64_1.0.100.202509120712/tools/bin/../lib/gcc/arm-none-eabi/13.3.1/thumb/v7e-m+fp/hard/crtn.o
OUTPUT(prueba1_sensor_espectro.elf elf32-littlearm)
LOAD linker stubs
LOAD /opt/st/stm32cubeide_2.0.0/plugins/com.st.stm32cube.ide.mcu.externaltools.gnu-tools-for-stm32.13.3.rel1.linux64_1.0.100.202509120712/tools/bin/../lib/gcc/arm-none-eabi/13.3.1/../../../../arm-none-eabi/lib/thumb/v7e-m+fp/hard/libc.a
LOAD /opt/st/stm32cubeide_2.0.0/plugins/com.st.stm32cube.ide.mcu.externaltools.gnu-tools-for-stm32.13.3.rel1.linux64_1.0.100.202509120712/tools/bin/../lib/gcc/arm-none-eabi/13.3.1/../../../../arm-none-eabi/lib/thumb/v7e-m+fp/hard/libm.a
LOAD /opt/st/stm32cubeide_2.0.0/plugins/com.st.stm32cube.ide.mcu.externaltools.gnu-tools-for-stm32.13.3.rel1.linux64_1.0.100.202509120712/tools/bin/../lib/gcc/arm-none-eabi/13.3.1/thumb/v7e-m+fp/hard/libgcc.a

.debug_info     0x00000000    0x1d202
 .debug_info    0x00000000     0x43e6 ./Core/Src/main.o
 .debug_info    0x000043e6     0x16f8 ./Core/Src/stm32f4xx_hal_msp.o
 .debug_info    0x00005ade      0xc36 ./Core/Src/stm32f4xx_hal_timebase_tim.o
 .debug_info    0x00006714      0xc4c ./Core/Src/stm32f4xx_it.o
 .debug_info    0x00007360      0x54a ./Core/Src/system_stm32f4xx.o
 .debug_info    0x000078aa       0x30 ./Core/Startup/startup_stm32f446retx.o
 .debug_info    0x000078da      0x99a ./Drivers/STM32F4xx_HAL_Driver/Src/stm32f4xx_hal.o
 .debug_info    0x00008274      0xce3 ./Drivers/STM32F4xx_HAL_Driver/Src/stm32f4xx_hal_adc.o
 .debug_info    0x00008f57      0xdaa ./Drivers/STM32F4xx_HAL_Driver/Src/stm32f4xx_hal_cortex.o
 .debug_info    0x00009d01      0x8e7 ./Drivers/STM32F4xx_HAL_Driver/Src/stm32f4xx_hal_dma.o
 .debug_info    0x0000a5e8      0x70b ./Drivers/STM32F4xx_HAL_Driver/Src/stm32f4xx_hal_gpio.o
 .debug_info    0x0000acf3     0x2421 ./Drivers/STM32F4xx_HAL_Driver/Src/stm32f4xx_hal_i2c.o
 .debug_info    0x0000d114     0x15e3 ./Drivers/STM32F4xx_HAL_Driver/Src/stm32f4xx_hal_pcd.o
 .debug_info    0x0000e6f7      0x8ff ./Drivers/STM32F4xx_HAL_Driver/Src/stm32f4xx_hal_rcc.o
 .debug_info    0x0000eff6      0x960 ./Drivers/STM32F4xx_HAL_Driver/Src/stm32f4xx_hal_rcc_ex.o
 .debug_info    0x0000f956     0x1525 ./Drivers/STM32F4xx_HAL_Driver/Src/stm32f4xx_hal_spi.o
 .debug_info    0x00010e7b     0x299d ./Drivers/STM32F4xx_HAL_Driver/Src/stm32f4xx_hal_tim.o
 .debug_info    0x00013818     0x14db ./Drivers/STM32F4xx_HAL_Driver/Src/stm32f4xx_hal_tim_ex.o
 .debug_info    0x00014cf3     0x19f1 ./Drivers/STM32F4xx_HAL_Driver/Src/stm32f4xx_ll_usb.o
 .debug_info    0x000166e4      0xe1f ./Middlewares/ST/STM32_USB_Device_Library/Core/Src/usbd_core.o
 .debug_info    0x00017503      0xaf8 ./Middlewares/ST/STM32_USB_Device_Library/Core/Src/usbd_ctlreq.o
 .debug_info    0x00017ffb      0x76f ./Middlewares/ST/STM32_USB_Device_Library/Core/Src/usbd_ioreq.o
 .debug_info    0x0001876a      0x2af ./Middlewares/Third_Party/FreeRTOS/Source/list.o
 .debug_info    0x00018a19     0x23b2 ./Middlewares/Third_Party/FreeRTOS/Source/tasks.o
 .debug_info    0x0001adcb      0x4de ./Middlewares/Third_Party/FreeRTOS/Source/portable/GCC/ARM_CM4F/port.o
 .debug_info    0x0001b2a9     0x1f59 ./USB_DEVICE/Target/usbd_conf.o

.debug_abbrev   0x00000000     0x3d34
 .debug_abbrev  0x00000000      0x48c ./Core/Src/main.o
 .debug_abbrev  0x0000048c      0x27b ./Core/Src/stm32f4xx_hal_msp.o
 .debug_abbrev  0x00000707      0x1f4 ./Core/Src/stm32f4xx_hal_timebase_tim.o
 .debug_abbrev  0x000008fb      0x1d5 ./Core/Src/stm32f4xx_it.o
 .debug_abbrev  0x00000ad0      0x11a ./Core/Src/system_stm32f4xx.o
 .debug_abbrev  0x00000bea       0x24 ./Core/Startup/startup_stm32f446retx.o
 .debug_abbrev  0x00000c0e      0x214 ./Drivers/STM32F4xx_HAL_Driver/Src/stm32f4xx_hal.o
 .debug_abbrev  0x00000e22      0x252 ./Drivers/STM32F4xx_HAL_Driver/Src/stm32f4xx_hal_adc.o
 .debug_abbrev  0x00001074      0x31d ./Drivers/STM32F4xx_HAL_Driver/Src/stm32f4xx_hal_cortex.o
 .debug_abbrev  0x00001391      0x264 ./Drivers/STM32F4xx_HAL_Driver/Src/stm32f4xx_hal_dma.o
 .debug_abbrev  0x000015f5      0x1d4 ./Drivers/STM32F4xx_HAL_Driver/Src/stm32f4xx_hal_gpio.o
 .debug_abbrev  0x000017c9      0x2ad ./Drivers/STM32F4xx_HAL_Driver/Src/stm32f4xx_hal_i2c.o
 .debug_abbrev  0x00001a76      0x2d0 ./Drivers/STM32F4xx_HAL_Driver/Src/stm32f4xx_hal_pcd.o
 .debug_abbrev  0x00001d46      0x2b7 ./Drivers/STM32F4xx_HAL_Driver/Src/stm32f4xx_hal_rcc.o
 .debug_abbrev  0x00001ffd      0x211 ./Drivers/STM32F4xx_HAL_Driver/Src/stm32f4xx_hal_rcc_ex.o
 .debug_abbrev  0x0000220e      0x27a ./Drivers/STM32F4xx_HAL_Driver/Src/stm32f4xx_hal_spi.o
 .debug_abbrev  0x00002488      0x278 ./Drivers/STM32F4xx_HAL_Driver/Src/stm32f4xx_hal_tim.o
 .debug_abbrev  0x00002700      0x283 ./Drivers/STM32F4xx_HAL_Driver/Src/stm32f4xx_hal_tim_ex.o
 .debug_abbrev  0x00002983      0x2b3 ./Drivers/STM32F4xx_HAL_Driver/Src/stm32f4xx_ll_usb.o
 .debug_abbrev  0x00002c36      0x27c ./Middlewares/ST/STM32_USB_Device_Library/Core/Src/usbd_core.o
 .debug_abbrev  0x00002eb2      0x26f ./Middlewares/ST/STM32_USB_Device_Library/Core/Src/usbd_ctlreq.o
 .debug_abbrev  0x00003121      0x19a ./Middlewares/ST/STM32_USB_Device_Library/Core/Src/usbd_ioreq.o
 .debug_abbrev  0x000032bb       0xf5 ./Middlewares/Third_Party/FreeRTOS/Source/list.o
 .debug_abbrev  0x000033b0      0x3e7 ./Middlewares/Third_Party/FreeRTOS/Source/tasks.o
 .debug_abbrev  0x00003797      0x25c ./Middlewares/Third_Party/FreeRTOS/Source/portable/GCC/ARM_CM4F/port.o
 .debug_abbrev  0x000039f3      0x341 ./USB_DEVICE/Target/usbd_conf.o

.debug_aranges  0x00000000     0x1988
 .debug_aranges
                0x00000000      0x160 ./Core/Src/main.o
 .debug_aranges
                0x00000160       0x68 ./Core/Src/stm32f4xx_hal_msp.o
 .debug_aranges
                0x000001c8       0x30 ./Core/Src/stm32f4xx_hal_timebase_tim.o
 .debug_aranges
                0x000001f8       0x70 ./Core/Src/stm32f4xx_it.o
 .debug_aranges
                0x00000268       0x28 ./Core/Src/system_stm32f4xx.o
 .debug_aranges
                0x00000290       0x28 ./Core/Startup/startup_stm32f446retx.o
 .debug_aranges
                0x000002b8       0xf0 ./Drivers/STM32F4xx_HAL_Driver/Src/stm32f4xx_hal.o
 .debug_aranges
                0x000003a8       0xe8 ./Drivers/STM32F4xx_HAL_Driver/Src/stm32f4xx_hal_adc.o
 .debug_aranges
                0x00000490      0x130 ./Drivers/STM32F4xx_HAL_Driver/Src/stm32f4xx_hal_cortex.o
 .debug_aranges
                0x000005c0       0x90 ./Drivers/STM32F4xx_HAL_Driver/Src/stm32f4xx_hal_dma.o
 .debug_aranges
                0x00000650       0x58 ./Drivers/STM32F4xx_HAL_Driver/Src/stm32f4xx_hal_gpio.o
 .debug_aranges
                0x000006a8      0x2a8 ./Drivers/STM32F4xx_HAL_Driver/Src/stm32f4xx_hal_i2c.o
 .debug_aranges
                0x00000950      0x148 ./Drivers/STM32F4xx_HAL_Driver/Src/stm32f4xx_hal_pcd.o
 .debug_aranges
                0x00000a98       0x88 ./Drivers/STM32F4xx_HAL_Driver/Src/stm32f4xx_hal_rcc.o
 .debug_aranges
                0x00000b20       0x78 ./Drivers/STM32F4xx_HAL_Driver/Src/stm32f4xx_hal_rcc_ex.o
 .debug_aranges
                0x00000b98      0x1d0 ./Drivers/STM32F4xx_HAL_Driver/Src/stm32f4xx_hal_spi.o
 .debug_aranges
                0x00000d68      0x3d0 ./Drivers/STM32F4xx_HAL_Driver/Src/stm32f4xx_hal_tim.o
 .debug_aranges
                0x00001138      0x168 ./Drivers/STM32F4xx_HAL_Driver/Src/stm32f4xx_hal_tim_ex.o
 .debug_aranges
                0x000012a0      0x1a0 ./Drivers/STM32F4xx_HAL_Driver/Src/stm32f4xx_ll_usb.o
 .debug_aranges
                0x00001440       0xd8 ./Middlewares/ST/STM32_USB_Device_Library/Core/Src/usbd_core.o
 .debug_aranges
                0x00001518       0x90 ./Middlewares/ST/STM32_USB_Device_Library/Core/Src/usbd_ctlreq.o
 .debug_aranges
                0x000015a8       0x50 ./Middlewares/ST/STM32_USB_Device_Library/Core/Src/usbd_ioreq.o
 .debug_aranges
                0x000015f8       0x40 ./Middlewares/Third_Party/FreeRTOS/Source/list.o
 .debug_aranges
                0x00001638      0x1b8 ./Middlewares/Third_Party/FreeRTOS/Source/tasks.o
 .debug_aranges
                0x000017f0       0x80 ./Middlewares/Third_Party/FreeRTOS/Source/portable/GCC/ARM_CM4F/port.o
 .debug_aranges
                0x00001870      0x118 ./USB_DEVICE/Target/usbd_conf.o

.debug_rnglists
                0x00000000     0x13f7
 .debug_rnglists
                0x00000000      0x129 ./Core/Src/main.o
 .debug_rnglists
                0x00000129       0x4d ./Core/Src/stm32f4xx_hal_msp.o
 .debug_rnglists
                0x00000176       0x20 ./Core/Src/stm32f4xx_hal_timebase_tim.o
 .debug_rnglists
                0x00000196       0x4f ./Core/Src/stm32f4xx_it.o
 .debug_rnglists
                0x000001e5       0x1a ./Core/Src/system_stm32f4xx.o
 .debug_rnglists
                0x000001ff       0x19 ./Core/Startup/startup_stm32f446retx.o
 .debug_rnglists
                0x00000218       0xaf ./Drivers/STM32F4xx_HAL_Driver/Src/stm32f4xx_hal.o
 .debug_rnglists
                0x000002c7       0xb5 ./Drivers/STM32F4xx_HAL_Driver/Src/stm32f4xx_hal_adc.o
 .debug_rnglists
                0x0000037c       0xe0 ./Drivers/STM32F4xx_HAL_Driver/Src/stm32f4xx_hal_cortex.o
 .debug_rnglists
                0x0000045c       0x70 ./Drivers/STM32F4xx_HAL_Driver/Src/stm32f4xx_hal_dma.o
 .debug_rnglists
                0x000004cc       0x3f ./Drivers/STM32F4xx_HAL_Driver/Src/stm32f4xx_hal_gpio.o
 .debug_rnglists
                0x0000050b      0x23c ./Drivers/STM32F4xx_HAL_Driver/Src/stm32f4xx_hal_i2c.o
 .debug_rnglists
                0x00000747       0xfa ./Drivers/STM32F4xx_HAL_Driver/Src/stm32f4xx_hal_pcd.o
 .debug_rnglists
                0x00000841       0x66 ./Drivers/STM32F4xx_HAL_Driver/Src/stm32f4xx_hal_rcc.o
 .debug_rnglists
                0x000008a7       0x5e ./Drivers/STM32F4xx_HAL_Driver/Src/stm32f4xx_hal_rcc_ex.o
 .debug_rnglists
                0x00000905      0x16f ./Drivers/STM32F4xx_HAL_Driver/Src/stm32f4xx_hal_spi.o
 .debug_rnglists
                0x00000a74      0x31a ./Drivers/STM32F4xx_HAL_Driver/Src/stm32f4xx_hal_tim.o
 .debug_rnglists
                0x00000d8e      0x125 ./Drivers/STM32F4xx_HAL_Driver/Src/stm32f4xx_hal_tim_ex.o
 .debug_rnglists
                0x00000eb3      0x147 ./Drivers/STM32F4xx_HAL_Driver/Src/stm32f4xx_ll_usb.o
 .debug_rnglists
                0x00000ffa       0xa1 ./Middlewares/ST/STM32_USB_Device_Library/Core/Src/usbd_core.o
 .debug_rnglists
                0x0000109b       0x6e ./Middlewares/ST/STM32_USB_Device_Library/Core/Src/usbd_ctlreq.o
 .debug_rnglists
                0x00001109       0x37 ./Middlewares/ST/STM32_USB_Device_Library/Core/Src/usbd_ioreq.o
 .debug_rnglists
                0x00001140       0x2b ./Middlewares/Third_Party/FreeRTOS/Source/list.o
 .debug_rnglists
                0x0000116b      0x15f ./Middlewares/Third_Party/FreeRTOS/Source/tasks.o
 .debug_rnglists
                0x000012ca       0x5d ./Middlewares/Third_Party/FreeRTOS/Source/portable/GCC/ARM_CM4F/port.o
 .debug_rnglists
                0x00001327       0xd0 ./USB_DEVICE/Target/usbd_conf.o

.debug_macro    0x00000000     0x4f3b
 .debug_macro   0x00000000      0x525 ./Core/Src/main.o
 .debug_macro   0x00000525       0xf1 ./Core/Src/main.o
 .debug_macro   0x00000616       0x91 ./Core/Src/main.o
 .debug_macro   0x000006a7       0x8d ./Core/Src/main.o
 .debug_macro   0x00000734       0x7e ./Core/Src/main.o
 .debug_macro   0x000007b2       0x19 ./Core/Src/main.o
 .debug_macro   0x000007cb       0xf2 ./Core/Src/main.o
 .debug_macro   0x000008bd       0x78 ./Core/Src/main.o
 .debug_macro   0x00000935      0x20f ./Core/Src/main.o
 .debug_macro   0x00000b44       0x65 ./Core/Src/main.o
 .debug_macro   0x00000ba9      0x1c6 ./Core/Src/main.o
 .debug_macro   0x00000d6f       0x46 ./Core/Src/main.o
 .debug_macro   0x00000db5      0x1ae ./Core/Src/main.o
 .debug_macro   0x00000f63      0x1b6 ./Core/Src/main.o
 .debug_macro   0x00001119      0x242 ./Core/Src/stm32f4xx_hal_msp.o
 .debug_macro   0x0000135b      0x233 ./Core/Src/stm32f4xx_hal_timebase_tim.o
 .debug_macro   0x0000158e      0x24c ./Core/Src/stm32f4xx_it.o
 .debug_macro   0x000017da      0x233 ./Core/Src/system_stm32f4xx.o
 .debug_macro   0x00001a0d      0x293 ./Drivers/STM32F4xx_HAL_Driver/Src/stm32f4xx_hal.o
 .debug_macro   0x00001ca0      0x234 ./Drivers/STM32F4xx_HAL_Driver/Src/stm32f4xx_hal_adc.o
 .debug_macro   0x00001ed4      0x233 ./Drivers/STM32F4xx_HAL_Driver/Src/stm32f4xx_hal_cortex.o
 .debug_macro   0x00002107      0x239 ./Drivers/STM32F4xx_HAL_Driver/Src/stm32f4xx_hal_dma.o
 .debug_macro   0x00002340      0x239 ./Drivers/STM32F4xx_HAL_Driver/Src/stm32f4xx_hal_gpio.o
 .debug_macro   0x00002579      0x281 ./Drivers/STM32F4xx_HAL_Driver/Src/stm32f4xx_hal_i2c.o
 .debug_macro   0x000027fa      0x23f ./Drivers/STM32F4xx_HAL_Driver/Src/stm32f4xx_hal_pcd.o
 .debug_macro   0x00002a39      0x257 ./Drivers/STM32F4xx_HAL_Driver/Src/stm32f4xx_hal_rcc.o
 .debug_macro   0x00002c90      0x233 ./Drivers/STM32F4xx_HAL_Driver/Src/stm32f4xx_hal_rcc_ex.o
 .debug_macro   0x00002ec3      0x242 ./Drivers/STM32F4xx_HAL_Driver/Src/stm32f4xx_hal_spi.o
 .debug_macro   0x00003105      0x234 ./Drivers/STM32F4xx_HAL_Driver/Src/stm32f4xx_hal_tim.o
 .debug_macro   0x00003339      0x233 ./Drivers/STM32F4xx_HAL_Driver/Src/stm32f4xx_hal_tim_ex.o
 .debug_macro   0x0000356c      0x233 ./Drivers/STM32F4xx_HAL_Driver/Src/stm32f4xx_ll_usb.o
 .debug_macro   0x0000379f      0x3b8 ./Middlewares/ST/STM32_USB_Device_Library/Core/Src/usbd_core.o
 .debug_macro   0x00003b57      0x215 ./Middlewares/ST/STM32_USB_Device_Library/Core/Src/usbd_core.o
 .debug_macro   0x00003d6c      0x3c2 ./Middlewares/ST/STM32_USB_Device_Library/Core/Src/usbd_ctlreq.o
 .debug_macro   0x0000412e      0x3be ./Middlewares/ST/STM32_USB_Device_Library/Core/Src/usbd_ioreq.o
 .debug_macro   0x000044ec      0x199 ./Middlewares/Third_Party/FreeRTOS/Source/list.o
 .debug_macro   0x00004685      0x28b ./Middlewares/Third_Party/FreeRTOS/Source/tasks.o
 .debug_macro   0x00004910       0x10 ./Middlewares/Third_Party/FreeRTOS/Source/tasks.o
 .debug_macro   0x00004920      0x246 ./Middlewares/Third_Party/FreeRTOS/Source/portable/GCC/ARM_CM4F/port.o
 .debug_macro   0x00004b66      0x3d5 ./USB_DEVICE/Target/usbd_conf.o

.debug_line     0x00000000    0x1ecd0
 .debug_line    0x00000000     0x26ca ./Core/Src/main.o
 .debug_line    0x000026ca      0x97d ./Core/Src/stm32f4xx_hal_msp.o
 .debug_line    0x00003047      0x7c0 ./Core/Src/stm32f4xx_hal_timebase_tim.o
 .debug_line    0x00003807      0x836 ./Core/Src/stm32f4xx_it.o
 .debug_line    0x0000403d      0x7c3 ./Core/Src/system_stm32f4xx.o
 .debug_line    0x00004800       0x7a ./Core/Startup/startup_stm32f446retx.o
 .debug_line    0x0000487a      0xa3f ./Drivers/STM32F4xx_HAL_Driver/Src/stm32f4xx_hal.o
 .debug_line    0x000052b9     0x1262 ./Drivers/STM32F4xx_HAL_Driver/Src/stm32f4xx_hal_adc.o
 .debug_line    0x0000651b      0xd0f ./Drivers/STM32F4xx_HAL_Driver/Src/stm32f4xx_hal_cortex.o
 .debug_line    0x0000722a      0xfab ./Drivers/STM32F4xx_HAL_Driver/Src/stm32f4xx_hal_dma.o
 .debug_line    0x000081d5      0xb83 ./Drivers/STM32F4xx_HAL_Driver/Src/stm32f4xx_hal_gpio.o
 .debug_line    0x00008d58     0x3aec ./Drivers/STM32F4xx_HAL_Driver/Src/stm32f4xx_hal_i2c.o
 .debug_line    0x0000c844     0x14ba ./Drivers/STM32F4xx_HAL_Driver/Src/stm32f4xx_hal_pcd.o
 .debug_line    0x0000dcfe      0xe5a ./Drivers/STM32F4xx_HAL_Driver/Src/stm32f4xx_hal_rcc.o
 .debug_line    0x0000eb58     0x150b ./Drivers/STM32F4xx_HAL_Driver/Src/stm32f4xx_hal_rcc_ex.o
 .debug_line    0x00010063     0x1cda ./Drivers/STM32F4xx_HAL_Driver/Src/stm32f4xx_hal_spi.o
 .debug_line    0x00011d3d     0x37b4 ./Drivers/STM32F4xx_HAL_Driver/Src/stm32f4xx_hal_tim.o
 .debug_line    0x000154f1     0x199f ./Drivers/STM32F4xx_HAL_Driver/Src/stm32f4xx_hal_tim_ex.o
 .debug_line    0x00016e90     0x1d61 ./Drivers/STM32F4xx_HAL_Driver/Src/stm32f4xx_ll_usb.o
 .debug_line    0x00018bf1      0xf55 ./Middlewares/ST/STM32_USB_Device_Library/Core/Src/usbd_core.o
 .debug_line    0x00019b46     0x1134 ./Middlewares/ST/STM32_USB_Device_Library/Core/Src/usbd_ctlreq.o
 .debug_line    0x0001ac7a      0xa5c ./Middlewares/ST/STM32_USB_Device_Library/Core/Src/usbd_ioreq.o
 .debug_line    0x0001b6d6      0x6d1 ./Middlewares/Third_Party/FreeRTOS/Source/list.o
 .debug_line    0x0001bda7     0x1833 ./Middlewares/Third_Party/FreeRTOS/Source/tasks.o
 .debug_line    0x0001d5da      0x885 ./Middlewares/Third_Party/FreeRTOS/Source/portable/GCC/ARM_CM4F/port.o
 .debug_line    0x0001de5f      0xe71 ./USB_DEVICE/Target/usbd_conf.o

.debug_str      0x00000000    0xedf04
 .debug_str     0x00000000    0xedf04 ./Core/Src/main.o
                              0xe76f0 (size before relaxing)
 .debug_str     0x000edf04        0x0 ./Core/Src/stm32f4xx_hal_msp.o
                              0xd98e5 (size before relaxing)
 .debug_str     0x000edf04        0x0 ./Core/Src/stm32f4xx_hal_timebase_tim.o
                              0xd8e0a (size before relaxing)
 .debug_str     0x000edf04        0x0 ./Core/Src/stm32f4xx_it.o
                              0xd8fc3 (size before relaxing)
 .debug_str     0x000edf04        0x0 ./Core/Src/system_stm32f4xx.o
                              0xd82e2 (size before relaxing)
 .debug_str     0x000edf04        0x0 ./Core/Startup/startup_stm32f446retx.o
                                 0x87 (size before relaxing)
 .debug_str     0x000edf04        0x0 ./Drivers/STM32F4xx_HAL_Driver/Src/stm32f4xx_hal.o
                              0xd8ea7 (size before relaxing)
 .debug_str     0x000edf04        0x0 ./Drivers/STM32F4xx_HAL_Driver/Src/stm32f4xx_hal_adc.o
                              0xd88aa (size before relaxing)
 .debug_str     0x000edf04        0x0 ./Drivers/STM32F4xx_HAL_Driver/Src/stm32f4xx_hal_cortex.o
                              0xd8bfe (size before relaxing)
 .debug_str     0x000edf04        0x0 ./Drivers/STM32F4xx_HAL_Driver/Src/stm32f4xx_hal_dma.o
                              0xd86d7 (size before relaxing)
 .debug_str     0x000edf04        0x0 ./Drivers/STM32F4xx_HAL_Driver/Src/stm32f4xx_hal_gpio.o
                              0xd845d (size before relaxing)
 .debug_str     0x000edf04        0x0 ./Drivers/STM32F4xx_HAL_Driver/Src/stm32f4xx_hal_i2c.o
                              0xd92e0 (size before relaxing)
 .debug_str     0x000edf04        0x0 ./Drivers/STM32F4xx_HAL_Driver/Src/stm32f4xx_hal_pcd.o
                              0xd8df3 (size before relaxing)
 .debug_str     0x000edf04        0x0 ./Drivers/STM32F4xx_HAL_Driver/Src/stm32f4xx_hal_rcc.o
                              0xd871b (size before relaxing)
 .debug_str     0x000edf04        0x0 ./Drivers/STM32F4xx_HAL_Driver/Src/stm32f4xx_hal_rcc_ex.o
                              0xd874e (size before relaxing)
 .debug_str     0x000edf04        0x0 ./Drivers/STM32F4xx_HAL_Driver/Src/stm32f4xx_hal_spi.o
                              0xd8b7b (size before relaxing)
 .debug_str     0x000edf04        0x0 ./Drivers/STM32F4xx_HAL_Driver/Src/stm32f4xx_hal_tim.o
                              0xd9647 (size before relaxing)
 .debug_str     0x000edf04        0x0 ./Drivers/STM32F4xx_HAL_Driver/Src/stm32f4xx_hal_tim_ex.o
                              0xd8e53 (size before relaxing)
 .debug_str     0x000edf04        0x0 ./Drivers/STM32F4xx_HAL_Driver/Src/stm32f4xx_ll_usb.o
                              0xd8caf (size before relaxing)
 .debug_str     0x000edf04        0x0 ./Middlewares/ST/STM32_USB_Device_Library/Core/Src/usbd_core.o
                              0xdd17c (size before relaxing)
 .debug_str     0x000edf04        0x0 ./Middlewares/ST/STM32_USB_Device_Library/Core/Src/usbd_ctlreq.o
                              0xdcfa7 (size before relaxing)
 .debug_str     0x000edf04        0x0 ./Middlewares/ST/STM32_USB_Device_Library/Core/Src/usbd_ioreq.o
                              0xdce7c (size before relaxing)
 .debug_str     0x000edf04        0x0 ./Middlewares/Third_Party/FreeRTOS/Source/list.o
                               0xac4e (size before relaxing)
 .debug_str     0x000edf04        0x0 ./Middlewares/Third_Party/FreeRTOS/Source/tasks.o
                               0xd31d (size before relaxing)
 .debug_str     0x000edf04        0x0 ./Middlewares/Third_Party/FreeRTOS/Source/portable/GCC/ARM_CM4F/port.o
                               0xb988 (size before relaxing)
 .debug_str     0x000edf04        0x0 ./USB_DEVICE/Target/usbd_conf.o
                              0xde245 (size before relaxing)

.comment        0x00000000       0x43
 .comment       0x00000000       0x43 ./Core/Src/main.o
                                 0x44 (size before relaxing)
 .comment       0x00000043        0x0 ./Core/Src/stm32f4xx_hal_msp.o
                                 0x44 (size before relaxing)
 .comment       0x00000043        0x0 ./Core/Src/stm32f4xx_hal_timebase_tim.o
                                 0x44 (size before relaxing)
 .comment       0x00000043        0x0 ./Core/Src/stm32f4xx_it.o
                                 0x44 (size before relaxing)
 .comment       0x00000043        0x0 ./Core/Src/system_stm32f4xx.o
                                 0x44 (size before relaxing)
 .comment       0x00000043        0x0 ./Drivers/STM32F4xx_HAL_Driver/Src/stm32f4xx_hal.o
                                 0x44 (size before relaxing)
 .comment       0x00000043        0x0 ./Drivers/STM32F4xx_HAL_Driver/Src/stm32f4xx_hal_adc.o
                                 0x44 (size before relaxing)
 .comment       0x00000043        0x0 ./Drivers/STM32F4xx_HAL_Driver/Src/stm32f4xx_hal_cortex.o
                                 0x44 (size before relaxing)
 .comment       0x00000043        0x0 ./Drivers/STM32F4xx_HAL_Driver/Src/stm32f4xx_hal_dma.o
                                 0x44 (size before relaxing)
 .comment       0x00000043        0x0 ./Drivers/STM32F4xx_HAL_Driver/Src/stm32f4xx_hal_gpio.o
                                 0x44 (size before relaxing)
 .comment       0x00000043        0x0 ./Drivers/STM32F4xx_HAL_Driver/Src/stm32f4xx_hal_i2c.o
                                 0x44 (size before relaxing)
 .comment       0x00000043        0x0 ./Drivers/STM32F4xx_HAL_Driver/Src/stm32f4xx_hal_pcd.o
                                 0x44 (size before relaxing)
 .comment       0x00000043        0x0 ./Drivers/STM32F4xx_HAL_Driver/Src/stm32f4xx_hal_rcc.o
                                 0x44 (size before relaxing)
 .comment       0x00000043        0x0 ./Drivers/STM32F4xx_HAL_Driver/Src/stm32f4xx_hal_rcc_ex.o
                                 0x44 (size before relaxing)
 .comment       0x00000043        0x0 ./Drivers/STM32F4xx_HAL_Driver/Src/stm32f4xx_hal_spi.o
                                 0x44 (size before relaxing)
 .comment       0x00000043        0x0 ./Drivers/STM32F4xx_HAL_Driver/Src/stm32f4xx_hal_tim.o
                                 0x44 (size before relaxing)
 .comment       0x00000043        0x0 ./Drivers/STM32F4xx_HAL_Driver/Src/stm32f4xx_hal_tim_ex.o
                                 0x44 (size before relaxing)
 .comment       0x00000043        0x0 ./Drivers/STM32F4xx_HAL_Driver/Src/stm32f4xx_ll_usb.o
                                 0x44 (size before relaxing)
 .comment       0x00000043        0x0 ./Middlewares/ST/STM32_USB_Device_Library/Core/Src/usbd_core.o
                                 0x44 (size before relaxing)
 .comment       0x00000043        0x0 ./Middlewares/ST/STM32_USB_Device_Library/Core/Src/usbd_ctlreq.o
                                 0x44 (size before relaxing)
 .comment       0x00000043        0x0 ./Middlewares/ST/STM32_USB_Device_Library/Core/Src/usbd_ioreq.o
                                 0x44 (size before relaxing)
 .comment       0x00000043        0x0 ./Middlewares/Third_Party/FreeRTOS/Source/list.o
                                 0x44 (size before relaxing)
 .comment       0x00000043        0x0 ./Middlewares/Third_Party/FreeRTOS/Source/tasks.o
                                 0x44 (size before relaxing)
 .comment       0x00000043        0x0 ./Middlewares/Third_Party/FreeRTOS/Source/portable/GCC/ARM_CM4F/port.o
                                 0x44 (size before relaxing)
 .comment       0x00000043        0x0 ./USB_DEVICE/Target/usbd_conf.o
                                 0x44 (size before relaxing)

.debug_frame    0x00000000     0x6eb0
 .debug_frame   0x00000000      0x5bc ./Core/Src/main.o
 .debug_frame   0x000005bc      0x180 ./Core/Src/stm32f4xx_hal_msp.o
 .debug_frame   0x0000073c       0x74 ./Core/Src/stm32f4xx_hal_timebase_tim.o
 .debug_frame   0x000007b0      0x134 ./Core/Src/stm32f4xx_it.o
 .debug_frame   0x000008e4       0x58 ./Core/Src/system_stm32f4xx.o
 .debug_frame   0x0000093c      0x374 ./Drivers/STM32F4xx_HAL_Driver/Src/stm32f4xx_hal.o
 .debug_frame   0x00000cb0      0x3fc ./Drivers/STM32F4xx_HAL_Driver/Src/stm32f4xx_hal_adc.o
 .debug_frame   0x000010ac      0x508 ./Drivers/STM32F4xx_HAL_Driver/Src/stm32f4xx_hal_cortex.o
 .debug_frame   0x000015b4      0x250 ./Drivers/STM32F4xx_HAL_Driver/Src/stm32f4xx_hal_dma.o
 .debug_frame   0x00001804      0x14c ./Drivers/STM32F4xx_HAL_Driver/Src/stm32f4xx_hal_gpio.o
 .debug_frame   0x00001950      0xc84 ./Drivers/STM32F4xx_HAL_Driver/Src/stm32f4xx_hal_i2c.o
 .debug_frame   0x000025d4      0x5b8 ./Drivers/STM32F4xx_HAL_Driver/Src/stm32f4xx_hal_pcd.o
 .debug_frame   0x00002b8c      0x1f4 ./Drivers/STM32F4xx_HAL_Driver/Src/stm32f4xx_hal_rcc.o
 .debug_frame   0x00002d80      0x1e8 ./Drivers/STM32F4xx_HAL_Driver/Src/stm32f4xx_hal_rcc_ex.o
 .debug_frame   0x00002f68      0x828 ./Drivers/STM32F4xx_HAL_Driver/Src/stm32f4xx_hal_spi.o
 .debug_frame   0x00003790     0x11c0 ./Drivers/STM32F4xx_HAL_Driver/Src/stm32f4xx_hal_tim.o
 .debug_frame   0x00004950      0x638 ./Drivers/STM32F4xx_HAL_Driver/Src/stm32f4xx_hal_tim_ex.o
 .debug_frame   0x00004f88      0x7c0 ./Drivers/STM32F4xx_HAL_Driver/Src/stm32f4xx_ll_usb.o
 .debug_frame   0x00005748      0x390 ./Middlewares/ST/STM32_USB_Device_Library/Core/Src/usbd_core.o
 .debug_frame   0x00005ad8      0x23c ./Middlewares/ST/STM32_USB_Device_Library/Core/Src/usbd_ctlreq.o
 .debug_frame   0x00005d14      0x10c ./Middlewares/ST/STM32_USB_Device_Library/Core/Src/usbd_ioreq.o
 .debug_frame   0x00005e20       0xd8 ./Middlewares/Third_Party/FreeRTOS/Source/list.o
 .debug_frame   0x00005ef8      0x77c ./Middlewares/Third_Party/FreeRTOS/Source/tasks.o
 .debug_frame   0x00006674      0x1a8 ./Middlewares/Third_Party/FreeRTOS/Source/portable/GCC/ARM_CM4F/port.o
 .debug_frame   0x0000681c      0x4a4 ./USB_DEVICE/Target/usbd_conf.o
 .debug_frame   0x00006cc0      0x144 /opt/st/stm32cubeide_2.0.0/plugins/com.st.stm32cube.ide.mcu.externaltools.gnu-tools-for-stm32.13.3.rel1.linux64_1.0.100.202509120712/tools/bin/../lib/gcc/arm-none-eabi/13.3.1/../../../../arm-none-eabi/lib/thumb/v7e-m+fp/hard/libc_nano.a(libc_a-findfp.o)
 .debug_frame   0x00006e04       0x20 /opt/st/stm32cubeide_2.0.0/plugins/com.st.stm32cube.ide.mcu.externaltools.gnu-tools-for-stm32.13.3.rel1.linux64_1.0.100.202509120712/tools/bin/../lib/gcc/arm-none-eabi/13.3.1/../../../../arm-none-eabi/lib/thumb/v7e-m+fp/hard/libc_nano.a(libc_a-memset.o)
 .debug_frame   0x00006e24       0x2c /opt/st/stm32cubeide_2.0.0/plugins/com.st.stm32cube.ide.mcu.externaltools.gnu-tools-for-stm32.13.3.rel1.linux64_1.0.100.202509120712/tools/bin/../lib/gcc/arm-none-eabi/13.3.1/../../../../arm-none-eabi/lib/thumb/v7e-m+fp/hard/libc_nano.a(libc_a-init.o)
 .debug_frame   0x00006e50       0x2c /opt/st/stm32cubeide_2.0.0/plugins/com.st.stm32cube.ide.mcu.externaltools.gnu-tools-for-stm32.13.3.rel1.linux64_1.0.100.202509120712/tools/bin/../lib/gcc/arm-none-eabi/13.3.1/thumb/v7e-m+fp/hard/libgcc.a(_aeabi_uldivmod.o)
 .debug_frame   0x00006e7c       0x34 /opt/st/stm32cubeide_2.0.0/plugins/com.st.stm32cube.ide.mcu.externaltools.gnu-tools-for-stm32.13.3.rel1.linux64_1.0.100.202509120712/tools/bin/../lib/gcc/arm-none-eabi/13.3.1/thumb/v7e-m+fp/hard/libgcc.a(_udivmoddi4.o)

.debug_line_str
                0x00000000       0x6b
 .debug_line_str
                0x00000000       0x6b ./Core/Startup/startup_stm32f446retx.o
