Archive member included to satisfy reference by file (symbol)

/opt/st/stm32cubeide_2.0.0/plugins/com.st.stm32cube.ide.mcu.externaltools.gnu-tools-for-stm32.13.3.rel1.linux64_1.0.100.202509120712/tools/bin/../lib/gcc/arm-none-eabi/13.3.1/../../../../arm-none-eabi/lib/thumb/v7e-m+fp/hard/libc_nano.a(libc_a-exit.o)
                              /opt/st/stm32cubeide_2.0.0/plugins/com.st.stm32cube.ide.mcu.externaltools.gnu-tools-for-stm32.13.3.rel1.linux64_1.0.100.202509120712/tools/bin/../lib/gcc/arm-none-eabi/13.3.1/../../../../arm-none-eabi/lib/thumb/v7e-m+fp/hard/crt0.o (exit)
/opt/st/stm32cubeide_2.0.0/plugins/com.st.stm32cube.ide.mcu.externaltools.gnu-tools-for-stm32.13.3.rel1.linux64_1.0.100.202509120712/tools/bin/../lib/gcc/arm-none-eabi/13.3.1/../../../../arm-none-eabi/lib/thumb/v7e-m+fp/hard/libc_nano.a(libc_a-findfp.o)
                              ./Middlewares/Third_Party/FreeRTOS/Source/tasks.o (__sf)
/opt/st/stm32cubeide_2.0.0/plugins/com.st.stm32cube.ide.mcu.externaltools.gnu-tools-for-stm32.13.3.rel1.linux64_1.0.100.202509120712/tools/bin/../lib/gcc/arm-none-eabi/13.3.1/../../../../arm-none-eabi/lib/thumb/v7e-m+fp/hard/libc_nano.a(libc_a-fwalk.o)
                              /opt/st/stm32cubeide_2.0.0/plugins/com.st.stm32cube.ide.mcu.externaltools.gnu-tools-for-stm32.13.3.rel1.linux64_1.0.100.202509120712/tools/bin/../lib/gcc/arm-none-eabi/13.3.1/../../../../arm-none-eabi/lib/thumb/v7e-m+fp/hard/libc_nano.a(libc_a-findfp.o) (_fwalk_sglue)
/opt/st/stm32cubeide_2.0.0/plugins/com.st.stm32cube.ide.mcu.externaltools.gnu-tools-for-stm32.13.3.rel1.linux64_1.0.100.202509120712/tools/bin/../lib/gcc/arm-none-eabi/13.3.1/../../../../arm-none-eabi/lib/thumb/v7e-m+fp/hard/libc_nano.a(libc_a-stdio.o)
                              /opt/st/stm32cubeide_2.0.0/plugins/com.st.stm32cube.ide.mcu.externaltools.gnu-tools-for-stm32.13.3.rel1.linux64_1.0.100.202509120712/tools/bin/../lib/gcc/arm-none-eabi/13.3.1/../../../../arm-none-eabi/lib/thumb/v7e-m+fp/hard/libc_nano.a(libc_a-findfp.o) (__sread)
/opt/st/stm32cubeide_2.0.0/plugins/com.st.stm32cube.ide.mcu.externaltools.gnu-tools-for-stm32.13.3.rel1.linux64_1.0.100.202509120712/tools/bin/../lib/gcc/arm-none-eabi/13.3.1/../../../../arm-none-eabi/lib/thumb/v7e-m+fp/hard/libc_nano.a(libc_a-memset.o)
                              /opt/st/stm32cubeide_2.0.0/plugins/com.st.stm32cube.ide.mcu.externaltools.gnu-tools-for-stm32.13.3.rel1.linux64_1.0.100.202509120712/tools/bin/../lib/gcc/arm-none-eabi/13.3.1/../../../../arm-none-eabi/lib/thumb/v7e-m+fp/hard/crt0.o (memset)
/opt/st/stm32cubeide_2.0.0/plugins/com.st.stm32cube.ide.mcu.externaltools.gnu-tools-for-stm32.13.3.rel1.linux64_1.0.100.202509120712/tools/bin/../lib/gcc/arm-none-eabi/13.3.1/../../../../arm-none-eabi/lib/thumb/v7e-m+fp/hard/libc_nano.a(libc_a-closer.o)
                              /opt/st/stm32cubeide_2.0.0/plugins/com.st.stm32cube.ide.mcu.externaltools.gnu-tools-for-stm32.13.3.rel1.linux64_1.0.100.202509120712/tools/bin/../lib/gcc/arm-none-eabi/13.3.1/../../../../arm-none-eabi/lib/thumb/v7e-m+fp/hard/libc_nano.a(libc_a-stdio.o) (_close_r)
/opt/st/stm32cubeide_2.0.0/plugins/com.st.stm32cube.ide.mcu.externaltools.gnu-tools-for-stm32.13.3.rel1.linux64_1.0.100.202509120712/tools/bin/../lib/gcc/arm-none-eabi/13.3.1/../../../../arm-none-eabi/lib/thumb/v7e-m+fp/hard/libc_nano.a(libc_a-reent.o)
                              ./Middlewares/Third_Party/FreeRTOS/Source/tasks.o (_reclaim_reent)
/opt/st/stm32cubeide_2.0.0/plugins/com.st.stm32cube.ide.mcu.externaltools.gnu-tools-for-stm32.13.3.rel1.linux64_1.0.100.202509120712/tools/bin/../lib/gcc/arm-none-eabi/13.3.1/../../../../arm-none-eabi/lib/thumb/v7e-m+fp/hard/libc_nano.a(libc_a-impure.o)
                              ./Middlewares/Third_Party/FreeRTOS/Source/tasks.o (_impure_ptr)
/opt/st/stm32cubeide_2.0.0/plugins/com.st.stm32cube.ide.mcu.externaltools.gnu-tools-for-stm32.13.3.rel1.linux64_1.0.100.202509120712/tools/bin/../lib/gcc/arm-none-eabi/13.3.1/../../../../arm-none-eabi/lib/thumb/v7e-m+fp/hard/libc_nano.a(libc_a-lseekr.o)
                              /opt/st/stm32cubeide_2.0.0/plugins/com.st.stm32cube.ide.mcu.externaltools.gnu-tools-for-stm32.13.3.rel1.linux64_1.0.100.202509120712/tools/bin/../lib/gcc/arm-none-eabi/13.3.1/../../../../arm-none-eabi/lib/thumb/v7e-m+fp/hard/libc_nano.a(libc_a-stdio.o) (_lseek_r)
/opt/st/stm32cubeide_2.0.0/plugins/com.st.stm32cube.ide.mcu.externaltools.gnu-tools-for-stm32.13.3.rel1.linux64_1.0.100.202509120712/tools/bin/../lib/gcc/arm-none-eabi/13.3.1/../../../../arm-none-eabi/lib/thumb/v7e-m+fp/hard/libc_nano.a(libc_a-readr.o)
                              /opt/st/stm32cubeide_2.0.0/plugins/com.st.stm32cube.ide.mcu.externaltools.gnu-tools-for-stm32.13.3.rel1.linux64_1.0.100.202509120712/tools/bin/../lib/gcc/arm-none-eabi/13.3.1/../../../../arm-none-eabi/lib/thumb/v7e-m+fp/hard/libc_nano.a(libc_a-stdio.o) (_read_r)
[...]
Memory Configuration

Name             Origin             Length             Attributes
RAM              0x20000000         0x00020000         xrw
FLASH            0x08000000         0x00080000         xr
*default*        0x00000000         0xffffffff

Linker script and memory map

LOAD /opt/st/stm32cubeide_2.0.0/plugins/com.st.stm32cube.ide.mcu.externaltools.gnu-tools-for-stm32.13.3.rel1.linux64_1.0.100.202509120712/tools/bin/../lib/gcc/arm-none-eabi/13.3.1/thumb/v7e-m+fp/hard/crti.o
LOAD /opt/st/stm32cubeide_2.0.0/plugins/com.st.stm32cube.ide.mcu.externaltools.gnu-tools-for-stm32.13.3.rel1.linux64_1.0.100.202509120712/tools/bin/../lib/gcc/arm-none-eabi/13.3.1/thumb/v7e-m+fp/hard/crtbegin.o
LOAD /opt/st/stm32cubeide_2.0.0/plugins/com.st.stm32cube.ide.mcu.externaltools.gnu-tools-for-stm32.13.3.rel1.linux64_1.0.100.202509120712/tools/bin/../lib/gcc/arm-none-eabi/13.3.1/../../../../arm-none-eabi/lib/thumb/v7e-m+fp/hard/crt0.o
LOAD ./Core/Src/AS726X.o
LOAD ./Core/Src/Adafruit_TCS34725.o
LOAD ./Core/Src/MY_ILI9341.o
LOAD ./Core/Src/SD_SPI.o
LOAD ./Core/Src/SD_SPI_+_ILI9341.o
LOAD ./Core/Src/TwoWire.o
LOAD ./Core/Src/Wire.o
LOAD ./Core/Src/freertos.o
LOAD ./Core/Src/main.o
LOAD ./Core/Src/stm32f4xx_hal_msp.o
LOAD ./Core/Src/stm32f4xx_hal_timebase_tim.o
LOAD ./Core/Src/stm32f4xx_it.o
LOAD ./Core/Src/syscalls.o
LOAD ./Core/Src/sysmem.o
LOAD ./Core/Src/system_stm32f4xx.o
LOAD ./Core/Startup/startup_stm32f446retx.o
LOAD ./Drivers/STM32F4xx_HAL_Driver/Src/stm32f4xx_hal.o
LOAD ./Drivers/STM32F4xx_HAL_Driver/Src/stm32f4xx_hal_adc.o
LOAD ./Drivers/STM32F4xx_HAL_Driver/Src/stm32f4xx_hal_adc_ex.o
LOAD ./Drivers/STM32F4xx_HAL_Driver/Src/stm32f4xx_hal_cortex.o
LOAD ./Drivers/STM32F4xx_HAL_Driver/Src/stm32f4xx_hal_dma.o
LOAD ./Drivers/STM32F4xx_HAL_Driver/Src/stm32f4xx_hal_dma_ex.o
LOAD ./Drivers/STM32F4xx_HAL_Driver/Src/stm32f4xx_hal_exti.o
LOAD ./Drivers/STM32F4xx_HAL_Driver/Src/stm32f4xx_hal_flash.o
LOAD ./Drivers/STM32F4xx_HAL_Driver/Src/stm32f4xx_hal_flash_ex.o
LOAD ./Drivers/STM32F4xx_HAL_Driver/Src/stm32f4xx_hal_flash_ramfunc.o
LOAD ./Drivers/STM32F4xx_HAL_Driver/Src/stm32f4xx_hal_gpio.o
LOAD ./Drivers/STM32F4xx_HAL_Driver/Src/stm32f4xx_hal_i2c.o
LOAD ./Drivers/STM32F4xx_HAL_Driver/Src/stm32f4xx_hal_i2c_ex.o
LOAD ./Drivers/STM32F4xx_HAL_Driver/Src/stm32f4xx_hal_pcd.o
LOAD ./Drivers/STM32F4xx_HAL_Driver/Src/stm32f4xx_hal_pcd_ex.o
LOAD ./Drivers/STM32F4xx_HAL_Driver/Src/stm32f4xx_hal_pwr.o
LOAD ./Drivers/STM32F4xx_HAL_Driver/Src/stm32f4xx_hal_pwr_ex.o
LOAD ./Drivers/STM32F4xx_HAL_Driver/Src/stm32f4xx_hal_rcc.o
LOAD ./Drivers/STM32F4xx_HAL_Driver/Src/stm32f4xx_hal_rcc_ex.o
LOAD ./Drivers/STM32F4xx_HAL_Driver/Src/stm32f4xx_hal_spi.o
LOAD ./Drivers/STM32F4xx_HAL_Driver/Src/stm32f4xx_hal_tim.o
LOAD ./Drivers/STM32F4xx_HAL_Driver/Src/stm32f4xx_hal_tim_ex.o
LOAD ./Drivers/STM32F4xx_HAL_Driver/Src/stm32f4xx_ll_adc.o
LOAD ./Drivers/STM32F4xx_HAL_Driver/Src/stm32f4xx_ll_usb.o
LOAD ./Middlewares/ST/STM32_USB_Device_Library/Class/CustomHID/Src/usbd_customhid.o
LOAD ./Middlewares/ST/STM32_USB_Device_Library/Core/Src/usbd_core.o
LOAD ./Middlewares/ST/STM32_USB_Device_Library/Core/Src/usbd_ctlreq.o
LOAD ./Middlewares/ST/STM32_USB_Device_Library/Core/Src/usbd_ioreq.o
LOAD ./Middlewares/Third_Party/FreeRTOS/Source/CMSIS_RTOS/cmsis_os.o
LOAD ./Middlewares/Third_Party/FreeRTOS/Source/croutine.o
LOAD ./Middlewares/Third_Party/FreeRTOS/Source/event_groups.o
LOAD ./Middlewares/Third_Party/FreeRTOS/Source/list.o
LOAD ./Middlewares/Third_Party/FreeRTOS/Source/queue.o
LOAD ./Middlewares/Third_Party/FreeRTOS/Source/stream_buffer.o
LOAD ./Middlewares/Third_Party/FreeRTOS/Source/tasks.o
LOAD ./Middlewares/Third_Party/FreeRTOS/Source/timers.o
LOAD ./Middlewares/Third_Party/FreeRTOS/Source/portable/GCC/ARM_CM4F/port.o
LOAD ./Middlewares/Third_Party/FreeRTOS/Source/portable/MemMang/heap_4.o
LOAD ./USB_DEVICE/App/usb_device.o
LOAD ./USB_DEVICE/App/usbd_custom_hid_if.o
LOAD ./USB_DEVICE/App/usbd_desc.o
LOAD ./USB_DEVICE/Target/usbd_conf.o
START GROUP
LOAD /opt/st/stm32cubeide_2.0.0/plugins/com.st.stm32cube.ide.mcu.externaltools.gnu-tools-for-stm32.13.3.rel1.linux64_1.0.100.202509120712/tools/bin/../lib/gcc/arm-none-eabi/13.3.1/../../../../arm-none-eabi/lib/thumb/v7e-m+fp/hard/libc_nano.a
LOAD /opt/st/stm32cubeide_2.0.0/plugins/com.st.stm32cube.ide.mcu.externaltools.gnu-tools-for-stm32.13.3.rel1.linux64_1.0.100.202509120712/tools/bin/../lib/gcc/arm-none-eabi/13.3.1/../../../../arm-none-eabi/lib/thumb/v7e-m+fp/hard/libm.a
END GROUP
START GROUP
LOAD /opt/st/stm32cubeide_2.0.0/plugins/com.st.stm32cube.ide.mcu.externaltools.gnu-tools-for-stm32.13.3.rel1.linux64_1.0.100.202509120712/tools/bin/../lib/gcc/arm-none-eabi/13.3.1/thumb/v7e-m+fp/hard/libgcc.a
LOAD /opt/st/stm32cubeide_2.0.0/plugins/com.st.stm32cube.ide.mcu.externaltools.gnu-tools-for-stm32.13.3.rel1.linux64_1.0.100.202509120712/tools/bin/../lib/gcc/arm-none-eabi/13.3.1/../../../../arm-none-eabi/lib/thumb/v7e-m+fp/hard/libc_nano.a
END GROUP
START GROUP
LOAD /opt/st/stm32cubeide_2.0.0/plugins/com.st.stm32cube.ide.mcu.externaltools.gnu-tools-for-stm32.13.3.rel1.linux64_1.0.100.202509120712/tools/bin/../lib/gcc/arm-none-eabi/13.3.1/thumb/v7e-m+fp/hard/libgcc.a
LOAD /opt/st/stm32cubeide_2.0.0/plugins/com.st.stm32cube.ide.mcu.externaltools.gnu-tools-for-stm32.13.3.rel1.linux64_1.0.100.202509120712/tools/bin/../lib/gcc/arm-none-eabi/13.3.1/../../../../arm-none-eabi/lib/thumb/v7e-m+fp/hard/libc_nano.a
LOAD /opt/st/stm32cubeide_2.0.0/plugins/com.st.stm32cube.ide.mcu.externaltools.gnu-tools-for-stm32.13.3.rel1.linux64_1.0.100.202509120712/tools/bin/../lib/gcc/arm-none-eabi/13.3.1/../../../../arm-none-eabi/lib/thumb/v7e-m+fp/hard/libnosys.a
END GROUP
START GROUP
LOAD /opt/st/stm32cubeide_2.0.0/plugins/com.st.stm32cube.ide.mcu.externaltools.gnu-tools-for-stm32.13.3.rel1.linux64_1.0.100.202509120712/tools/bin/../lib/gcc/arm-none-eabi/13.3.1/thumb/v7e-m+fp/hard/libgcc.a
LOAD /opt/st/stm32cubeide_2.0.0/plugins/com.st.stm32cube.ide.mcu.externaltools.gnu-tools-for-stm32.13.3.rel1.linux64_1.0.100.202509120712/tools/bin/../lib/gcc/arm-none-eabi/13.3.1/../../../../arm-none-eabi/lib/thumb/v7e-m+fp/hard/libc_nano.a
LOAD /opt/st/stm32cubeide_2.0.0/plugins/com.st.stm32cube.ide.mcu.externaltools.gnu-tools-for-stm32.13.3.rel1.linux64_1.0.100.202509120712/tools/bin/../lib/gcc/arm-none-eabi/13.3.1/../../../../arm-none-eabi/lib/thumb/v7e-m+fp/hard/libnosys.a
END GROUP
LOAD /opt/st/stm32cubeide_2.0.0/plugins/com.st.stm32cube.ide.mcu.externaltools.gnu-tools-for-stm32.13.3.rel1.linux64_1.0.100.202509120712/tools/bin/../lib/gcc/arm-none-eabi/13.3.1/thumb/v7e-m+fp/hard/crtend.o
LOAD /opt/st/stm32cubeide_2.0.0/plugins/com.st.stm32cube.ide.mcu.externaltools.gnu-tools-for-stm32.13.3.rel1.linux64_1.0.100.202509120712/tools/bin/../lib/gcc/arm-none-eabi/13.3.1/thumb/v7e-m+fp/hard/crtn.o
                0x20020000                        _estack = (ORIGIN (RAM) + LENGTH (RAM))
                0x00000200                        _Min_Heap_Size = 0x200
                0x00000400                        _Min_Stack_Size = 0x400

.isr_vector     0x08000000      0x1c4
                0x08000000                        . = ALIGN (0x4)
 *(.isr_vector)
 .isr_vector    0x08000000      0x1c4 ./Core/Startup/startup_stm32f446retx.o
                0x08000000                g_pfnVectors
                0x080001c4                        . = ALIGN (0x4)

.text           0x080001d0    0x14344
                0x080001d0                        . = ALIGN (0x4)
 *(.text)
 .text          0x080001d0       0x40 /opt/st/stm32cubeide_2.0.0/plugins/com.st.stm32cube.ide.mcu.externaltools.gnu-tools-for-stm32.13.3.rel1.linux64_1.0.100.202509120712/tools/bin/../lib/gcc/arm-none-eabi/13.3.1/thumb/v7e-m+fp/hard/crtbegin.o
 .text          0x08000210       0x30 /opt/st/stm32cubeide_2.0.0/plugins/com.st.stm32cube.ide.mcu.externaltools.gnu-tools-for-stm32.13.3.rel1.linux64_1.0.100.202509120712/tools/bin/../lib/gcc/arm-none-eabi/13.3.1/thumb/v7e-m+fp/hard/libgcc.a(_aeabi_uldivmod.o)
                0x08000210                __aeabi_uldivmod
 .text          0x08000240      0x2f8 /opt/st/stm32cubeide_2.0.0/plugins/com.st.stm32cube.ide.mcu.externaltools.gnu-tools-for-stm32.13.3.rel1.linux64_1.0.100.202509120712/tools/bin/../lib/gcc/arm-none-eabi/13.3.1/thumb/v7e-m+fp/hard/libgcc.a(_udivmoddi4.o)
                0x08000240                __udivmoddi4
 .text          0x08000538        0x4 /opt/st/stm32cubeide_2.0.0/plugins/com.st.stm32cube.ide.mcu.externaltools.gnu-tools-for-stm32.13.3.rel1.linux64_1.0.100.202509120712/tools/bin/../lib/gcc/arm-none-eabi/13.3.1/thumb/v7e-m+fp/hard/libgcc.a(_dvmd_tls.o)
                0x08000538                __aeabi_ldiv0
                0x08000538                __aeabi_idiv0
 *(.text*)
 .text.AS726X_init
                0x0800053c       0x22 ./Core/Src/AS726X.o
                0x0800053c                AS726X_init
 .text.Adafruit_TCS34725_write8
                0x0800055e       0x58 ./Core/Src/Adafruit_TCS34725.o
                0x0800055e                Adafruit_TCS34725_write8
 .text.Adafruit_TCS34725_read8
                0x080005b6       0x74 ./Core/Src/Adafruit_TCS34725.o
                0x080005b6                Adafruit_TCS34725_read8
 .text.Adafruit_TCS34725_read16
                0x0800062a       0x92 ./Core/Src/Adafruit_TCS34725.o
                0x0800062a                Adafruit_TCS34725_read16
 .text.Adafruit_TCS34725_enable
                0x080006bc       0x4c ./Core/Src/Adafruit_TCS34725.o
                0x080006bc                Adafruit_TCS34725_enable
 .text.Adafruit_TCS34725
                0x08000708       0x3c ./Core/Src/Adafruit_TCS34725.o
                0x08000708                Adafruit_TCS34725
 .text.Adafruit_TCS34725_begin
                0x08000744        0xe ./Core/Src/Adafruit_TCS34725.o
                0x08000744                Adafruit_TCS34725_begin
 *fill*         0x08000752        0x2 
 .text.Adafruit_TCS34725_init
                0x08000754       0x5c ./Core/Src/Adafruit_TCS34725.o
                0x08000754                Adafruit_TCS34725_init
 .text.Adafruit_TCS34725_setIntegrationTime
                0x080007b0       0x3c ./Core/Src/Adafruit_TCS34725.o
                0x080007b0                Adafruit_TCS34725_setIntegrationTime
 .text.Adafruit_TCS34725_setGain
                0x080007ec       0x3c ./Core/Src/Adafruit_TCS34725.o
                0x080007ec                Adafruit_TCS34725_setGain
 .text.Adafruit_TCS34725_getRawData
                0x08000828       0x90 ./Core/Src/Adafruit_TCS34725.o
                0x08000828                Adafruit_TCS34725_getRawData
 .text.Adafruit_TCS34725_setInterrupt
                0x080008b8       0x3e ./Core/Src/Adafruit_TCS34725.o
                0x080008b8                Adafruit_TCS34725_setInterrupt
 *fill*         0x080008f6        0x2 
 .text.ILI9341_BSP_init
                0x080008f8       0x50 ./Core/Src/MY_ILI9341.o
 .text.ILI9341_BSP_deselect_CS
                0x08000948       0x1c ./Core/Src/MY_ILI9341.o
 .text.ILI9341_BSP_select_CS
                0x08000964       0x1c ./Core/Src/MY_ILI9341.o
 .text.ILI9341_BSP_DCset_commandMode
                0x08000980       0x1c ./Core/Src/MY_ILI9341.o
 .text.ILI9341_BSP_DCset_dataMode
                0x0800099c       0x1c ./Core/Src/MY_ILI9341.o
 .text.ILI9341_BSP_SPI_transmit
                0x080009b8       0x28 ./Core/Src/MY_ILI9341.o
 .text.ILI9341_BSP_ms_delay
                0x080009e0       0x16 ./Core/Src/MY_ILI9341.o
 *fill*         0x080009f6        0x2 
 .text.ILI9341_BSP_reset
                0x080009f8       0x1c ./Core/Src/MY_ILI9341.o
 .text.ILI9341_BSP_SPI_transmit_DMA_start
                0x08000a14       0x28 ./Core/Src/MY_ILI9341.o
 .text.ILI9341_BSP_SPI_transmit_DMA_finish
                0x08000a3c       0x1c ./Core/Src/MY_ILI9341.o
 .text.ILI9341_BSP_SPI_transmit_DMA_waitReady
                0x08000a58       0x20 ./Core/Src/MY_ILI9341.o
 .text.ILI9341_SendCommand
                0x08000a78       0x2e ./Core/Src/MY_ILI9341.o
                0x08000a78                ILI9341_SendCommand
 .text.ILI9341_SendData
                0x08000aa6       0x2e ./Core/Src/MY_ILI9341.o
                0x08000aa6                ILI9341_SendData
 .text.ILI9341_SetCursorPosition
                0x08000ad4       0x98 ./Core/Src/MY_ILI9341.o
                0x08000ad4                ILI9341_SetCursorPosition
 .text.ILI9341_DrawPixel
                0x08000b6c       0x3e ./Core/Src/MY_ILI9341.o
                0x08000b6c                ILI9341_DrawPixel
 *fill*         0x08000baa        0x2 
 .text.ILI9341_Fill
                0x08000bac       0x84 ./Core/Src/MY_ILI9341.o
                0x08000bac                ILI9341_Fill
 .text.ILI9341_Fill_DMA
                0x08000c30       0x92 ./Core/Src/MY_ILI9341.o
                0x08000c30                ILI9341_Fill_DMA
 .text.ILI9341_Fill_Rect
                0x08000cc2       0x76 ./Core/Src/MY_ILI9341.o
                0x08000cc2                ILI9341_Fill_Rect
 .text.ILI9341_drawCircle
                0x08000d38      0x1a8 ./Core/Src/MY_ILI9341.o
                0x08000d38                ILI9341_drawCircle
 .text.fillCircleHelper
                0x08000ee0      0x164 ./Core/Src/MY_ILI9341.o
                0x08000ee0                fillCircleHelper
 .text.ILI9341_fillCircle
                0x08001044       0x60 ./Core/Src/MY_ILI9341.o
                0x08001044                ILI9341_fillCircle
 .text.ILI9341_drawLine
                0x080010a4      0x13c ./Core/Src/MY_ILI9341.o
                0x080010a4                ILI9341_drawLine
 .text.ILI9341_drawFastHLine
                0x080011e0       0x4a ./Core/Src/MY_ILI9341.o
                0x080011e0                ILI9341_drawFastHLine
 .text.ILI9341_drawFastVLine
                0x0800122a       0x4a ./Core/Src/MY_ILI9341.o
                0x0800122a                ILI9341_drawFastVLine
 .text.ILI9341_drawTriangle
                0x08001274       0x74 ./Core/Src/MY_ILI9341.o
                0x08001274                ILI9341_drawTriangle
 .text.ILI9341_fillTriangle
                0x080012e8      0x2ca ./Core/Src/MY_ILI9341.o
                0x080012e8                ILI9341_fillTriangle
 *fill*         0x080015b2        0x2 
 .text.ILI9341_drawChar
                0x080015b4      0x28c ./Core/Src/MY_ILI9341.o
                0x080015b4                ILI9341_drawChar
 .text.ILI9341_printText
                0x08001840       0x82 ./Core/Src/MY_ILI9341.o
                0x08001840                ILI9341_printText
 .text.ILI9341_printImage
                0x080018c2       0x8a ./Core/Src/MY_ILI9341.o
                0x080018c2                ILI9341_printImage
 .text.ILI9341_setRotation
                0x0800194c       0x98 ./Core/Src/MY_ILI9341.o
                0x0800194c                ILI9341_setRotation
 .text.ILI9341_getRotation
                0x080019e4       0x18 ./Core/Src/MY_ILI9341.o
                0x080019e4                ILI9341_getRotation
 .text.ILI9341_inversion_on
                0x080019fc        0xe ./Core/Src/MY_ILI9341.o
                0x080019fc                ILI9341_inversion_on
 .text.ILI9341_inversion_off
                0x08001a0a        0xe ./Core/Src/MY_ILI9341.o
                0x08001a0a                ILI9341_inversion_off
 .text.ILI9341_adjust_display_brightness
                0x08001a18       0x20 ./Core/Src/MY_ILI9341.o
                0x08001a18                ILI9341_adjust_display_brightness
 .text.ILI9341_control_display
                0x08001a38       0x7a ./Core/Src/MY_ILI9341.o
                0x08001a38                ILI9341_control_display
 .text.ILI9341_printImageSector_512bytes
                0x08001ab2       0x68 ./Core/Src/MY_ILI9341.o
                0x08001ab2                ILI9341_printImageSector_512bytes
 .text.ILI9341_printImageSector_512bytes_DMA_start_finish
                0x08001b1a       0x68 ./Core/Src/MY_ILI9341.o
                0x08001b1a                ILI9341_printImageSector_512bytes_DMA_start_finish
 .text.ILI9341_printImageSector_512bytes_DMA_start
                0x08001b82       0x60 ./Core/Src/MY_ILI9341.o
                0x08001b82                ILI9341_printImageSector_512bytes_DMA_start
 .text.ILI9341_printImageSector_512bytes_DMA_finish
                0x08001be2        0xc ./Core/Src/MY_ILI9341.o
                0x08001be2                ILI9341_printImageSector_512bytes_DMA_finish
 *fill*         0x08001bee        0x2 
 .text.ILI9341_Class_Init
                0x08001bf0      0x214 ./Core/Src/MY_ILI9341.o
                0x08001bf0                ILI9341_Class_Init
 .text.SD_BSP_SPI_transmit
                0x08001e04       0x28 ./Core/Src/SD_SPI.o
 .text.SD_BSP_SPI_transmitReceive
                0x08001e2c       0x30 ./Core/Src/SD_SPI.o
 .text.SD_BSP_ms_GetTick
                0x08001e5c        0xe ./Core/Src/SD_SPI.o
 .text.SD_BSP_ms_delay
                0x08001e6a       0x16 ./Core/Src/SD_SPI.o
 .text.SD_BSP_SPI_transmitReceive_DMA_start
                0x08001e80       0x28 ./Core/Src/SD_SPI.o
 .text.SD_BSP_SPI_transmitReceive_DMA_finish
                0x08001ea8       0x20 ./Core/Src/SD_SPI.o
 .text.sd_send_dummy
                0x08001ec8       0x30 ./Core/Src/SD_SPI.o
                0x08001ec8                sd_send_dummy
 .text.sd_send_command
                0x08001ef8      0x190 ./Core/Src/SD_SPI.o
                0x08001ef8                sd_send_command
 .text.sd_wait_ready
                0x08002088       0x42 ./Core/Src/SD_SPI.o
                0x08002088                sd_wait_ready
 *fill*         0x080020ca        0x2 
 .text.sd_init  0x080020cc      0x160 ./Core/Src/SD_SPI.o
                0x080020cc                sd_init
 .text.sd_read_block
                0x0800222c       0xf0 ./Core/Src/SD_SPI.o
                0x0800222c                sd_read_block
 .text.sd_read_block_DMA
                0x0800231c       0xe8 ./Core/Src/SD_SPI.o
                0x0800231c                sd_read_block_DMA
 .text.delay    0x08002404       0x16 ./Core/Src/Wire.o
                0x08002404                delay
 *fill*         0x0800241a        0x2 
 .text.twi_init
                0x0800241c       0x2c ./Core/Src/Wire.o
 .text.twi_transmit
                0x08002448       0x84 ./Core/Src/Wire.o
 .text.twi_writeTo
                0x080024cc       0xc0 ./Core/Src/Wire.o
 .text.twi_readFrom
                0x0800258c       0xc0 ./Core/Src/Wire.o
 .text.twi_attachSlaveRxEvent
                0x0800264c       0x20 ./Core/Src/Wire.o
 .text.twi_attachSlaveTxEvent
                0x0800266c       0x20 ./Core/Src/Wire.o
 .text.Wire_begin
                0x0800268c       0x48 ./Core/Src/Wire.o
                0x0800268c                Wire_begin
 .text.Wire_requestFromEx
                0x080026d4       0x90 ./Core/Src/Wire.o
                0x080026d4                Wire_requestFromEx
 .text.Wire_requestFrom
                0x08002764       0x2a ./Core/Src/Wire.o
                0x08002764                Wire_requestFrom
 *fill*         0x0800278e        0x2 
 .text.Wire_beginTransmission
                0x08002790       0x40 ./Core/Src/Wire.o
                0x08002790                Wire_beginTransmission
 .text.Wire_endTransmission
                0x080027d0       0x54 ./Core/Src/Wire.o
                0x080027d0                Wire_endTransmission
 .text.Wire_writeByte
                0x08002824       0x60 ./Core/Src/Wire.o
                0x08002824                Wire_writeByte
 .text.Wire_write
                0x08002884       0x64 ./Core/Src/Wire.o
                0x08002884                Wire_write
 .text.Wire_available
                0x080028e8       0x24 ./Core/Src/Wire.o
                0x080028e8                Wire_available
 .text.Wire_read
                0x0800290c       0x48 ./Core/Src/Wire.o
                0x0800290c                Wire_read
 .text.Wire_onReceiveService
                0x08002954       0x68 ./Core/Src/Wire.o
 .text.Wire_onRequestService
                0x080029bc       0x30 ./Core/Src/Wire.o
 .text.vApplicationIdleHook
                0x080029ec        0xe ./Core/Src/freertos.o
                0x080029ec                vApplicationIdleHook
 *fill*         0x080029fa        0x2 
 .text.vApplicationGetIdleTaskMemory
                0x080029fc       0x34 ./Core/Src/freertos.o
                0x080029fc                vApplicationGetIdleTaskMemory
 .text.SD_BSP_SPI_transmitReceive_DMA_finish
                0x08002a30       0x20 ./Core/Src/main.o
 .text.SD_BSP_SPI_transmitReceive_DMA_waitReady
                0x08002a50       0x20 ./Core/Src/main.o
 .text.T_LDR    0x08002a70      0x1d4 ./Core/Src/main.o
                0x08002a70                T_LDR
 .text.T_SD     0x08002c44      0x17c ./Core/Src/main.o
                0x08002c44                T_SD
 .text.T_ILI9341
                0x08002dc0      0xa6c ./Core/Src/main.o
                0x08002dc0                T_ILI9341
 .text.T_MdE    0x0800382c      0x780 ./Core/Src/main.o
                0x0800382c                T_MdE
 .text.T_detectar_pulsador
                0x08003fac      0x3f0 ./Core/Src/main.o
                0x08003fac                T_detectar_pulsador
 .text.MENU_desplazamiento_print
                0x0800439c      0x4e4 ./Core/Src/main.o
                0x0800439c                MENU_desplazamiento_print
 .text.MENU_desplazamiento_erase
                0x08004880      0x498 ./Core/Src/main.o
                0x08004880                MENU_desplazamiento_erase
 .text.MENU_posicionamiento
                0x08004d18      0x28c ./Core/Src/main.o
                0x08004d18                MENU_posicionamiento
 .text.ESPECTRO_posicionamiento
                0x08004fa4      0x128 ./Core/Src/main.o
                0x08004fa4                ESPECTRO_posicionamiento
 .text.ESPECTRO_desplazamiento_erase
                0x080050cc      0x1dc ./Core/Src/main.o
                0x080050cc                ESPECTRO_desplazamiento_erase
 .text.ESPECTRO_desplazamiento_print
                0x080052a8      0x20c ./Core/Src/main.o
                0x080052a8                ESPECTRO_desplazamiento_print
 .text.gauss    0x080054b4       0x58 ./Core/Src/main.o
                0x080054b4                gauss
 .text.intensity_from_wavelength
                0x0800550c       0xd0 ./Core/Src/main.o
                0x0800550c                intensity_from_wavelength
 .text.ESPECTRO_algoritmoIntensidadEspectro
                0x080055dc      0x2dc ./Core/Src/main.o
                0x080055dc                ESPECTRO_algoritmoIntensidadEspectro
 .text.ESPECTRO_cargarEspectroColor
                0x080058b8       0xfc ./Core/Src/main.o
                0x080058b8                ESPECTRO_cargarEspectroColor
 .text.OPCIONES_posicionamiento
                0x080059b4      0x158 ./Core/Src/main.o
                0x080059b4                OPCIONES_posicionamiento
 .text.OPCIONES_desplazamiento_print
                0x08005b0c       0xf4 ./Core/Src/main.o
                0x08005b0c                OPCIONES_desplazamiento_print
 .text.OPCIONES_desplazamiento_erase
                0x08005c00       0xe4 ./Core/Src/main.o
                0x08005c00                OPCIONES_desplazamiento_erase
 .text.speed_up_SPI
                0x08005ce4       0x50 ./Core/Src/main.o
                0x08005ce4                speed_up_SPI
 .text.USB_task
                0x08005d34       0xbc ./Core/Src/main.o
                0x08005d34                USB_task
 .text.HAL_SPI_TxCpltCallback
                0x08005df0       0x4c ./Core/Src/main.o
                0x08005df0                HAL_SPI_TxCpltCallback
 .text.HAL_SPI_TxRxCpltCallback
                0x08005e3c       0x4c ./Core/Src/main.o
                0x08005e3c                HAL_SPI_TxRxCpltCallback
 .text.main     0x08005e88      0x2c0 ./Core/Src/main.o
                0x08005e88                main
 .text.SystemClock_Config
                0x08006148       0xd8 ./Core/Src/main.o
                0x08006148                SystemClock_Config
 .text.MX_ADC1_Init
                0x08006220       0xa4 ./Core/Src/main.o
 .text.MX_I2C3_Init
                0x080062c4       0x5c ./Core/Src/main.o
 .text.MX_SPI1_Init
                0x08006320       0x6c ./Core/Src/main.o
 .text.MX_SPI2_Init
                0x0800638c       0x6c ./Core/Src/main.o
 .text.MX_TIM2_Init
                0x080063f8       0x9c ./Core/Src/main.o
 .text.MX_TIM3_Init
                0x08006494       0xf0 ./Core/Src/main.o
 .text.MX_DMA_Init
                0x08006584       0x7c ./Core/Src/main.o
 .text.MX_GPIO_Init
                0x08006600      0x160 ./Core/Src/main.o
 .text.StartDefaultTask
                0x08006760       0x14 ./Core/Src/main.o
                0x08006760                StartDefaultTask
 .text.HAL_TIM_PeriodElapsedCallback
                0x08006774       0x24 ./Core/Src/main.o
                0x08006774                HAL_TIM_PeriodElapsedCallback
 .text.Error_Handler
                0x08006798        0xc ./Core/Src/main.o
                0x08006798                Error_Handler
 .text.HAL_MspInit
                0x080067a4       0x58 ./Core/Src/stm32f4xx_hal_msp.o
                0x080067a4                HAL_MspInit
 .text.HAL_ADC_MspInit
                0x080067fc       0x88 ./Core/Src/stm32f4xx_hal_msp.o
                0x080067fc                HAL_ADC_MspInit
 .text.HAL_I2C_MspInit
                0x08006884       0xd0 ./Core/Src/stm32f4xx_hal_msp.o
                0x08006884                HAL_I2C_MspInit
 .text.HAL_SPI_MspInit
                0x08006954      0x228 ./Core/Src/stm32f4xx_hal_msp.o
                0x08006954                HAL_SPI_MspInit
 .text.HAL_TIM_Base_MspInit
                0x08006b7c       0x6c ./Core/Src/stm32f4xx_hal_msp.o
                0x08006b7c                HAL_TIM_Base_MspInit
 .text.HAL_TIM_MspPostInit
                0x08006be8       0x74 ./Core/Src/stm32f4xx_hal_msp.o
                0x08006be8                HAL_TIM_MspPostInit
 .text.HAL_InitTick
                0x08006c5c       0xe8 ./Core/Src/stm32f4xx_hal_timebase_tim.o
                0x08006c5c                HAL_InitTick
 .text.NMI_Handler
                0x08006d44        0x8 ./Core/Src/stm32f4xx_it.o
                0x08006d44                NMI_Handler
 .text.HardFault_Handler
                0x08006d4c        0x8 ./Core/Src/stm32f4xx_it.o
                0x08006d4c                HardFault_Handler
 .text.MemManage_Handler
                0x08006d54        0x8 ./Core/Src/stm32f4xx_it.o
                0x08006d54                MemManage_Handler
 .text.BusFault_Handler
                0x08006d5c        0x8 ./Core/Src/stm32f4xx_it.o
                0x08006d5c                BusFault_Handler
 .text.UsageFault_Handler
                0x08006d64        0x8 ./Core/Src/stm32f4xx_it.o
                0x08006d64                UsageFault_Handler
 .text.DebugMon_Handler
                0x08006d6c        0xe ./Core/Src/stm32f4xx_it.o
                0x08006d6c                DebugMon_Handler
 *fill*         0x08006d7a        0x2 
 .text.DMA1_Stream3_IRQHandler
                0x08006d7c       0x14 ./Core/Src/stm32f4xx_it.o
                0x08006d7c                DMA1_Stream3_IRQHandler
 .text.DMA1_Stream4_IRQHandler
                0x08006d90       0x14 ./Core/Src/stm32f4xx_it.o
                0x08006d90                DMA1_Stream4_IRQHandler
 .text.TIM1_UP_TIM10_IRQHandler
                0x08006da4       0x14 ./Core/Src/stm32f4xx_it.o
                0x08006da4                TIM1_UP_TIM10_IRQHandler
 .text.DMA2_Stream3_IRQHandler
                0x08006db8       0x14 ./Core/Src/stm32f4xx_it.o
                0x08006db8                DMA2_Stream3_IRQHandler
 .text.OTG_FS_IRQHandler
                0x08006dcc       0x14 ./Core/Src/stm32f4xx_it.o
                0x08006dcc                OTG_FS_IRQHandler
 .text.SystemInit
                0x08006de0       0x24 ./Core/Src/system_stm32f4xx.o
                0x08006de0                SystemInit
 .text.Reset_Handler
                0x08006e04       0x50 ./Core/Startup/startup_stm32f446retx.o
                0x08006e04                Reset_Handler
 .text.Default_Handler
                0x08006e54        0x2 ./Core/Startup/startup_stm32f446retx.o
                0x08006e54                RTC_Alarm_IRQHandler
                0x08006e54                EXTI2_IRQHandler
                0x08006e54                TIM8_CC_IRQHandler
                0x08006e54                FMPI2C1_EV_IRQHandler
                0x08006e54                SPI4_IRQHandler
                0x08006e54                TIM1_CC_IRQHandler
                0x08006e54                DMA2_Stream5_IRQHandler
                0x08006e54                DMA1_Stream5_IRQHandler
                0x08006e54                PVD_IRQHandler
                0x08006e54                SDIO_IRQHandler
                0x08006e54                TAMP_STAMP_IRQHandler
                0x08006e54                CAN2_RX1_IRQHandler
                0x08006e54                EXTI3_IRQHandler
                0x08006e54                TIM8_TRG_COM_TIM14_IRQHandler
                0x08006e54                TIM8_UP_TIM13_IRQHandler
                0x08006e54                I2C3_ER_IRQHandler
                0x08006e54                EXTI0_IRQHandler
                0x08006e54                I2C2_EV_IRQHandler
                0x08006e54                DMA1_Stream2_IRQHandler
                0x08006e54                CAN1_RX0_IRQHandler
                0x08006e54                FPU_IRQHandler
                0x08006e54                OTG_HS_WKUP_IRQHandler
                0x08006e54                CAN2_SCE_IRQHandler
                0x08006e54                DMA2_Stream2_IRQHandler
                0x08006e54                SPI1_IRQHandler
                0x08006e54                TIM6_DAC_IRQHandler
                0x08006e54                TIM1_BRK_TIM9_IRQHandler
                0x08006e54                DCMI_IRQHandler
                0x08006e54                CAN2_RX0_IRQHandler
                0x08006e54                SAI2_IRQHandler
                0x08006e54                USART6_IRQHandler
                0x08006e54                USART3_IRQHandler
                0x08006e54                CAN1_RX1_IRQHandler
                0x08006e54                UART5_IRQHandler
                0x08006e54                DMA2_Stream0_IRQHandler
                0x08006e54                TIM4_IRQHandler
                0x08006e54                QUADSPI_IRQHandler
                0x08006e54                I2C1_EV_IRQHandler
                0x08006e54                DMA1_Stream6_IRQHandler
                0x08006e54                DMA1_Stream1_IRQHandler
                0x08006e54                UART4_IRQHandler
                0x08006e54                TIM3_IRQHandler
                0x08006e54                RCC_IRQHandler
                0x08006e54                TIM8_BRK_TIM12_IRQHandler
                0x08006e54                Default_Handler
                0x08006e54                CEC_IRQHandler
                0x08006e54                EXTI15_10_IRQHandler
                0x08006e54                ADC_IRQHandler
                0x08006e54                DMA1_Stream7_IRQHandler
                0x08006e54                TIM7_IRQHandler
                0x08006e54                CAN2_TX_IRQHandler
                0x08006e54                TIM5_IRQHandler
                0x08006e54                DMA2_Stream7_IRQHandler
                0x08006e54                I2C3_EV_IRQHandler
                0x08006e54                EXTI9_5_IRQHandler
                0x08006e54                RTC_WKUP_IRQHandler
                0x08006e54                SPDIF_RX_IRQHandler
                0x08006e54                SPI2_IRQHandler
                0x08006e54                OTG_HS_EP1_IN_IRQHandler
                0x08006e54                DMA1_Stream0_IRQHandler
                0x08006e54                CAN1_TX_IRQHandler
                0x08006e54                FMPI2C1_ER_IRQHandler
                0x08006e54                EXTI4_IRQHandler
                0x08006e54                OTG_HS_EP1_OUT_IRQHandler
                0x08006e54                WWDG_IRQHandler
                0x08006e54                TIM2_IRQHandler
                0x08006e54                OTG_FS_WKUP_IRQHandler
                0x08006e54                TIM1_TRG_COM_TIM11_IRQHandler
                0x08006e54                OTG_HS_IRQHandler
                0x08006e54                EXTI1_IRQHandler
                0x08006e54                USART2_IRQHandler
                0x08006e54                I2C2_ER_IRQHandler
                0x08006e54                DMA2_Stream1_IRQHandler
                0x08006e54                CAN1_SCE_IRQHandler
                0x08006e54                FLASH_IRQHandler
                0x08006e54                DMA2_Stream4_IRQHandler
                0x08006e54                USART1_IRQHandler
                0x08006e54                SPI3_IRQHandler
                0x08006e54                I2C1_ER_IRQHandler
                0x08006e54                FMC_IRQHandler
                0x08006e54                DMA2_Stream6_IRQHandler
                0x08006e54                SAI1_IRQHandler
 *fill*         0x08006e56        0x2 
 .text.HAL_Init
                0x08006e58       0x44 ./Drivers/STM32F4xx_HAL_Driver/Src/stm32f4xx_hal.o
                0x08006e58                HAL_Init
 .text.HAL_IncTick
                0x08006e9c       0x28 ./Drivers/STM32F4xx_HAL_Driver/Src/stm32f4xx_hal.o
                0x08006e9c                HAL_IncTick
 .text.HAL_GetTick
                0x08006ec4       0x18 ./Drivers/STM32F4xx_HAL_Driver/Src/stm32f4xx_hal.o
                0x08006ec4                HAL_GetTick
 .text.HAL_Delay
                0x08006edc       0x48 ./Drivers/STM32F4xx_HAL_Driver/Src/stm32f4xx_hal.o
                0x08006edc                HAL_Delay
 .text.HAL_ADC_Init
                0x08006f24       0x86 ./Drivers/STM32F4xx_HAL_Driver/Src/stm32f4xx_hal_adc.o
                0x08006f24                HAL_ADC_Init
 *fill*         0x08006faa        0x2 
 .text.HAL_ADC_Start
                0x08006fac      0x1a4 ./Drivers/STM32F4xx_HAL_Driver/Src/stm32f4xx_hal_adc.o
                0x08006fac                HAL_ADC_Start
 .text.HAL_ADC_Stop
                0x08007150       0x66 ./Drivers/STM32F4xx_HAL_Driver/Src/stm32f4xx_hal_adc.o
                0x08007150                HAL_ADC_Stop
 .text.HAL_ADC_PollForConversion
                0x080071b6      0x116 ./Drivers/STM32F4xx_HAL_Driver/Src/stm32f4xx_hal_adc.o
                0x080071b6                HAL_ADC_PollForConversion
 .text.HAL_ADC_GetValue
                0x080072cc       0x1a ./Drivers/STM32F4xx_HAL_Driver/Src/stm32f4xx_hal_adc.o
                0x080072cc                HAL_ADC_GetValue
 *fill*         0x080072e6        0x2 
 .text.HAL_ADC_ConfigChannel
                0x080072e8      0x264 ./Drivers/STM32F4xx_HAL_Driver/Src/stm32f4xx_hal_adc.o
                0x080072e8                HAL_ADC_ConfigChannel
 .text.ADC_Init
                0x0800754c      0x1f8 ./Drivers/STM32F4xx_HAL_Driver/Src/stm32f4xx_hal_adc.o
 .text.__NVIC_SetPriorityGrouping
                0x08007744       0x48 ./Drivers/STM32F4xx_HAL_Driver/Src/stm32f4xx_hal_cortex.o
 .text.__NVIC_GetPriorityGrouping
                0x0800778c       0x1c ./Drivers/STM32F4xx_HAL_Driver/Src/stm32f4xx_hal_cortex.o
 .text.__NVIC_EnableIRQ
                0x080077a8       0x3c ./Drivers/STM32F4xx_HAL_Driver/Src/stm32f4xx_hal_cortex.o
 .text.__NVIC_SetPriority
                0x080077e4       0x54 ./Drivers/STM32F4xx_HAL_Driver/Src/stm32f4xx_hal_cortex.o
 .text.NVIC_EncodePriority
                0x08007838       0x66 ./Drivers/STM32F4xx_HAL_Driver/Src/stm32f4xx_hal_cortex.o
 .text.HAL_NVIC_SetPriorityGrouping
                0x0800789e       0x16 ./Drivers/STM32F4xx_HAL_Driver/Src/stm32f4xx_hal_cortex.o
                0x0800789e                HAL_NVIC_SetPriorityGrouping
 .text.HAL_NVIC_SetPriority
                0x080078b4       0x38 ./Drivers/STM32F4xx_HAL_Driver/Src/stm32f4xx_hal_cortex.o
                0x080078b4                HAL_NVIC_SetPriority
 .text.HAL_NVIC_EnableIRQ
                0x080078ec       0x1c ./Drivers/STM32F4xx_HAL_Driver/Src/stm32f4xx_hal_cortex.o
                0x080078ec                HAL_NVIC_EnableIRQ
 .text.HAL_DMA_Init
                0x08007908      0x15c ./Drivers/STM32F4xx_HAL_Driver/Src/stm32f4xx_hal_dma.o
                0x08007908                HAL_DMA_Init
 .text.HAL_DMA_Start_IT
                0x08007a64       0xb0 ./Drivers/STM32F4xx_HAL_Driver/Src/stm32f4xx_hal_dma.o
                0x08007a64                HAL_DMA_Start_IT
 .text.HAL_DMA_IRQHandler
                0x08007b14      0x314 ./Drivers/STM32F4xx_HAL_Driver/Src/stm32f4xx_hal_dma.o
                0x08007b14                HAL_DMA_IRQHandler
 .text.DMA_SetConfig
                0x08007e28       0x5c ./Drivers/STM32F4xx_HAL_Driver/Src/stm32f4xx_hal_dma.o
 .text.DMA_CalcBaseAndBitshift
                0x08007e84       0x6c ./Drivers/STM32F4xx_HAL_Driver/Src/stm32f4xx_hal_dma.o
 .text.DMA_CheckFifoParam
                0x08007ef0       0xf8 ./Drivers/STM32F4xx_HAL_Driver/Src/stm32f4xx_hal_dma.o
 .text.HAL_GPIO_Init
                0x08007fe8      0x328 ./Drivers/STM32F4xx_HAL_Driver/Src/stm32f4xx_hal_gpio.o
                0x08007fe8                HAL_GPIO_Init
 .text.HAL_GPIO_ReadPin
                0x08008310       0x30 ./Drivers/STM32F4xx_HAL_Driver/Src/stm32f4xx_hal_gpio.o
                0x08008310                HAL_GPIO_ReadPin
 .text.HAL_GPIO_WritePin
                0x08008340       0x32 ./Drivers/STM32F4xx_HAL_Driver/Src/stm32f4xx_hal_gpio.o
                0x08008340                HAL_GPIO_WritePin
 *fill*         0x08008372        0x2 
 .text.HAL_I2C_Init
                0x08008374      0x288 ./Drivers/STM32F4xx_HAL_Driver/Src/stm32f4xx_hal_i2c.o
                0x08008374                HAL_I2C_Init
 .text.HAL_I2C_Master_Transmit
                0x080085fc      0x1fc ./Drivers/STM32F4xx_HAL_Driver/Src/stm32f4xx_hal_i2c.o
                0x080085fc                HAL_I2C_Master_Transmit
 .text.HAL_I2C_Master_Receive
                0x080087f8      0x464 ./Drivers/STM32F4xx_HAL_Driver/Src/stm32f4xx_hal_i2c.o
                0x080087f8                HAL_I2C_Master_Receive
 .text.I2C_MasterRequestWrite
                0x08008c5c      0x104 ./Drivers/STM32F4xx_HAL_Driver/Src/stm32f4xx_hal_i2c.o
 .text.I2C_MasterRequestRead
                0x08008d60      0x19c ./Drivers/STM32F4xx_HAL_Driver/Src/stm32f4xx_hal_i2c.o
 .text.I2C_WaitOnFlagUntilTimeout
                0x08008efc       0xf4 ./Drivers/STM32F4xx_HAL_Driver/Src/stm32f4xx_hal_i2c.o
 .text.I2C_WaitOnMasterAddressFlagUntilTimeout
                0x08008ff0      0x140 ./Drivers/STM32F4xx_HAL_Driver/Src/stm32f4xx_hal_i2c.o
 .text.I2C_WaitOnTXEFlagUntilTimeout
                0x08009130       0x90 ./Drivers/STM32F4xx_HAL_Driver/Src/stm32f4xx_hal_i2c.o
 .text.I2C_WaitOnBTFFlagUntilTimeout
                0x080091c0       0x90 ./Drivers/STM32F4xx_HAL_Driver/Src/stm32f4xx_hal_i2c.o
 .text.I2C_WaitOnRXNEFlagUntilTimeout
                0x08009250       0xba ./Drivers/STM32F4xx_HAL_Driver/Src/stm32f4xx_hal_i2c.o
 .text.I2C_IsAcknowledgeFailed
                0x0800930a       0x5e ./Drivers/STM32F4xx_HAL_Driver/Src/stm32f4xx_hal_i2c.o
 .text.HAL_PCD_Init
                0x08009368      0x22c ./Drivers/STM32F4xx_HAL_Driver/Src/stm32f4xx_hal_pcd.o
                0x08009368                HAL_PCD_Init
 .text.HAL_PCD_Start
                0x08009594       0x6a ./Drivers/STM32F4xx_HAL_Driver/Src/stm32f4xx_hal_pcd.o
                0x08009594                HAL_PCD_Start
 .text.HAL_PCD_IRQHandler
                0x080095fe      0x99c ./Drivers/STM32F4xx_HAL_Driver/Src/stm32f4xx_hal_pcd.o
                0x080095fe                HAL_PCD_IRQHandler
 .text.HAL_PCD_SetAddress
                0x08009f9a       0x48 ./Drivers/STM32F4xx_HAL_Driver/Src/stm32f4xx_hal_pcd.o
                0x08009f9a                HAL_PCD_SetAddress
 .text.HAL_PCD_EP_Open
                0x08009fe2       0xd4 ./Drivers/STM32F4xx_HAL_Driver/Src/stm32f4xx_hal_pcd.o
                0x08009fe2                HAL_PCD_EP_Open
 .text.HAL_PCD_EP_Close
                0x0800a0b6       0x94 ./Drivers/STM32F4xx_HAL_Driver/Src/stm32f4xx_hal_pcd.o
                0x0800a0b6                HAL_PCD_EP_Close
 .text.HAL_PCD_EP_Receive
                0x0800a14a       0x76 ./Drivers/STM32F4xx_HAL_Driver/Src/stm32f4xx_hal_pcd.o
                0x0800a14a                HAL_PCD_EP_Receive
 .text.HAL_PCD_EP_Transmit
                0x0800a1c0       0x74 ./Drivers/STM32F4xx_HAL_Driver/Src/stm32f4xx_hal_pcd.o
                0x0800a1c0                HAL_PCD_EP_Transmit
 .text.HAL_PCD_EP_SetStall
                0x0800a234       0xc6 ./Drivers/STM32F4xx_HAL_Driver/Src/stm32f4xx_hal_pcd.o
                0x0800a234                HAL_PCD_EP_SetStall
 .text.HAL_PCD_EP_ClrStall
                0x0800a2fa       0xac ./Drivers/STM32F4xx_HAL_Driver/Src/stm32f4xx_hal_pcd.o
                0x0800a2fa                HAL_PCD_EP_ClrStall
 .text.HAL_PCD_EP_Abort
                0x0800a3a6       0x62 ./Drivers/STM32F4xx_HAL_Driver/Src/stm32f4xx_hal_pcd.o
                0x0800a3a6                HAL_PCD_EP_Abort
 .text.PCD_WriteEmptyTxFifo
                0x0800a408      0x118 ./Drivers/STM32F4xx_HAL_Driver/Src/stm32f4xx_hal_pcd.o
 .text.PCD_EP_OutXfrComplete_int
                0x0800a520      0x1d0 ./Drivers/STM32F4xx_HAL_Driver/Src/stm32f4xx_hal_pcd.o
 .text.PCD_EP_OutSetupPacket_int
                0x0800a6f0       0x8c ./Drivers/STM32F4xx_HAL_Driver/Src/stm32f4xx_hal_pcd.o
 .text.HAL_PCDEx_SetTxFiFo
                0x0800a77c       0x8e ./Drivers/STM32F4xx_HAL_Driver/Src/stm32f4xx_hal_pcd_ex.o
                0x0800a77c                HAL_PCDEx_SetTxFiFo
 .text.HAL_PCDEx_SetRxFiFo
                0x0800a80a       0x22 ./Drivers/STM32F4xx_HAL_Driver/Src/stm32f4xx_hal_pcd_ex.o
                0x0800a80a                HAL_PCDEx_SetRxFiFo
 .text.HAL_PCDEx_ActivateLPM
                0x0800a82c       0x48 ./Drivers/STM32F4xx_HAL_Driver/Src/stm32f4xx_hal_pcd_ex.o
                0x0800a82c                HAL_PCDEx_ActivateLPM
 .text.HAL_RCC_ClockConfig
                0x0800a874      0x1cc ./Drivers/STM32F4xx_HAL_Driver/Src/stm32f4xx_hal_rcc.o
                0x0800a874                HAL_RCC_ClockConfig
 .text.HAL_RCC_GetHCLKFreq
                0x0800aa40       0x18 ./Drivers/STM32F4xx_HAL_Driver/Src/stm32f4xx_hal_rcc.o
                0x0800aa40                HAL_RCC_GetHCLKFreq
 .text.HAL_RCC_GetPCLK1Freq
                0x0800aa58       0x28 ./Drivers/STM32F4xx_HAL_Driver/Src/stm32f4xx_hal_rcc.o
                0x0800aa58                HAL_RCC_GetPCLK1Freq
 .text.HAL_RCC_GetPCLK2Freq
                0x0800aa80       0x28 ./Drivers/STM32F4xx_HAL_Driver/Src/stm32f4xx_hal_rcc.o
                0x0800aa80                HAL_RCC_GetPCLK2Freq
 .text.HAL_RCC_GetClockConfig
                0x0800aaa8       0x64 ./Drivers/STM32F4xx_HAL_Driver/Src/stm32f4xx_hal_rcc.o
                0x0800aaa8                HAL_RCC_GetClockConfig
 .text.HAL_RCCEx_PeriphCLKConfig
                0x0800ab0c      0x654 ./Drivers/STM32F4xx_HAL_Driver/Src/stm32f4xx_hal_rcc_ex.o
                0x0800ab0c                HAL_RCCEx_PeriphCLKConfig
 .text.HAL_RCC_GetSysClockFreq
                0x0800b160      0x460 ./Drivers/STM32F4xx_HAL_Driver/Src/stm32f4xx_hal_rcc_ex.o
                0x0800b160                HAL_RCC_GetSysClockFreq
 .text.HAL_RCC_OscConfig
                0x0800b5c0      0x53c ./Drivers/STM32F4xx_HAL_Driver/Src/stm32f4xx_hal_rcc_ex.o
                0x0800b5c0                HAL_RCC_OscConfig
 .text.HAL_SPI_Init
                0x0800bafc      0x112 ./Drivers/STM32F4xx_HAL_Driver/Src/stm32f4xx_hal_spi.o
                0x0800bafc                HAL_SPI_Init
 .text.HAL_SPI_Transmit
                0x0800bc0e      0x288 ./Drivers/STM32F4xx_HAL_Driver/Src/stm32f4xx_hal_spi.o
                0x0800bc0e                HAL_SPI_Transmit
 .text.HAL_SPI_TransmitReceive
                0x0800be96      0x352 ./Drivers/STM32F4xx_HAL_Driver/Src/stm32f4xx_hal_spi.o
                0x0800be96                HAL_SPI_TransmitReceive
 .text.HAL_SPI_Transmit_DMA
                0x0800c1e8      0x164 ./Drivers/STM32F4xx_HAL_Driver/Src/stm32f4xx_hal_spi.o
                0x0800c1e8                HAL_SPI_Transmit_DMA
 .text.HAL_SPI_TransmitReceive_DMA
                0x0800c34c      0x1f8 ./Drivers/STM32F4xx_HAL_Driver/Src/stm32f4xx_hal_spi.o
                0x0800c34c                HAL_SPI_TransmitReceive_DMA
 .text.HAL_SPI_RxCpltCallback
                0x0800c544       0x14 ./Drivers/STM32F4xx_HAL_Driver/Src/stm32f4xx_hal_spi.o
                0x0800c544                HAL_SPI_RxCpltCallback
 .text.HAL_SPI_TxHalfCpltCallback
                0x0800c558       0x14 ./Drivers/STM32F4xx_HAL_Driver/Src/stm32f4xx_hal_spi.o
                0x0800c558                HAL_SPI_TxHalfCpltCallback
 .text.HAL_SPI_RxHalfCpltCallback
                0x0800c56c       0x14 ./Drivers/STM32F4xx_HAL_Driver/Src/stm32f4xx_hal_spi.o
                0x0800c56c                HAL_SPI_RxHalfCpltCallback
 .text.HAL_SPI_TxRxHalfCpltCallback
                0x0800c580       0x14 ./Drivers/STM32F4xx_HAL_Driver/Src/stm32f4xx_hal_spi.o
                0x0800c580                HAL_SPI_TxRxHalfCpltCallback
 .text.HAL_SPI_ErrorCallback
                0x0800c594       0x14 ./Drivers/STM32F4xx_HAL_Driver/Src/stm32f4xx_hal_spi.o
                0x0800c594                HAL_SPI_ErrorCallback
 .text.HAL_SPI_GetState
                0x0800c5a8       0x1c ./Drivers/STM32F4xx_HAL_Driver/Src/stm32f4xx_hal_spi.o
                0x0800c5a8                HAL_SPI_GetState
 .text.SPI_DMATransmitCplt
                0x0800c5c4       0xa8 ./Drivers/STM32F4xx_HAL_Driver/Src/stm32f4xx_hal_spi.o
 .text.SPI_DMAReceiveCplt
                0x0800c66c       0xa8 ./Drivers/STM32F4xx_HAL_Driver/Src/stm32f4xx_hal_spi.o
 .text.SPI_DMATransmitReceiveCplt
                0x0800c714       0x90 ./Drivers/STM32F4xx_HAL_Driver/Src/stm32f4xx_hal_spi.o
 .text.SPI_DMAHalfTransmitCplt
                0x0800c7a4       0x1c ./Drivers/STM32F4xx_HAL_Driver/Src/stm32f4xx_hal_spi.o
 .text.SPI_DMAHalfReceiveCplt
                0x0800c7c0       0x1c ./Drivers/STM32F4xx_HAL_Driver/Src/stm32f4xx_hal_spi.o
 .text.SPI_DMAHalfTransmitReceiveCplt
                0x0800c7dc       0x1c ./Drivers/STM32F4xx_HAL_Driver/Src/stm32f4xx_hal_spi.o
 .text.SPI_DMAError
                0x0800c7f8       0x40 ./Drivers/STM32F4xx_HAL_Driver/Src/stm32f4xx_hal_spi.o
 .text.SPI_WaitFlagStateUntilTimeout
                0x0800c838      0x110 ./Drivers/STM32F4xx_HAL_Driver/Src/stm32f4xx_hal_spi.o
 .text.SPI_EndRxTransaction
                0x0800c948       0xca ./Drivers/STM32F4xx_HAL_Driver/Src/stm32f4xx_hal_spi.o
 *fill*         0x0800ca12        0x2 
 .text.SPI_EndRxTxTransaction
                0x0800ca14       0xa8 ./Drivers/STM32F4xx_HAL_Driver/Src/stm32f4xx_hal_spi.o
 .text.HAL_TIM_Base_Init
                0x0800cabc       0x9e ./Drivers/STM32F4xx_HAL_Driver/Src/stm32f4xx_hal_tim.o
                0x0800cabc                HAL_TIM_Base_Init
 *fill*         0x0800cb5a        0x2 
 .text.HAL_TIM_Base_Start
                0x0800cb5c       0xd0 ./Drivers/STM32F4xx_HAL_Driver/Src/stm32f4xx_hal_tim.o
                0x0800cb5c                HAL_TIM_Base_Start
 .text.HAL_TIM_Base_Start_IT
                0x0800cc2c       0xe0 ./Drivers/STM32F4xx_HAL_Driver/Src/stm32f4xx_hal_tim.o
                0x0800cc2c                HAL_TIM_Base_Start_IT
 .text.HAL_TIM_PWM_Init
                0x0800cd0c       0x9e ./Drivers/STM32F4xx_HAL_Driver/Src/stm32f4xx_hal_tim.o
                0x0800cd0c                HAL_TIM_PWM_Init
 .text.HAL_TIM_PWM_MspInit
                0x0800cdaa       0x14 ./Drivers/STM32F4xx_HAL_Driver/Src/stm32f4xx_hal_tim.o
                0x0800cdaa                HAL_TIM_PWM_MspInit
 *fill*         0x0800cdbe        0x2 
 .text.HAL_TIM_PWM_Start
                0x0800cdc0      0x190 ./Drivers/STM32F4xx_HAL_Driver/Src/stm32f4xx_hal_tim.o
                0x0800cdc0                HAL_TIM_PWM_Start
 .text.HAL_TIM_IRQHandler
                0x0800cf50      0x1e0 ./Drivers/STM32F4xx_HAL_Driver/Src/stm32f4xx_hal_tim.o
                0x0800cf50                HAL_TIM_IRQHandler
 .text.HAL_TIM_PWM_ConfigChannel
                0x0800d130      0x184 ./Drivers/STM32F4xx_HAL_Driver/Src/stm32f4xx_hal_tim.o
                0x0800d130                HAL_TIM_PWM_ConfigChannel
 .text.HAL_TIM_ConfigClockSource
                0x0800d2b4      0x18e ./Drivers/STM32F4xx_HAL_Driver/Src/stm32f4xx_hal_tim.o
                0x0800d2b4                HAL_TIM_ConfigClockSource
 .text.HAL_TIM_OC_DelayElapsedCallback
                0x0800d442       0x14 ./Drivers/STM32F4xx_HAL_Driver/Src/stm32f4xx_hal_tim.o
                0x0800d442                HAL_TIM_OC_DelayElapsedCallback
 .text.HAL_TIM_IC_CaptureCallback
                0x0800d456       0x14 ./Drivers/STM32F4xx_HAL_Driver/Src/stm32f4xx_hal_tim.o
                0x0800d456                HAL_TIM_IC_CaptureCallback
 .text.HAL_TIM_PWM_PulseFinishedCallback
                0x0800d46a       0x14 ./Drivers/STM32F4xx_HAL_Driver/Src/stm32f4xx_hal_tim.o
                0x0800d46a                HAL_TIM_PWM_PulseFinishedCallback
 .text.HAL_TIM_TriggerCallback
                0x0800d47e       0x14 ./Drivers/STM32F4xx_HAL_Driver/Src/stm32f4xx_hal_tim.o
                0x0800d47e                HAL_TIM_TriggerCallback
 *fill*         0x0800d492        0x2 
 .text.TIM_Base_SetConfig
                0x0800d494      0x14c ./Drivers/STM32F4xx_HAL_Driver/Src/stm32f4xx_hal_tim.o
                0x0800d494                TIM_Base_SetConfig
 .text.TIM_OC1_SetConfig
                0x0800d5e0       0xe0 ./Drivers/STM32F4xx_HAL_Driver/Src/stm32f4xx_hal_tim.o
 .text.TIM_OC2_SetConfig
                0x0800d6c0       0xec ./Drivers/STM32F4xx_HAL_Driver/Src/stm32f4xx_hal_tim.o
                0x0800d6c0                TIM_OC2_SetConfig
 .text.TIM_OC3_SetConfig
                0x0800d7ac       0xe8 ./Drivers/STM32F4xx_HAL_Driver/Src/stm32f4xx_hal_tim.o
 .text.TIM_OC4_SetConfig
                0x0800d894       0xac ./Drivers/STM32F4xx_HAL_Driver/Src/stm32f4xx_hal_tim.o
 .text.TIM_TI1_ConfigInputStage
                0x0800d940       0x5e ./Drivers/STM32F4xx_HAL_Driver/Src/stm32f4xx_hal_tim.o
 .text.TIM_TI2_ConfigInputStage
                0x0800d99e       0x60 ./Drivers/STM32F4xx_HAL_Driver/Src/stm32f4xx_hal_tim.o
 .text.TIM_ITRx_SetConfig
                0x0800d9fe       0x36 ./Drivers/STM32F4xx_HAL_Driver/Src/stm32f4xx_hal_tim.o
 .text.TIM_ETR_SetConfig
                0x0800da34       0x40 ./Drivers/STM32F4xx_HAL_Driver/Src/stm32f4xx_hal_tim.o
                0x0800da34                TIM_ETR_SetConfig
 .text.TIM_CCxChannelCmd
                0x0800da74       0x4a ./Drivers/STM32F4xx_HAL_Driver/Src/stm32f4xx_hal_tim.o
                0x0800da74                TIM_CCxChannelCmd
 *fill*         0x0800dabe        0x2 
 .text.HAL_TIMEx_MasterConfigSynchronization
                0x0800dac0       0xf8 ./Drivers/STM32F4xx_HAL_Driver/Src/stm32f4xx_hal_tim_ex.o
                0x0800dac0                HAL_TIMEx_MasterConfigSynchronization
 .text.HAL_TIMEx_CommutCallback
                0x0800dbb8       0x14 ./Drivers/STM32F4xx_HAL_Driver/Src/stm32f4xx_hal_tim_ex.o
                0x0800dbb8                HAL_TIMEx_CommutCallback
 .text.HAL_TIMEx_BreakCallback
                0x0800dbcc       0x14 ./Drivers/STM32F4xx_HAL_Driver/Src/stm32f4xx_hal_tim_ex.o
                0x0800dbcc                HAL_TIMEx_BreakCallback
 .text.USB_CoreInit
                0x0800dbe0       0xc8 ./Drivers/STM32F4xx_HAL_Driver/Src/stm32f4xx_ll_usb.o
                0x0800dbe0                USB_CoreInit
 .text.USB_SetTurnaroundTime
                0x0800dca8      0x144 ./Drivers/STM32F4xx_HAL_Driver/Src/stm32f4xx_ll_usb.o
                0x0800dca8                USB_SetTurnaroundTime
 .text.USB_EnableGlobalInt
                0x0800ddec       0x22 ./Drivers/STM32F4xx_HAL_Driver/Src/stm32f4xx_ll_usb.o
                0x0800ddec                USB_EnableGlobalInt
 .text.USB_DisableGlobalInt
                0x0800de0e       0x22 ./Drivers/STM32F4xx_HAL_Driver/Src/stm32f4xx_ll_usb.o
                0x0800de0e                USB_DisableGlobalInt
 .text.USB_SetCurrentMode
                0x0800de30       0x98 ./Drivers/STM32F4xx_HAL_Driver/Src/stm32f4xx_ll_usb.o
                0x0800de30                USB_SetCurrentMode
 .text.USB_DevInit
                0x0800dec8      0x2bc ./Drivers/STM32F4xx_HAL_Driver/Src/stm32f4xx_ll_usb.o
                0x0800dec8                USB_DevInit
 .text.USB_FlushTxFifo
                0x0800e184       0x64 ./Drivers/STM32F4xx_HAL_Driver/Src/stm32f4xx_ll_usb.o
                0x0800e184                USB_FlushTxFifo
 .text.USB_FlushRxFifo
                0x0800e1e8       0x5c ./Drivers/STM32F4xx_HAL_Driver/Src/stm32f4xx_ll_usb.o
                0x0800e1e8                USB_FlushRxFifo
 .text.USB_SetDevSpeed
                0x0800e244       0x32 ./Drivers/STM32F4xx_HAL_Driver/Src/stm32f4xx_ll_usb.o
                0x0800e244                USB_SetDevSpeed
 .text.USB_GetDevSpeed
                0x0800e276       0x4a ./Drivers/STM32F4xx_HAL_Driver/Src/stm32f4xx_ll_usb.o
                0x0800e276                USB_GetDevSpeed
 .text.USB_ActivateEndpoint
                0x0800e2c0      0x10e ./Drivers/STM32F4xx_HAL_Driver/Src/stm32f4xx_ll_usb.o
                0x0800e2c0                USB_ActivateEndpoint
 *fill*         0x0800e3ce        0x2 
 .text.USB_DeactivateEndpoint
                0x0800e3d0      0x1b8 ./Drivers/STM32F4xx_HAL_Driver/Src/stm32f4xx_ll_usb.o
                0x0800e3d0                USB_DeactivateEndpoint
 .text.USB_EPStartXfer
                0x0800e588      0x53c ./Drivers/STM32F4xx_HAL_Driver/Src/stm32f4xx_ll_usb.o
                0x0800e588                USB_EPStartXfer
 .text.USB_EPStopXfer
                0x0800eac4      0x154 ./Drivers/STM32F4xx_HAL_Driver/Src/stm32f4xx_ll_usb.o
                0x0800eac4                USB_EPStopXfer
 .text.USB_WritePacket
                0x0800ec18       0x7c ./Drivers/STM32F4xx_HAL_Driver/Src/stm32f4xx_ll_usb.o
                0x0800ec18                USB_WritePacket
 .text.USB_ReadPacket
                0x0800ec94       0xb0 ./Drivers/STM32F4xx_HAL_Driver/Src/stm32f4xx_ll_usb.o
                0x0800ec94                USB_ReadPacket
 .text.USB_EPSetStall
                0x0800ed44       0xdc ./Drivers/STM32F4xx_HAL_Driver/Src/stm32f4xx_ll_usb.o
                0x0800ed44                USB_EPSetStall
 .text.USB_EPClearStall
                0x0800ee20       0xcc ./Drivers/STM32F4xx_HAL_Driver/Src/stm32f4xx_ll_usb.o
                0x0800ee20                USB_EPClearStall
 .text.USB_SetDevAddress
                0x0800eeec       0x4c ./Drivers/STM32F4xx_HAL_Driver/Src/stm32f4xx_ll_usb.o
                0x0800eeec                USB_SetDevAddress
 .text.USB_DevConnect
                0x0800ef38       0x42 ./Drivers/STM32F4xx_HAL_Driver/Src/stm32f4xx_ll_usb.o
                0x0800ef38                USB_DevConnect
 .text.USB_DevDisconnect
                0x0800ef7a       0x42 ./Drivers/STM32F4xx_HAL_Driver/Src/stm32f4xx_ll_usb.o
                0x0800ef7a                USB_DevDisconnect
 .text.USB_ReadInterrupts
                0x0800efbc       0x26 ./Drivers/STM32F4xx_HAL_Driver/Src/stm32f4xx_ll_usb.o
                0x0800efbc                USB_ReadInterrupts
 .text.USB_ReadDevAllOutEpInterrupt
                0x0800efe2       0x34 ./Drivers/STM32F4xx_HAL_Driver/Src/stm32f4xx_ll_usb.o
                0x0800efe2                USB_ReadDevAllOutEpInterrupt
 .text.USB_ReadDevAllInEpInterrupt
                0x0800f016       0x34 ./Drivers/STM32F4xx_HAL_Driver/Src/stm32f4xx_ll_usb.o
                0x0800f016                USB_ReadDevAllInEpInterrupt
 .text.USB_ReadDevOutEPInterrupt
                0x0800f04a       0x3c ./Drivers/STM32F4xx_HAL_Driver/Src/stm32f4xx_ll_usb.o
                0x0800f04a                USB_ReadDevOutEPInterrupt
 .text.USB_ReadDevInEPInterrupt
                0x0800f086       0x5c ./Drivers/STM32F4xx_HAL_Driver/Src/stm32f4xx_ll_usb.o
                0x0800f086                USB_ReadDevInEPInterrupt
 .text.USB_GetMode
                0x0800f0e2       0x1c ./Drivers/STM32F4xx_HAL_Driver/Src/stm32f4xx_ll_usb.o
                0x0800f0e2                USB_GetMode
 .text.USB_ActivateSetup
                0x0800f0fe       0x46 ./Drivers/STM32F4xx_HAL_Driver/Src/stm32f4xx_ll_usb.o
                0x0800f0fe                USB_ActivateSetup
 .text.USB_EP0_OutStart
                0x0800f144       0xbc ./Drivers/STM32F4xx_HAL_Driver/Src/stm32f4xx_ll_usb.o
                0x0800f144                USB_EP0_OutStart
 .text.USB_CoreReset
                0x0800f200       0x70 ./Drivers/STM32F4xx_HAL_Driver/Src/stm32f4xx_ll_usb.o
 .text.USBD_CUSTOM_HID_Init
                0x0800f270      0x158 ./Middlewares/ST/STM32_USB_Device_Library/Class/CustomHID/Src/usbd_customhid.o
 .text.USBD_CUSTOM_HID_DeInit
                0x0800f3c8       0xf4 ./Middlewares/ST/STM32_USB_Device_Library/Class/CustomHID/Src/usbd_customhid.o
 .text.USBD_CUSTOM_HID_Setup
                0x0800f4bc      0x254 ./Middlewares/ST/STM32_USB_Device_Library/Class/CustomHID/Src/usbd_customhid.o
 .text.USBD_CUSTOM_HID_SendReport
                0x0800f710       0x68 ./Middlewares/ST/STM32_USB_Device_Library/Class/CustomHID/Src/usbd_customhid.o
                0x0800f710                USBD_CUSTOM_HID_SendReport
 .text.USBD_CUSTOM_HID_GetFSCfgDesc
                0x0800f778       0x64 ./Middlewares/ST/STM32_USB_Device_Library/Class/CustomHID/Src/usbd_customhid.o
 .text.USBD_CUSTOM_HID_GetHSCfgDesc
                0x0800f7dc       0x64 ./Middlewares/ST/STM32_USB_Device_Library/Class/CustomHID/Src/usbd_customhid.o
 .text.USBD_CUSTOM_HID_GetOtherSpeedCfgDesc
                0x0800f840       0x64 ./Middlewares/ST/STM32_USB_Device_Library/Class/CustomHID/Src/usbd_customhid.o
 .text.USBD_CUSTOM_HID_DataIn
                0x0800f8a4       0x2e ./Middlewares/ST/STM32_USB_Device_Library/Class/CustomHID/Src/usbd_customhid.o
 .text.USBD_CUSTOM_HID_DataOut
                0x0800f8d2       0x42 ./Middlewares/ST/STM32_USB_Device_Library/Class/CustomHID/Src/usbd_customhid.o
 .text.USBD_CUSTOM_HID_EP0_RxReady
                0x0800f914       0x40 ./Middlewares/ST/STM32_USB_Device_Library/Class/CustomHID/Src/usbd_customhid.o
 .text.USBD_CUSTOM_HID_GetDeviceQualifierDesc
                0x0800f954       0x20 ./Middlewares/ST/STM32_USB_Device_Library/Class/CustomHID/Src/usbd_customhid.o
 .text.USBD_CUSTOM_HID_RegisterInterface
                0x0800f974       0x34 ./Middlewares/ST/STM32_USB_Device_Library/Class/CustomHID/Src/usbd_customhid.o
                0x0800f974                USBD_CUSTOM_HID_RegisterInterface
 .text.USBD_Init
                0x0800f9a8       0x60 ./Middlewares/ST/STM32_USB_Device_Library/Core/Src/usbd_core.o
                0x0800f9a8                USBD_Init
 .text.USBD_RegisterClass
                0x0800fa08       0x6c ./Middlewares/ST/STM32_USB_Device_Library/Core/Src/usbd_core.o
                0x0800fa08                USBD_RegisterClass
 .text.USBD_Start
                0x0800fa74       0x18 ./Middlewares/ST/STM32_USB_Device_Library/Core/Src/usbd_core.o
                0x0800fa74                USBD_Start
 .text.USBD_RunTestMode
                0x0800fa8c       0x16 ./Middlewares/ST/STM32_USB_Device_Library/Core/Src/usbd_core.o
                0x0800fa8c                USBD_RunTestMode
 .text.USBD_SetClassConfig
                0x0800faa2       0x38 ./Middlewares/ST/STM32_USB_Device_Library/Core/Src/usbd_core.o
                0x0800faa2                USBD_SetClassConfig
 .text.USBD_ClrClassConfig
                0x0800fada       0x34 ./Middlewares/ST/STM32_USB_Device_Library/Core/Src/usbd_core.o
                0x0800fada                USBD_ClrClassConfig
 .text.USBD_LL_SetupStage
                0x0800fb0e       0xaa ./Middlewares/ST/STM32_USB_Device_Library/Core/Src/usbd_core.o
                0x0800fb0e                USBD_LL_SetupStage
 .text.USBD_LL_DataOutStage
                0x0800fbb8      0x178 ./Middlewares/ST/STM32_USB_Device_Library/Core/Src/usbd_core.o
                0x0800fbb8                USBD_LL_DataOutStage
 .text.USBD_LL_DataInStage
                0x0800fd30      0x176 ./Middlewares/ST/STM32_USB_Device_Library/Core/Src/usbd_core.o
                0x0800fd30                USBD_LL_DataInStage
 .text.USBD_LL_Reset
                0x0800fea6       0xa6 ./Middlewares/ST/STM32_USB_Device_Library/Core/Src/usbd_core.o
                0x0800fea6                USBD_LL_Reset
 .text.USBD_LL_SetSpeed
                0x0800ff4c       0x20 ./Middlewares/ST/STM32_USB_Device_Library/Core/Src/usbd_core.o
                0x0800ff4c                USBD_LL_SetSpeed
 .text.USBD_LL_Suspend
                0x0800ff6c       0x38 ./Middlewares/ST/STM32_USB_Device_Library/Core/Src/usbd_core.o
                0x0800ff6c                USBD_LL_Suspend
 .text.USBD_LL_Resume
                0x0800ffa4       0x30 ./Middlewares/ST/STM32_USB_Device_Library/Core/Src/usbd_core.o
                0x0800ffa4                USBD_LL_Resume
 .text.USBD_LL_SOF
                0x0800ffd4       0x40 ./Middlewares/ST/STM32_USB_Device_Library/Core/Src/usbd_core.o
                0x0800ffd4                USBD_LL_SOF
 .text.USBD_LL_IsoINIncomplete
                0x08010014       0x64 ./Middlewares/ST/STM32_USB_Device_Library/Core/Src/usbd_core.o
                0x08010014                USBD_LL_IsoINIncomplete
 .text.USBD_LL_IsoOUTIncomplete
                0x08010078       0x64 ./Middlewares/ST/STM32_USB_Device_Library/Core/Src/usbd_core.o
                0x08010078                USBD_LL_IsoOUTIncomplete
 .text.USBD_LL_DevConnected
                0x080100dc       0x16 ./Middlewares/ST/STM32_USB_Device_Library/Core/Src/usbd_core.o
                0x080100dc                USBD_LL_DevConnected
 .text.USBD_LL_DevDisconnected
                0x080100f2       0x46 ./Middlewares/ST/STM32_USB_Device_Library/Core/Src/usbd_core.o
                0x080100f2                USBD_LL_DevDisconnected
 .text.USBD_CoreFindIF
                0x08010138       0x1a ./Middlewares/ST/STM32_USB_Device_Library/Core/Src/usbd_core.o
                0x08010138                USBD_CoreFindIF
 .text.USBD_CoreFindEP
                0x08010152       0x1a ./Middlewares/ST/STM32_USB_Device_Library/Core/Src/usbd_core.o
                0x08010152                USBD_CoreFindEP
 .text.USBD_GetEpDesc
                0x0801016c       0x70 ./Middlewares/ST/STM32_USB_Device_Library/Core/Src/usbd_core.o
                0x0801016c                USBD_GetEpDesc
 .text.USBD_GetNextDesc
                0x080101dc       0x38 ./Middlewares/ST/STM32_USB_Device_Library/Core/Src/usbd_core.o
                0x080101dc                USBD_GetNextDesc
 .text.SWAPBYTE
                0x08010214       0x3e ./Middlewares/ST/STM32_USB_Device_Library/Core/Src/usbd_ctlreq.o
 *fill*         0x08010252        0x2 
 .text.USBD_StdDevReq
                0x08010254       0xe4 ./Middlewares/ST/STM32_USB_Device_Library/Core/Src/usbd_ctlreq.o
                0x08010254                USBD_StdDevReq
 .text.USBD_StdItfReq
                0x08010338       0xd8 ./Middlewares/ST/STM32_USB_Device_Library/Core/Src/usbd_ctlreq.o
                0x08010338                USBD_StdItfReq
 .text.USBD_StdEPReq
                0x08010410      0x33e ./Middlewares/ST/STM32_USB_Device_Library/Core/Src/usbd_ctlreq.o
                0x08010410                USBD_StdEPReq
 *fill*         0x0801074e        0x2 
 .text.USBD_GetDescriptor
                0x08010750      0x328 ./Middlewares/ST/STM32_USB_Device_Library/Core/Src/usbd_ctlreq.o
 .text.USBD_SetAddress
                0x08010a78       0x88 ./Middlewares/ST/STM32_USB_Device_Library/Core/Src/usbd_ctlreq.o
 .text.USBD_SetConfig
                0x08010b00      0x154 ./Middlewares/ST/STM32_USB_Device_Library/Core/Src/usbd_ctlreq.o
 .text.USBD_GetConfig
                0x08010c54       0x6c ./Middlewares/ST/STM32_USB_Device_Library/Core/Src/usbd_ctlreq.o
 .text.USBD_GetStatus
                0x08010cc0       0x68 ./Middlewares/ST/STM32_USB_Device_Library/Core/Src/usbd_ctlreq.o
 .text.USBD_SetFeature
                0x08010d28       0x52 ./Middlewares/ST/STM32_USB_Device_Library/Core/Src/usbd_ctlreq.o
 .text.USBD_ClrFeature
                0x08010d7a       0x44 ./Middlewares/ST/STM32_USB_Device_Library/Core/Src/usbd_ctlreq.o
 .text.USBD_ParseSetupRequest
                0x08010dbe       0x74 ./Middlewares/ST/STM32_USB_Device_Library/Core/Src/usbd_ctlreq.o
                0x08010dbe                USBD_ParseSetupRequest
 .text.USBD_CtlError
                0x08010e32       0x22 ./Middlewares/ST/STM32_USB_Device_Library/Core/Src/usbd_ctlreq.o
                0x08010e32                USBD_CtlError
 .text.USBD_GetString
                0x08010e54       0xa4 ./Middlewares/ST/STM32_USB_Device_Library/Core/Src/usbd_ctlreq.o
                0x08010e54                USBD_GetString
 .text.USBD_GetLen
                0x08010ef8       0x34 ./Middlewares/ST/STM32_USB_Device_Library/Core/Src/usbd_ctlreq.o
 .text.USBD_CtlSendData
                0x08010f2c       0x3c ./Middlewares/ST/STM32_USB_Device_Library/Core/Src/usbd_ioreq.o
                0x08010f2c                USBD_CtlSendData
 .text.USBD_CtlContinueSendData
                0x08010f68       0x22 ./Middlewares/ST/STM32_USB_Device_Library/Core/Src/usbd_ioreq.o
                0x08010f68                USBD_CtlContinueSendData
 .text.USBD_CtlPrepareRx
                0x08010f8a       0x42 ./Middlewares/ST/STM32_USB_Device_Library/Core/Src/usbd_ioreq.o
                0x08010f8a                USBD_CtlPrepareRx
 .text.USBD_CtlContinueRx
                0x08010fcc       0x22 ./Middlewares/ST/STM32_USB_Device_Library/Core/Src/usbd_ioreq.o
                0x08010fcc                USBD_CtlContinueRx
 .text.USBD_CtlSendStatus
                0x08010fee       0x26 ./Middlewares/ST/STM32_USB_Device_Library/Core/Src/usbd_ioreq.o
                0x08010fee                USBD_CtlSendStatus
 .text.USBD_CtlReceiveStatus
                0x08011014       0x26 ./Middlewares/ST/STM32_USB_Device_Library/Core/Src/usbd_ioreq.o
                0x08011014                USBD_CtlReceiveStatus
 .text.makeFreeRtosPriority
                0x0801103a       0x30 ./Middlewares/Third_Party/FreeRTOS/Source/CMSIS_RTOS/cmsis_os.o
 .text.osKernelStart
                0x0801106a        0xe ./Middlewares/Third_Party/FreeRTOS/Source/CMSIS_RTOS/cmsis_os.o
                0x0801106a                osKernelStart
 .text.osThreadCreate
                0x08011078       0x98 ./Middlewares/Third_Party/FreeRTOS/Source/CMSIS_RTOS/cmsis_os.o
                0x08011078                osThreadCreate
 .text.osDelay  0x08011110       0x28 ./Middlewares/Third_Party/FreeRTOS/Source/CMSIS_RTOS/cmsis_os.o
                0x08011110                osDelay
 .text.vListInitialise
                0x08011138       0x40 ./Middlewares/Third_Party/FreeRTOS/Source/list.o
                0x08011138                vListInitialise
 .text.vListInitialiseItem
                0x08011178       0x1a ./Middlewares/Third_Party/FreeRTOS/Source/list.o
                0x08011178                vListInitialiseItem
 .text.vListInsertEnd
                0x08011192       0x48 ./Middlewares/Third_Party/FreeRTOS/Source/list.o
                0x08011192                vListInsertEnd
 .text.vListInsert
                0x080111da       0x72 ./Middlewares/Third_Party/FreeRTOS/Source/list.o
                0x080111da                vListInsert
 .text.uxListRemove
                0x0801124c       0x54 ./Middlewares/Third_Party/FreeRTOS/Source/list.o
                0x0801124c                uxListRemove
 .text.xQueueGenericReset
                0x080112a0       0xd4 ./Middlewares/Third_Party/FreeRTOS/Source/queue.o
                0x080112a0                xQueueGenericReset
 .text.xQueueGenericCreate
                0x08011374       0x76 ./Middlewares/Third_Party/FreeRTOS/Source/queue.o
                0x08011374                xQueueGenericCreate
 .text.prvInitialiseNewQueue
                0x080113ea       0x3e ./Middlewares/Third_Party/FreeRTOS/Source/queue.o
 .text.xQueueGenericSend
                0x08011428      0x204 ./Middlewares/Third_Party/FreeRTOS/Source/queue.o
                0x08011428                xQueueGenericSend
 .text.xQueueGiveFromISR
                0x0801162c      0x120 ./Middlewares/Third_Party/FreeRTOS/Source/queue.o
                0x0801162c                xQueueGiveFromISR
 .text.xQueueReceive
                0x0801174c      0x1c4 ./Middlewares/Third_Party/FreeRTOS/Source/queue.o
                0x0801174c                xQueueReceive
 .text.xQueueSemaphoreTake
                0x08011910      0x220 ./Middlewares/Third_Party/FreeRTOS/Source/queue.o
                0x08011910                xQueueSemaphoreTake
 .text.prvGetDisinheritPriorityAfterTimeout
                0x08011b30       0x30 ./Middlewares/Third_Party/FreeRTOS/Source/queue.o
 .text.prvCopyDataToQueue
                0x08011b60       0xd4 ./Middlewares/Third_Party/FreeRTOS/Source/queue.o
 .text.prvCopyDataFromQueue
                0x08011c34       0x4c ./Middlewares/Third_Party/FreeRTOS/Source/queue.o
 .text.prvUnlockQueue
                0x08011c80       0xa4 ./Middlewares/Third_Party/FreeRTOS/Source/queue.o
 .text.prvIsQueueEmpty
                0x08011d24       0x2c ./Middlewares/Third_Party/FreeRTOS/Source/queue.o
 .text.prvIsQueueFull
                0x08011d50       0x30 ./Middlewares/Third_Party/FreeRTOS/Source/queue.o
 .text.xTaskCreateStatic
                0x08011d80       0xc0 ./Middlewares/Third_Party/FreeRTOS/Source/tasks.o
                0x08011d80                xTaskCreateStatic
 .text.xTaskCreate
                0x08011e40       0x8a ./Middlewares/Third_Party/FreeRTOS/Source/tasks.o
                0x08011e40                xTaskCreate
 *fill*         0x08011eca        0x2 
 .text.prvInitialiseNewTask
                0x08011ecc      0x140 ./Middlewares/Third_Party/FreeRTOS/Source/tasks.o
 .text.prvAddNewTaskToReadyList
                0x0801200c       0xd4 ./Middlewares/Third_Party/FreeRTOS/Source/tasks.o
 .text.vTaskDelay
                0x080120e0       0x6c ./Middlewares/Third_Party/FreeRTOS/Source/tasks.o
                0x080120e0                vTaskDelay
 .text.vTaskStartScheduler
                0x0801214c       0xd4 ./Middlewares/Third_Party/FreeRTOS/Source/tasks.o
                0x0801214c                vTaskStartScheduler
 .text.vTaskSuspendAll
                0x08012220       0x1c ./Middlewares/Third_Party/FreeRTOS/Source/tasks.o
                0x08012220                vTaskSuspendAll
 .text.xTaskResumeAll
                0x0801223c      0x13c ./Middlewares/Third_Party/FreeRTOS/Source/tasks.o
                0x0801223c                xTaskResumeAll
 .text.xTaskIncrementTick
                0x08012378      0x174 ./Middlewares/Third_Party/FreeRTOS/Source/tasks.o
                0x08012378                xTaskIncrementTick
 .text.vTaskSwitchContext
                0x080124ec       0xc8 ./Middlewares/Third_Party/FreeRTOS/Source/tasks.o
                0x080124ec                vTaskSwitchContext
 .text.vTaskPlaceOnEventList
                0x080125b4       0x4c ./Middlewares/Third_Party/FreeRTOS/Source/tasks.o
                0x080125b4                vTaskPlaceOnEventList
 .text.xTaskRemoveFromEventList
                0x08012600       0xc8 ./Middlewares/Third_Party/FreeRTOS/Source/tasks.o
                0x08012600                xTaskRemoveFromEventList
 .text.vTaskInternalSetTimeOutState
                0x080126c8       0x2c ./Middlewares/Third_Party/FreeRTOS/Source/tasks.o
                0x080126c8                vTaskInternalSetTimeOutState
 .text.xTaskCheckForTimeOut
                0x080126f4       0xc8 ./Middlewares/Third_Party/FreeRTOS/Source/tasks.o
                0x080126f4                xTaskCheckForTimeOut
 .text.vTaskMissedYield
                0x080127bc       0x18 ./Middlewares/Third_Party/FreeRTOS/Source/tasks.o
                0x080127bc                vTaskMissedYield
 .text.prvIdleTask
                0x080127d4       0x34 ./Middlewares/Third_Party/FreeRTOS/Source/tasks.o
 .text.prvInitialiseTaskLists
                0x08012808       0x80 ./Middlewares/Third_Party/FreeRTOS/Source/tasks.o
 .text.prvCheckTasksWaitingTermination
                0x08012888       0x5c ./Middlewares/Third_Party/FreeRTOS/Source/tasks.o
 .text.prvDeleteTCB
                0x080128e4       0x6a ./Middlewares/Third_Party/FreeRTOS/Source/tasks.o
 *fill*         0x0801294e        0x2 
 .text.prvResetNextTaskUnblockTime
                0x08012950       0x40 ./Middlewares/Third_Party/FreeRTOS/Source/tasks.o
 .text.xTaskGetSchedulerState
                0x08012990       0x3c ./Middlewares/Third_Party/FreeRTOS/Source/tasks.o
                0x08012990                xTaskGetSchedulerState
 .text.xTaskPriorityInherit
                0x080129cc       0xec ./Middlewares/Third_Party/FreeRTOS/Source/tasks.o
                0x080129cc                xTaskPriorityInherit
 .text.xTaskPriorityDisinherit
                0x08012ab8      0x110 ./Middlewares/Third_Party/FreeRTOS/Source/tasks.o
                0x08012ab8                xTaskPriorityDisinherit
 .text.vTaskPriorityDisinheritAfterTimeout
                0x08012bc8      0x120 ./Middlewares/Third_Party/FreeRTOS/Source/tasks.o
                0x08012bc8                vTaskPriorityDisinheritAfterTimeout
 .text.pvTaskIncrementMutexHeldCount
                0x08012ce8       0x28 ./Middlewares/Third_Party/FreeRTOS/Source/tasks.o
                0x08012ce8                pvTaskIncrementMutexHeldCount
 .text.prvAddCurrentTaskToDelayedList
                0x08012d10       0xcc ./Middlewares/Third_Party/FreeRTOS/Source/tasks.o
 .text.pxPortInitialiseStack
                0x08012ddc       0x68 ./Middlewares/Third_Party/FreeRTOS/Source/portable/GCC/ARM_CM4F/port.o
                0x08012ddc                pxPortInitialiseStack
 .text.prvTaskExitError
                0x08012e44       0x5c ./Middlewares/Third_Party/FreeRTOS/Source/portable/GCC/ARM_CM4F/port.o
 .text.SVC_Handler
                0x08012ea0       0x28 ./Middlewares/Third_Party/FreeRTOS/Source/portable/GCC/ARM_CM4F/port.o
                0x08012ea0                SVC_Handler
 .text.prvPortStartFirstTask
                0x08012ec8       0x28 ./Middlewares/Third_Party/FreeRTOS/Source/portable/GCC/ARM_CM4F/port.o
 .text.xPortStartScheduler
                0x08012ef0      0x148 ./Middlewares/Third_Party/FreeRTOS/Source/portable/GCC/ARM_CM4F/port.o
                0x08012ef0                xPortStartScheduler
 .text.vPortEnterCritical
                0x08013038       0x64 ./Middlewares/Third_Party/FreeRTOS/Source/portable/GCC/ARM_CM4F/port.o
                0x08013038                vPortEnterCritical
 .text.vPortExitCritical
                0x0801309c       0x54 ./Middlewares/Third_Party/FreeRTOS/Source/portable/GCC/ARM_CM4F/port.o
                0x0801309c                vPortExitCritical
 .text.PendSV_Handler
                0x080130f0       0x68 ./Middlewares/Third_Party/FreeRTOS/Source/portable/GCC/ARM_CM4F/port.o
                0x080130f0                PendSV_Handler
 .text.SysTick_Handler
                0x08013158       0x44 ./Middlewares/Third_Party/FreeRTOS/Source/portable/GCC/ARM_CM4F/port.o
                0x08013158                SysTick_Handler
 .text.vPortSetupTimerInterrupt
                0x0801319c       0x48 ./Middlewares/Third_Party/FreeRTOS/Source/portable/GCC/ARM_CM4F/port.o
                0x0801319c                vPortSetupTimerInterrupt
 .text.vPortEnableVFP
                0x080131e4       0x14 ./Middlewares/Third_Party/FreeRTOS/Source/portable/GCC/ARM_CM4F/port.o
 .text.vPortValidateInterruptPriority
                0x080131f8       0x84 ./Middlewares/Third_Party/FreeRTOS/Source/portable/GCC/ARM_CM4F/port.o
                0x080131f8                vPortValidateInterruptPriority
 .text.pvPortMalloc
                0x0801327c      0x19c ./Middlewares/Third_Party/FreeRTOS/Source/portable/MemMang/heap_4.o
                0x0801327c                pvPortMalloc
 .text.vPortFree
                0x08013418       0xc8 ./Middlewares/Third_Party/FreeRTOS/Source/portable/MemMang/heap_4.o
                0x08013418                vPortFree
 .text.prvHeapInit
                0x080134e0       0xc4 ./Middlewares/Third_Party/FreeRTOS/Source/portable/MemMang/heap_4.o
 .text.prvInsertBlockIntoFreeList
                0x080135a4       0xb4 ./Middlewares/Third_Party/FreeRTOS/Source/portable/MemMang/heap_4.o
 .text.MX_USB_DEVICE_Init
                0x08013658       0x60 ./USB_DEVICE/App/usb_device.o
                0x08013658                MX_USB_DEVICE_Init
 .text.CUSTOM_HID_Init_FS
                0x080136b8       0x10 ./USB_DEVICE/App/usbd_custom_hid_if.o
 .text.CUSTOM_HID_DeInit_FS
                0x080136c8       0x10 ./USB_DEVICE/App/usbd_custom_hid_if.o
 .text.CUSTOM_HID_OutEvent_FS
                0x080136d8       0x4c ./USB_DEVICE/App/usbd_custom_hid_if.o
 .text.USBD_FS_DeviceDescriptor
                0x08013724       0x24 ./USB_DEVICE/App/usbd_desc.o
                0x08013724                USBD_FS_DeviceDescriptor
 .text.USBD_FS_LangIDStrDescriptor
                0x08013748       0x24 ./USB_DEVICE/App/usbd_desc.o
                0x08013748                USBD_FS_LangIDStrDescriptor
 .text.USBD_FS_ProductStrDescriptor
                0x0801376c       0x3c ./USB_DEVICE/App/usbd_desc.o
                0x0801376c                USBD_FS_ProductStrDescriptor
 .text.USBD_FS_ManufacturerStrDescriptor
                0x080137a8       0x28 ./USB_DEVICE/App/usbd_desc.o
                0x080137a8                USBD_FS_ManufacturerStrDescriptor
 .text.USBD_FS_SerialStrDescriptor
                0x080137d0       0x24 ./USB_DEVICE/App/usbd_desc.o
                0x080137d0                USBD_FS_SerialStrDescriptor
 .text.USBD_FS_ConfigStrDescriptor
                0x080137f4       0x3c ./USB_DEVICE/App/usbd_desc.o
                0x080137f4                USBD_FS_ConfigStrDescriptor
 .text.USBD_FS_InterfaceStrDescriptor
                0x08013830       0x3c ./USB_DEVICE/App/usbd_desc.o
                0x08013830                USBD_FS_InterfaceStrDescriptor
 .text.USBD_FS_USR_BOSDescriptor
                0x0801386c       0x24 ./USB_DEVICE/App/usbd_desc.o
                0x0801386c                USBD_FS_USR_BOSDescriptor
 .text.Get_SerialNum
                0x08013890       0x58 ./USB_DEVICE/App/usbd_desc.o
 .text.IntToUnicode
                0x080138e8       0x7e ./USB_DEVICE/App/usbd_desc.o
 *fill*         0x08013966        0x2 
 .text.HAL_PCD_MspInit
                0x08013968       0xd4 ./USB_DEVICE/Target/usbd_conf.o
                0x08013968                HAL_PCD_MspInit
 .text.HAL_PCD_SetupStageCallback
                0x08013a3c       0x24 ./USB_DEVICE/Target/usbd_conf.o
                0x08013a3c                HAL_PCD_SetupStageCallback
 .text.HAL_PCD_DataOutStageCallback
                0x08013a60       0x36 ./USB_DEVICE/Target/usbd_conf.o
                0x08013a60                HAL_PCD_DataOutStageCallback
 .text.HAL_PCD_DataInStageCallback
                0x08013a96       0x34 ./USB_DEVICE/Target/usbd_conf.o
                0x08013a96                HAL_PCD_DataInStageCallback
 .text.HAL_PCD_SOFCallback
                0x08013aca       0x1c ./USB_DEVICE/Target/usbd_conf.o
                0x08013aca                HAL_PCD_SOFCallback
 .text.HAL_PCD_ResetCallback
                0x08013ae6       0x50 ./USB_DEVICE/Target/usbd_conf.o
                0x08013ae6                HAL_PCD_ResetCallback
 *fill*         0x08013b36        0x2 
 .text.HAL_PCD_SuspendCallback
                0x08013b38       0x4c ./USB_DEVICE/Target/usbd_conf.o
                0x08013b38                HAL_PCD_SuspendCallback
 .text.HAL_PCD_ResumeCallback
                0x08013b84       0x1c ./USB_DEVICE/Target/usbd_conf.o
                0x08013b84                HAL_PCD_ResumeCallback
 .text.HAL_PCD_ISOOUTIncompleteCallback
                0x08013ba0       0x24 ./USB_DEVICE/Target/usbd_conf.o
                0x08013ba0                HAL_PCD_ISOOUTIncompleteCallback
 .text.HAL_PCD_ISOINIncompleteCallback
                0x08013bc4       0x24 ./USB_DEVICE/Target/usbd_conf.o
                0x08013bc4                HAL_PCD_ISOINIncompleteCallback
 .text.HAL_PCD_ConnectCallback
                0x08013be8       0x1c ./USB_DEVICE/Target/usbd_conf.o
                0x08013be8                HAL_PCD_ConnectCallback
 .text.HAL_PCD_DisconnectCallback
                0x08013c04       0x1c ./USB_DEVICE/Target/usbd_conf.o
                0x08013c04                HAL_PCD_DisconnectCallback
 .text.USBD_LL_Init
                0x08013c20       0x98 ./USB_DEVICE/Target/usbd_conf.o
                0x08013c20                USBD_LL_Init
 .text.USBD_LL_Start
                0x08013cb8       0x36 ./USB_DEVICE/Target/usbd_conf.o
                0x08013cb8                USBD_LL_Start
 .text.USBD_LL_OpenEP
                0x08013cee       0x4c ./USB_DEVICE/Target/usbd_conf.o
                0x08013cee                USBD_LL_OpenEP
 .text.USBD_LL_CloseEP
                0x08013d3a       0x3e ./USB_DEVICE/Target/usbd_conf.o
                0x08013d3a                USBD_LL_CloseEP
 .text.USBD_LL_StallEP
                0x08013d78       0x3e ./USB_DEVICE/Target/usbd_conf.o
                0x08013d78                USBD_LL_StallEP
 .text.USBD_LL_ClearStallEP
                0x08013db6       0x3e ./USB_DEVICE/Target/usbd_conf.o
                0x08013db6                USBD_LL_ClearStallEP
 .text.USBD_LL_IsStallEP
                0x08013df4       0x58 ./USB_DEVICE/Target/usbd_conf.o
                0x08013df4                USBD_LL_IsStallEP
 .text.USBD_LL_SetUSBAddress
                0x08013e4c       0x3e ./USB_DEVICE/Target/usbd_conf.o
                0x08013e4c                USBD_LL_SetUSBAddress
 .text.USBD_LL_Transmit
                0x08013e8a       0x42 ./USB_DEVICE/Target/usbd_conf.o
                0x08013e8a                USBD_LL_Transmit
 .text.USBD_LL_PrepareReceive
                0x08013ecc       0x42 ./USB_DEVICE/Target/usbd_conf.o
                0x08013ecc                USBD_LL_PrepareReceive
 *fill*         0x08013f0e        0x2 
 .text.HAL_PCDEx_LPM_Callback
                0x08013f10       0x9c ./USB_DEVICE/Target/usbd_conf.o
                0x08013f10                HAL_PCDEx_LPM_Callback
 .text.USBD_static_malloc
                0x08013fac       0x1c ./USB_DEVICE/Target/usbd_conf.o
                0x08013fac                USBD_static_malloc
 .text.USBD_static_free
                0x08013fc8       0x14 ./USB_DEVICE/Target/usbd_conf.o
                0x08013fc8                USBD_static_free
 .text.USBD_Get_USB_Status
                0x08013fdc       0x58 ./USB_DEVICE/Target/usbd_conf.o
                0x08013fdc                USBD_Get_USB_Status
 .text.memset   0x08014034       0x10 /opt/st/stm32cubeide_2.0.0/plugins/com.st.stm32cube.ide.mcu.externaltools.gnu-tools-for-stm32.13.3.rel1.linux64_1.0.100.202509120712/tools/bin/../lib/gcc/arm-none-eabi/13.3.1/../../../../arm-none-eabi/lib/thumb/v7e-m+fp/hard/libc_nano.a(libc_a-memset.o)
                0x08014034                memset
 .text._reclaim_reent
                0x08014044       0xbc /opt/st/stm32cubeide_2.0.0/plugins/com.st.stm32cube.ide.mcu.externaltools.gnu-tools-for-stm32.13.3.rel1.linux64_1.0.100.202509120712/tools/bin/../lib/gcc/arm-none-eabi/13.3.1/../../../../arm-none-eabi/lib/thumb/v7e-m+fp/hard/libc_nano.a(libc_a-reent.o)
                0x08014044                _reclaim_reent
 .text.__errno  0x08014100        0xc /opt/st/stm32cubeide_2.0.0/plugins/com.st.stm32cube.ide.mcu.externaltools.gnu-tools-for-stm32.13.3.rel1.linux64_1.0.100.202509120712/tools/bin/../lib/gcc/arm-none-eabi/13.3.1/../../../../arm-none-eabi/lib/thumb/v7e-m+fp/hard/libc_nano.a(libc_a-errno.o)
                0x08014100                __errno
 .text.__libc_init_array
                0x0801410c       0x48 /opt/st/stm32cubeide_2.0.0/plugins/com.st.stm32cube.ide.mcu.externaltools.gnu-tools-for-stm32.13.3.rel1.linux64_1.0.100.202509120712/tools/bin/../lib/gcc/arm-none-eabi/13.3.1/../../../../arm-none-eabi/lib/thumb/v7e-m+fp/hard/libc_nano.a(libc_a-init.o)
                0x0801410c                __libc_init_array
 .text.__retarget_lock_acquire_recursive
                0x08014154        0x2 /opt/st/stm32cubeide_2.0.0/plugins/com.st.stm32cube.ide.mcu.externaltools.gnu-tools-for-stm32.13.3.rel1.linux64_1.0.100.202509120712/tools/bin/../lib/gcc/arm-none-eabi/13.3.1/../../../../arm-none-eabi/lib/thumb/v7e-m+fp/hard/libc_nano.a(libc_a-lock.o)
                0x08014154                __retarget_lock_acquire_recursive
 .text.__retarget_lock_release_recursive
                0x08014156        0x2 /opt/st/stm32cubeide_2.0.0/plugins/com.st.stm32cube.ide.mcu.externaltools.gnu-tools-for-stm32.13.3.rel1.linux64_1.0.100.202509120712/tools/bin/../lib/gcc/arm-none-eabi/13.3.1/../../../../arm-none-eabi/lib/thumb/v7e-m+fp/hard/libc_nano.a(libc_a-lock.o)
                0x08014156                __retarget_lock_release_recursive
 .text.memcpy   0x08014158       0x1c /opt/st/stm32cubeide_2.0.0/plugins/com.st.stm32cube.ide.mcu.externaltools.gnu-tools-for-stm32.13.3.rel1.linux64_1.0.100.202509120712/tools/bin/../lib/gcc/arm-none-eabi/13.3.1/../../../../arm-none-eabi/lib/thumb/v7e-m+fp/hard/libc_nano.a(libc_a-memcpy-stub.o)
                0x08014158                memcpy
 .text._free_r  0x08014174       0x94 /opt/st/stm32cubeide_2.0.0/plugins/com.st.stm32cube.ide.mcu.externaltools.gnu-tools-for-stm32.13.3.rel1.linux64_1.0.100.202509120712/tools/bin/../lib/gcc/arm-none-eabi/13.3.1/../../../../arm-none-eabi/lib/thumb/v7e-m+fp/hard/libc_nano.a(libc_a-freer.o)
                0x08014174                _free_r
 .text.__malloc_lock
                0x08014208        0xc /opt/st/stm32cubeide_2.0.0/plugins/com.st.stm32cube.ide.mcu.externaltools.gnu-tools-for-stm32.13.3.rel1.linux64_1.0.100.202509120712/tools/bin/../lib/gcc/arm-none-eabi/13.3.1/../../../../arm-none-eabi/lib/thumb/v7e-m+fp/hard/libc_nano.a(libc_a-mlock.o)
                0x08014208                __malloc_lock
 .text.__malloc_unlock
                0x08014214        0xc /opt/st/stm32cubeide_2.0.0/plugins/com.st.stm32cube.ide.mcu.externaltools.gnu-tools-for-stm32.13.3.rel1.linux64_1.0.100.202509120712/tools/bin/../lib/gcc/arm-none-eabi/13.3.1/../../../../arm-none-eabi/lib/thumb/v7e-m+fp/hard/libc_nano.a(libc_a-mlock.o)
                0x08014214                __malloc_unlock
 .text.expf     0x08014220       0x6c /opt/st/stm32cubeide_2.0.0/plugins/com.st.stm32cube.ide.mcu.externaltools.gnu-tools-for-stm32.13.3.rel1.linux64_1.0.100.202509120712/tools/bin/../lib/gcc/arm-none-eabi/13.3.1/../../../../arm-none-eabi/lib/thumb/v7e-m+fp/hard/libm.a(libm_a-wf_exp.o)
                0x08014220                expf
 .text.finitef  0x0801428c       0x14 /opt/st/stm32cubeide_2.0.0/plugins/com.st.stm32cube.ide.mcu.externaltools.gnu-tools-for-stm32.13.3.rel1.linux64_1.0.100.202509120712/tools/bin/../lib/gcc/arm-none-eabi/13.3.1/../../../../arm-none-eabi/lib/thumb/v7e-m+fp/hard/libm.a(libm_a-sf_finite.o)
                0x0801428c                finitef
 .text.fmaxf    0x080142a0       0x3a /opt/st/stm32cubeide_2.0.0/plugins/com.st.stm32cube.ide.mcu.externaltools.gnu-tools-for-stm32.13.3.rel1.linux64_1.0.100.202509120712/tools/bin/../lib/gcc/arm-none-eabi/13.3.1/../../../../arm-none-eabi/lib/thumb/v7e-m+fp/hard/libm.a(libm_a-sf_fmax.o)
                0x080142a0                fmaxf
 *fill*         0x080142da        0x2 
 .text.__fpclassifyf
                0x080142dc       0x38 /opt/st/stm32cubeide_2.0.0/plugins/com.st.stm32cube.ide.mcu.externaltools.gnu-tools-for-stm32.13.3.rel1.linux64_1.0.100.202509120712/tools/bin/../lib/gcc/arm-none-eabi/13.3.1/../../../../arm-none-eabi/lib/thumb/v7e-m+fp/hard/libm.a(libm_a-sf_fpclassify.o)
                0x080142dc                __fpclassifyf
 .text.__ieee754_expf
                0x08014314      0x19c /opt/st/stm32cubeide_2.0.0/plugins/com.st.stm32cube.ide.mcu.externaltools.gnu-tools-for-stm32.13.3.rel1.linux64_1.0.100.202509120712/tools/bin/../lib/gcc/arm-none-eabi/13.3.1/../../../../arm-none-eabi/lib/thumb/v7e-m+fp/hard/libm.a(libm_a-ef_exp.o)
                0x08014314                __ieee754_expf
 .text.with_errnof
                0x080144b0       0x1c /opt/st/stm32cubeide_2.0.0/plugins/com.st.stm32cube.ide.mcu.externaltools.gnu-tools-for-stm32.13.3.rel1.linux64_1.0.100.202509120712/tools/bin/../lib/gcc/arm-none-eabi/13.3.1/../../../../arm-none-eabi/lib/thumb/v7e-m+fp/hard/libm.a(libm_a-math_errf.o)
 .text.xflowf   0x080144cc       0x16 /opt/st/stm32cubeide_2.0.0/plugins/com.st.stm32cube.ide.mcu.externaltools.gnu-tools-for-stm32.13.3.rel1.linux64_1.0.100.202509120712/tools/bin/../lib/gcc/arm-none-eabi/13.3.1/../../../../arm-none-eabi/lib/thumb/v7e-m+fp/hard/libm.a(libm_a-math_errf.o)
 *fill*         0x080144e2        0x2 
 .text.__math_uflowf
                0x080144e4        0xc /opt/st/stm32cubeide_2.0.0/plugins/com.st.stm32cube.ide.mcu.externaltools.gnu-tools-for-stm32.13.3.rel1.linux64_1.0.100.202509120712/tools/bin/../lib/gcc/arm-none-eabi/13.3.1/../../../../arm-none-eabi/lib/thumb/v7e-m+fp/hard/libm.a(libm_a-math_errf.o)
                0x080144e4                __math_uflowf
 .text.__math_oflowf
                0x080144f0        0xc /opt/st/stm32cubeide_2.0.0/plugins/com.st.stm32cube.ide.mcu.externaltools.gnu-tools-for-stm32.13.3.rel1.linux64_1.0.100.202509120712/tools/bin/../lib/gcc/arm-none-eabi/13.3.1/../../../../arm-none-eabi/lib/thumb/v7e-m+fp/hard/libm.a(libm_a-math_errf.o)
                0x080144f0                __math_oflowf
 *(.glue_7)
 .glue_7        0x080144fc        0x0 linker stubs
 *(.glue_7t)
 .glue_7t       0x080144fc        0x0 linker stubs
 *(.eh_frame)
 .eh_frame      0x080144fc        0x0 /opt/st/stm32cubeide_2.0.0/plugins/com.st.stm32cube.ide.mcu.externaltools.gnu-tools-for-stm32.13.3.rel1.linux64_1.0.100.202509120712/tools/bin/../lib/gcc/arm-none-eabi/13.3.1/thumb/v7e-m+fp/hard/crtbegin.o
 *(.init)
 .init          0x080144fc        0x4 /opt/st/stm32cubeide_2.0.0/plugins/com.st.stm32cube.ide.mcu.externaltools.gnu-tools-for-stm32.13.3.rel1.linux64_1.0.100.202509120712/tools/bin/../lib/gcc/arm-none-eabi/13.3.1/thumb/v7e-m+fp/hard/crti.o
                0x080144fc                _init
 .init          0x08014500        0x8 /opt/st/stm32cubeide_2.0.0/plugins/com.st.stm32cube.ide.mcu.externaltools.gnu-tools-for-stm32.13.3.rel1.linux64_1.0.100.202509120712/tools/bin/../lib/gcc/arm-none-eabi/13.3.1/thumb/v7e-m+fp/hard/crtn.o
 *(.fini)
 .fini          0x08014508        0x4 /opt/st/stm32cubeide_2.0.0/plugins/com.st.stm32cube.ide.mcu.externaltools.gnu-tools-for-stm32.13.3.rel1.linux64_1.0.100.202509120712/tools/bin/../lib/gcc/arm-none-eabi/13.3.1/thumb/v7e-m+fp/hard/crti.o
                0x08014508                _fini
 .fini          0x0801450c        0x8 /opt/st/stm32cubeide_2.0.0/plugins/com.st.stm32cube.ide.mcu.externaltools.gnu-tools-for-stm32.13.3.rel1.linux64_1.0.100.202509120712/tools/bin/../lib/gcc/arm-none-eabi/13.3.1/thumb/v7e-m+fp/hard/crtn.o
                0x08014514                        . = ALIGN (0x4)
                0x08014514                        _etext = .

.vfp11_veneer   0x08014514        0x0
 .vfp11_veneer  0x08014514        0x0 linker stubs

.v4_bx          0x08014514        0x0
 .v4_bx         0x08014514        0x0 linker stubs

.iplt           0x08014514        0x0
 .iplt          0x08014514        0x0 /opt/st/stm32cubeide_2.0.0/plugins/com.st.stm32cube.ide.mcu.externaltools.gnu-tools-for-stm32.13.3.rel1.linux64_1.0.100.202509120712/tools/bin/../lib/gcc/arm-none-eabi/13.3.1/thumb/v7e-m+fp/hard/crtbegin.o

.rodata         0x08014514      0x80c
                0x08014514                        . = ALIGN (0x4)
 *(.rodata)
 .rodata        0x08014514      0x26c ./Core/Src/main.o
 .rodata        0x08014780        0x5 ./Middlewares/Third_Party/FreeRTOS/Source/tasks.o
 *fill*         0x08014785        0x3 
 .rodata        0x08014788       0x5d ./USB_DEVICE/App/usbd_desc.o
 *(.rodata*)
 *fill*         0x080147e5        0x3 
 .rodata.font1  0x080147e8      0x500 ./Core/Src/MY_ILI9341.o
 .rodata.AHBPrescTable
                0x08014ce8       0x10 ./Core/Src/system_stm32f4xx.o
                0x08014ce8                AHBPrescTable
 .rodata.APBPrescTable
                0x08014cf8        0x8 ./Core/Src/system_stm32f4xx.o
                0x08014cf8                APBPrescTable
 .rodata.flagBitshiftOffset.0
                0x08014d00        0x8 ./Drivers/STM32F4xx_HAL_Driver/Src/stm32f4xx_hal_dma.o
 .rodata.ln2LO  0x08014d08        0x8 /opt/st/stm32cubeide_2.0.0/plugins/com.st.stm32cube.ide.mcu.externaltools.gnu-tools-for-stm32.13.3.rel1.linux64_1.0.100.202509120712/tools/bin/../lib/gcc/arm-none-eabi/13.3.1/../../../../arm-none-eabi/lib/thumb/v7e-m+fp/hard/libm.a(libm_a-ef_exp.o)
 .rodata.ln2HI  0x08014d10        0x8 /opt/st/stm32cubeide_2.0.0/plugins/com.st.stm32cube.ide.mcu.externaltools.gnu-tools-for-stm32.13.3.rel1.linux64_1.0.100.202509120712/tools/bin/../lib/gcc/arm-none-eabi/13.3.1/../../../../arm-none-eabi/lib/thumb/v7e-m+fp/hard/libm.a(libm_a-ef_exp.o)
 .rodata.halF   0x08014d18        0x8 /opt/st/stm32cubeide_2.0.0/plugins/com.st.stm32cube.ide.mcu.externaltools.gnu-tools-for-stm32.13.3.rel1.linux64_1.0.100.202509120712/tools/bin/../lib/gcc/arm-none-eabi/13.3.1/../../../../arm-none-eabi/lib/thumb/v7e-m+fp/hard/libm.a(libm_a-ef_exp.o)
                0x08014d20                        . = ALIGN (0x4)

.ARM.extab      0x08014d20        0x0
                0x08014d20                        . = ALIGN (0x4)
 *(.ARM.extab* .gnu.linkonce.armextab.*)
                0x08014d20                        . = ALIGN (0x4)

.ARM            0x08014d20        0x8
                0x08014d20                        . = ALIGN (0x4)
                0x08014d20                        __exidx_start = .
 *(.ARM.exidx*)
 .ARM.exidx     0x08014d20        0x8 /opt/st/stm32cubeide_2.0.0/plugins/com.st.stm32cube.ide.mcu.externaltools.gnu-tools-for-stm32.13.3.rel1.linux64_1.0.100.202509120712/tools/bin/../lib/gcc/arm-none-eabi/13.3.1/thumb/v7e-m+fp/hard/libgcc.a(_udivmoddi4.o)
                0x08014d28                        __exidx_end = .
                0x08014d28                        . = ALIGN (0x4)

.preinit_array  0x08014d28        0x0
                0x08014d28                        . = ALIGN (0x4)
                0x08014d28                        PROVIDE (__preinit_array_start = .)
 *(.preinit_array*)