/opt/st/stm32cubeide_2.0.0/plugins/com.st.stm32cube.ide.mcu.externaltools.gnu-tools-for-stm32.13.3.rel1.linux64_1.0.100.202509120712/tools/arm-none-eabi/include/math.h:394:14:powf	24	static
../Core/Src/Adafruit_TCS34725.c:60:10:Adafruit_TCS34725_write8	24	static
../Core/Src/Adafruit_TCS34725.c:79:9:Adafruit_TCS34725_read8	24	static
../Core/Src/Adafruit_TCS34725.c:106:10:Adafruit_TCS34725_read16	24	static
../Core/Src/Adafruit_TCS34725.c:133:6:Adafruit_TCS34725_enable	8	static
../Core/Src/Adafruit_TCS34725.c:151:6:Adafruit_TCS34725_disable	16	static
../Core/Src/Adafruit_TCS34725.c:166:6:Adafruit_TCS34725	16	static
../Core/Src/Adafruit_TCS34725.c:181:6:Adafruit_TCS34725_begin	8	static
../Core/Src/Adafruit_TCS34725.c:190:6:Adafruit_TCS34725_init	16	static
../Core/Src/Adafruit_TCS34725.c:215:6:Adafruit_TCS34725_setIntegrationTime	16	static
../Core/Src/Adafruit_TCS34725.c:232:6:Adafruit_TCS34725_setGain	16	static
../Core/Src/Adafruit_TCS34725.c:255:6:Adafruit_TCS34725_getRawData	24	static
../Core/Src/Adafruit_TCS34725.c:284:6:Adafruit_TCS34725_getRawDataOneShot	24	static
../Core/Src/Adafruit_TCS34725.c:304:6:Adafruit_TCS34725_getRGB	40	static
../Core/Src/Adafruit_TCS34725.c:332:10:Adafruit_TCS34725_calculateColorTemperature	56	static
../Core/Src/Adafruit_TCS34725.c:381:10:Adafruit_TCS34725_calculateColorTemperature_dn40	32	static
../Core/Src/Adafruit_TCS34725.c:478:10:Adafruit_TCS34725_calculateLux	24	static
../Core/Src/Adafruit_TCS34725.c:494:6:Adafruit_TCS34725_setInterrupt	24	static
../Core/Src/Adafruit_TCS34725.c:510:10:Adafruit_TCS34725_clearInterrupt	16	static
../Core/Src/Adafruit_TCS34725.c:531:6:Adafruit_TCS34725_setIntLimits	16	static
