../Core/Inc/SD_SPI_BSP_F4xx.h:54:20:SD_BSP_SPI_transmitReceive_DMA_finish	8	static
../Core/Inc/SD_SPI_BSP_F4xx.h:59:20:SD_BSP_SPI_transmitReceive_DMA_waitReady	8	static
../Core/Src/main.c:263:6:T_LDR	104	static
../Core/Src/main.c:322:6:T_SD	40	static
../Core/Src/main.c:404:6:T_ILI9341	40	static
../Core/Src/main.c:734:6:T_MdE	48	static
../Core/Src/main.c:1106:6:T_detectar_pulsador	16	static
../Core/Src/main.c:1391:6:MENU_desplazamiento_print	40	static
../Core/Src/main.c:1460:6:MENU_desplazamiento_erase	32	static
../Core/Src/main.c:1526:16:MENU_posicionamiento	32	static
../Core/Src/main.c:1682:16:ESPECTRO_posicionamiento	32	static
../Core/Src/main.c:1751:6:ESPECTRO_desplazamiento_erase	32	static
../Core/Src/main.c:1783:6:ESPECTRO_desplazamiento_print	40	static
../Core/Src/main.c:1826:7:gauss	32	static
../Core/Src/main.c:1833:7:intensity_from_wavelength	40	static
../Core/Src/main.c:1848:6:ESPECTRO_algoritmoIntensidadEspectro	72	static
../Core/Src/main.c:1898:6:ESPECTRO_cargarEspectroColor	64	static
../Core/Src/main.c:1943:16:OPCIONES_posicionamiento	32	static
../Core/Src/main.c:2027:6:OPCIONES_desplazamiento_print	48	static
../Core/Src/main.c:2053:6:OPCIONES_desplazamiento_erase	40	static
../Core/Src/main.c:2076:6:speed_up_SPI	8	static
../Core/Src/main.c:2094:8:USB_task	24	static
../Core/Src/main.c:2139:6:HAL_SPI_TxCpltCallback	24	static,ignoring_inline_asm
../Core/Src/main.c:2153:6:HAL_SPI_TxRxCpltCallback	24	static,ignoring_inline_asm
../Core/Src/main.c:2173:5:main	56	static
../Core/Src/main.c:2336:6:SystemClock_Config	88	static
../Core/Src/main.c:2383:13:MX_ADC1_Init	24	static
../Core/Src/main.c:2435:13:MX_I2C3_Init	8	static
../Core/Src/main.c:2469:13:MX_SPI1_Init	8	static
../Core/Src/main.c:2507:13:MX_SPI2_Init	8	static
../Core/Src/main.c:2545:13:MX_TIM2_Init	32	static
../Core/Src/main.c:2590:13:MX_TIM3_Init	64	static
../Core/Src/main.c:2647:13:MX_DMA_Init	16	static
../Core/Src/main.c:2672:13:MX_GPIO_Init	48	static
../Core/Src/main.c:2749:6:StartDefaultTask	16	static
../Core/Src/main.c:2770:6:HAL_TIM_PeriodElapsedCallback	16	static
../Core/Src/main.c:2788:6:Error_Handler	4	static,ignoring_inline_asm
