../Core/Inc/ILI9341_BSP_F4xx.h:33:20:ILI9341_BSP_init	16	static
../Core/Inc/ILI9341_BSP_F4xx.h:46:20:ILI9341_BSP_deselect_CS	8	static
../Core/Inc/ILI9341_BSP_F4xx.h:50:20:ILI9341_BSP_select_CS	8	static
../Core/Inc/ILI9341_BSP_F4xx.h:54:20:ILI9341_BSP_DCset_commandMode	8	static
../Core/Inc/ILI9341_BSP_F4xx.h:59:20:ILI9341_BSP_DCset_dataMode	8	static
../Core/Inc/ILI9341_BSP_F4xx.h:64:20:ILI9341_BSP_SPI_transmit	16	static
../Core/Inc/ILI9341_BSP_F4xx.h:68:20:ILI9341_BSP_ms_delay	16	static
../Core/Inc/ILI9341_BSP_F4xx.h:73:20:ILI9341_BSP_reset	8	static
../Core/Inc/ILI9341_BSP_F4xx.h:78:20:ILI9341_BSP_SPI_transmit_DMA_start	16	static
../Core/Inc/ILI9341_BSP_F4xx.h:82:20:ILI9341_BSP_SPI_transmit_DMA_finish	8	static
../Core/Inc/ILI9341_BSP_F4xx.h:87:20:ILI9341_BSP_SPI_transmit_DMA_waitReady	8	static
../Core/Src/MY_ILI9341.c:299:6:ILI9341_SendCommand	24	static
../Core/Src/MY_ILI9341.c:309:6:ILI9341_SendCommand_uint16	24	static
../Core/Src/MY_ILI9341.c:324:6:ILI9341_SendData	24	static
../Core/Src/MY_ILI9341.c:334:6:ILI9341_SendData_uint16	24	static
../Core/Src/MY_ILI9341.c:348:6:ILI9341_SendData_Multi	16	static
../Core/Src/MY_ILI9341.c:363:6:ILI9341_SendData_Multi_uint16	16	static
../Core/Src/MY_ILI9341.c:377:6:ILI9341_SetCursorPosition	24	static
../Core/Src/MY_ILI9341.c:393:6:ILI9341_SetCursorPosition_uint16	24	static
../Core/Src/MY_ILI9341.c:405:6:ILI9341_Init	24	static
../Core/Src/MY_ILI9341.c:567:6:ILI9341_DrawPixel	16	static
../Core/Src/MY_ILI9341.c:574:6:ILI9341_DrawPixel_uint16	16	static
../Core/Src/MY_ILI9341.c:581:6:ILI9341_Fill	24	static
../Core/Src/MY_ILI9341.c:605:6:ILI9341_Fill_DMA	48	static
../Core/Src/MY_ILI9341.c:628:6:ILI9341_Fill_uint16	24	static
../Core/Src/MY_ILI9341.c:649:6:ILI9341_Fill_Rect	32	static
../Core/Src/MY_ILI9341.c:661:6:ILI9341_Fill_Rect_uint16	32	static
../Core/Src/MY_ILI9341.c:673:6:ILI9341_drawCircle	40	static
../Core/Src/MY_ILI9341.c:706:6:drawCircleHelper	40	static
../Core/Src/MY_ILI9341.c:741:6:fillCircleHelper	40	static
../Core/Src/MY_ILI9341.c:769:6:ILI9341_fillCircle	32	static
../Core/Src/MY_ILI9341.c:776:6:ILI9341_drawLine	48	static
../Core/Src/MY_ILI9341.c:816:6:ILI9341_drawFastHLine	32	static
../Core/Src/MY_ILI9341.c:821:6:ILI9341_drawFastVLine	32	static
../Core/Src/MY_ILI9341.c:826:6:ILI9341_drawTriangle	32	static
../Core/Src/MY_ILI9341.c:832:6:ILI9341_fillTriangle	64	static
../Core/Src/MY_ILI9341.c:902:6:ILI9341_drawChar	40	static
../Core/Src/MY_ILI9341.c:949:6:ILI9341_drawChar_uint16	40	static
../Core/Src/MY_ILI9341.c:1002:6:ILI9341_printText	48	static
../Core/Src/MY_ILI9341.c:1012:6:ILI9341_printText_uint16	48	static
../Core/Src/MY_ILI9341.c:1023:6:ILI9341_printImage	32	static
../Core/Src/MY_ILI9341.c:1036:6:ILI9341_printImage_uint16	32	static
../Core/Src/MY_ILI9341.c:1092:6:ILI9341_setRotation	16	static
../Core/Src/MY_ILI9341.c:1124:6:ILI9341_setRotation_uint16	16	static
../Core/Src/MY_ILI9341.c:1156:9:ILI9341_getRotation	4	static
../Core/Src/MY_ILI9341.c:1161:6:ILI9341_inversion_on	8	static
../Core/Src/MY_ILI9341.c:1165:6:ILI9341_inversion_off	8	static
../Core/Src/MY_ILI9341.c:1170:6:ILI9341_adjust_display_brightness	16	static
../Core/Src/MY_ILI9341.c:1177:6:ILI9341_control_display	24	static
../Core/Src/MY_ILI9341.c:1193:6:ILI9341_printImageSector_512bytes	24	static
../Core/Src/MY_ILI9341.c:1210:6:ILI9341_printImageSector_512bytes_DMA_start_finish	24	static
../Core/Src/MY_ILI9341.c:1228:6:ILI9341_printImageSector_512bytes_DMA_start	24	static
../Core/Src/MY_ILI9341.c:1242:6:ILI9341_printImageSector_512bytes_DMA_finish	8	static
../Core/Src/MY_ILI9341.c:1260:6:ILI9341_Class_Init	16	static
