../Core/Inc/SD_SPI_BSP_F4xx.h:30:20:SD_BSP_SPI_transmit	16	static
../Core/Inc/SD_SPI_BSP_F4xx.h:34:20:SD_BSP_SPI_transmitReceive	32	static
../Core/Inc/SD_SPI_BSP_F4xx.h:38:24:SD_BSP_ms_GetTick	8	static
../Core/Inc/SD_SPI_BSP_F4xx.h:42:20:SD_BSP_ms_delay	16	static
../Core/Inc/SD_SPI_BSP_F4xx.h:46:20:SD_BSP_SPI_transmitReceive_DMA_start	24	static
../Core/Inc/SD_SPI_BSP_F4xx.h:54:20:SD_BSP_SPI_transmitReceive_DMA_finish	8	static
../Core/Src/SD_SPI.c:25:6:sd_send_dummy	24	static
../Core/Src/SD_SPI.c:36:9:sd_send_command	40	static
../Core/Src/SD_SPI.c:116:6:sd_wait_ready	16	static
../Core/Src/SD_SPI.c:136:6:sd_init	40	static
../Core/Src/SD_SPI.c:237:6:sd_read_block	56	static
../Core/Src/SD_SPI.c:321:6:sd_read_block_DMA	56	static
../Core/Src/SD_SPI.c:377:6:sd_write_block	56	static
