../Core/Inc/twi_F4xx.h:56:17:millis	8	static
../Core/Inc/twi_F4xx.h:60:13:delay	16	static
../Core/Inc/twi_F4xx.h:107:20:twi_init	4	static
../Core/Inc/twi_F4xx.h:143:20:twi_disable	4	static
../Core/Inc/twi_F4xx.h:163:20:twi_setAddress	16	static
../Core/Inc/twi_F4xx.h:171:23:twi_transmit	24	static
../Core/Inc/twi_F4xx.h:213:23:twi_writeTo	32	static
../Core/Inc/twi_F4xx.h:330:23:twi_readFrom	32	static
../Core/Inc/twi_F4xx.h:431:20:twi_attachSlaveRxEvent	16	static
../Core/Inc/twi_F4xx.h:442:20:twi_attachSlaveTxEvent	16	static
../Core/Src/Wire.c:36:6:Wire_begin	8	static
../Core/Src/Wire.c:50:6:Wire_beginAddress	16	static
../Core/Src/Wire.c:56:6:Wire_end	8	static
../Core/Src/Wire.c:61:6:Wire_setClock	16	static
../Core/Src/Wire.c:93:9:Wire_requestFromEx	24	static
../Core/Src/Wire.c:127:9:Wire_requestFrom	24	static
../Core/Src/Wire.c:133:6:Wire_beginTransmission	16	static
../Core/Src/Wire.c:142:9:Wire_endTransmission	32	static
../Core/Src/Wire.c:152:9:Wire_endTransmissionDefault	8	static
../Core/Src/Wire.c:158:8:Wire_writeByte	16	static
../Core/Src/Wire.c:178:8:Wire_write	24	static
../Core/Src/Wire.c:201:5:Wire_available	4	static
../Core/Src/Wire.c:206:5:Wire_read	16	static
../Core/Src/Wire.c:216:5:Wire_peek	16	static
../Core/Src/Wire.c:226:6:Wire_flush	4	static
../Core/Src/Wire.c:233:6:Wire_onReceive	16	static
../Core/Src/Wire.c:238:6:Wire_onRequest	16	static
../Core/Src/Wire.c:244:13:Wire_onReceiveService	16	static
../Core/Src/Wire.c:272:13:Wire_onRequestService	8	static
